Archive member included because of file (symbol)

../nxtOSEK/ecrobot/../ecrobot/libecrobot.a(ecrobot_HiTechnic.o)
                              build/UI.o (ecrobot_get_gyro_sensor)
../nxtOSEK/ecrobot/../ecrobot/libecrobot.a(ecrobot_interface.o)
                              build/LightSensor.o (ecrobot_set_light_sensor_active)
../nxtOSEK/ecrobot/../ecrobot/libecrobot.a(colorsensor.o)
                              ../nxtOSEK/ecrobot/../ecrobot/libecrobot.a(ecrobot_interface.o) (colorsensor_init)
../nxtOSEK/ecrobot/../ecrobot/libecrobot.a(osek_hook.o)
                              build/kernel/osctl.o (StartupHook)
../nxtOSEK/ecrobot/../ecrobot/libecrobot.a(uart.oram)
                              build/config/at91sam7s-gnu/irq.oram (uart_isr_C_0)
../nxtOSEK/ecrobot/../ecrobot/libecrobot.a(systick.oram)
                              build/syslib/at91sam7s-gnu/lego_nxt/hw_sys_timer.oram (systick_low_priority_C)
../nxtOSEK/ecrobot/../ecrobot/libecrobot.a(byte_fifo.oram)
                              ../nxtOSEK/ecrobot/../ecrobot/libecrobot.a(uart.oram) (byte_fifo_put)
../nxtOSEK/ecrobot/../ecrobot/libecrobot.a(aic.oram)
                              ../nxtOSEK/ecrobot/../ecrobot/libecrobot.a(uart.oram) (aic_set_vector)
../nxtOSEK/ecrobot/../ecrobot/libecrobot.a(udp.oram)
                              build/config/at91sam7s-gnu/irq.oram (udp_isr_C)
../nxtOSEK/ecrobot/../ecrobot/libecrobot.a(twi.oram)
                              build/config/at91sam7s-gnu/irq.oram (twi_isr_C)
../nxtOSEK/ecrobot/../ecrobot/libecrobot.a(nxt_spi.oram)
                              build/config/at91sam7s-gnu/irq.oram (spi_isr_C)
../nxtOSEK/ecrobot/../ecrobot/libecrobot.a(nxt_motors.oram)
                              build/Motor.o (nxt_motor_get_count)
../nxtOSEK/ecrobot/../ecrobot/libecrobot.a(data_abort.oram)
                              build/ecrobot_init.o (data_abort_C)
../nxtOSEK/ecrobot/../ecrobot/libecrobot.a(display.oram)
                              build/ecrobot_base.o (display_update)
../nxtOSEK/ecrobot/../ecrobot/libecrobot.a(i2c.oram)
                              build/config/at91sam7s-gnu/irq.oram (i2c_timer_isr_C)
../nxtOSEK/ecrobot/../ecrobot/libecrobot.a(sound.oram)
                              ../nxtOSEK/ecrobot/../ecrobot/libecrobot.a(ecrobot_interface.o) (sound_get_time)
../nxtOSEK/ecrobot/../ecrobot/libecrobot.a(bt.oram)
                              build/ecrobot_bluetooth.o (bt_send)
../nxtOSEK/ecrobot/../ecrobot/libecrobot.a(nxt_avr.oram)
                              build/ecrobot_base.o (nxt_avr_power_down)
../nxtOSEK/ecrobot/../ecrobot/libecrobot.a(sensors.oram)
                              ../nxtOSEK/ecrobot/../ecrobot/libecrobot.a(ecrobot_interface.o) (unset_digi0)
../nxtOSEK/ecrobot/../ecrobot/libecrobot.a(sensors1.oram)
                              ../nxtOSEK/ecrobot/../ecrobot/libecrobot.a(colorsensor.o) (sensor_pins)
../nxtOSEK/ecrobot/../ecrobot/libecrobot.a(nxt_lcd.oram)
                              ../nxtOSEK/ecrobot/../ecrobot/libecrobot.a(display.oram) (nxt_lcd_force_update)
../nxtOSEK/ecrobot/../ecrobot/libecrobot.a(flash_loader.oram)
                              build/ecrobot.o (set_flash_request)
../nxtOSEK/ecrobot/../ecrobot/libecrobot.a(interrupts.oram)
                              ../nxtOSEK/ecrobot/../ecrobot/libecrobot.a(uart.oram) (interrupts_get_and_disable)
../nxtOSEK/ecrobot/../ecrobot/libecrobot.a(nxtosek_splash.obmp)
                              build/ecrobot_base.o (nxtosek_splash_bmp_start)
../nxtOSEK/ecrobot/../ecrobot/libecrobot.a(ecrobot_usb.o)
                              ../nxtOSEK/ecrobot/../ecrobot/libecrobot.a(flash_loader.oram) (ecrobot_init_usb)
../nxtOSEK/ecrobot/../ecrobot/libecrobot.a(flashprog.oram)
                              ../nxtOSEK/ecrobot/../ecrobot/libecrobot.a(flash_loader.oram) (flash_write_page)
../nxtOSEK/ecrobot/../ecrobot/libnxtway_gs_balancer.a(balancer.o)
                              build/BalanceRunner.o (balance_control)
/cygdrive/C/cygwin/GNUARM/bin/../lib/gcc/arm-elf/4.0.2/thumb/interwork/libgcc.a(_udivsi3.o)
                              build/ecrobot_base.o (__udivsi3)
/cygdrive/C/cygwin/GNUARM/bin/../lib/gcc/arm-elf/4.0.2/thumb/interwork/libgcc.a(_divsi3.o)
                              build/LookUpGate.o (__divsi3)
/cygdrive/C/cygwin/GNUARM/bin/../lib/gcc/arm-elf/4.0.2/thumb/interwork/libgcc.a(_umodsi3.o)
                              ../nxtOSEK/ecrobot/../ecrobot/libecrobot.a(display.oram) (__umodsi3)
/cygdrive/C/cygwin/GNUARM/bin/../lib/gcc/arm-elf/4.0.2/thumb/interwork/libgcc.a(_modsi3.o)
                              build/LookUpRunner.o (__modsi3)
/cygdrive/C/cygwin/GNUARM/bin/../lib/gcc/arm-elf/4.0.2/thumb/interwork/libgcc.a(_dvmd_tls.o)
                              /cygdrive/C/cygwin/GNUARM/bin/../lib/gcc/arm-elf/4.0.2/thumb/interwork/libgcc.a(_udivsi3.o) (__div0)
/cygdrive/C/cygwin/GNUARM/bin/../lib/gcc/arm-elf/4.0.2/thumb/interwork/libgcc.a(_addsubdf3.o)
                              build/Maimai.o (__subdf3)
[...]
Memory Configuration

Name             Origin             Length             Attributes
vector_ram       0x00200000         0x00000040
ram              0x00200040         0x0000ffc0
*default*        0x00000000         0xffffffff

Linker script and memory map

LOAD build/kernel/alarm.o
LOAD build/kernel/event.o
LOAD build/kernel/interrupt.o
LOAD build/kernel/osctl.o
LOAD build/kernel/resource.o
LOAD build/kernel/task.o
LOAD build/kernel/task_manage.o
LOAD build/config/at91sam7s-gnu/cpu_config.o
LOAD build/config/at91sam7s-gnu/lego_nxt/sys_config.o
LOAD build/./kernel_cfg.o
LOAD build/syscalls.o
LOAD build/ecrobot_bluetooth.o
LOAD build/ecrobot_base.o
LOAD build/ecrobot.o
LOAD build/balancer_param.o
LOAD build/LineTracer.o
LOAD build/UI.o
LOAD build/ColorJudgement.o
LOAD build/BalanceRunner.o
LOAD build/TouchSensor.o
LOAD build/GyroSensor.o
LOAD build/LightSensor.o
LOAD build/Motor.o
LOAD build/model_impl.o
LOAD build/GarageIn.o
LOAD build/Basic.o
LOAD build/SeeSaw.o
LOAD build/LineReturn.o
LOAD build/SonarSensor.o
LOAD build/LookUpGate.o
LOAD build/LookUpRunner.o
LOAD build/Maimai.o
LOAD build/TailRunner.o
LOAD build/DistMeasure.o
LOAD build/GrayDetector.o
LOAD build/syslib/at91sam7s-gnu/lego_nxt/hw_sys_timer.oram
LOAD build/nxtvm/platform/nxt/vectors.o
LOAD build/config/at91sam7s-gnu/debug.o
LOAD build/config/at91sam7s-gnu/lego_nxt/sys_support.o
LOAD build/nxt_binary_header.o
LOAD build/nxt_entry_point.o
LOAD build/ecrobot_init.o
LOAD build/config/at91sam7s-gnu/cpu_support.oram
LOAD build/config/at91sam7s-gnu/irq.oram
LOAD ../nxtOSEK/ecrobot/../c++/liblejososek.a
LOAD ../nxtOSEK/ecrobot/../ecrobot/libecrobot.a
LOAD ../nxtOSEK/ecrobot/../ecrobot/libnxtway_gs_balancer.a
LOAD /cygdrive/C/cygwin/GNUARM/bin/../lib/gcc/arm-elf/4.0.2/../../../../arm-elf/lib/thumb/interwork/libstdc++.a
LOAD /cygdrive/C/cygwin/GNUARM/bin/../lib/gcc/arm-elf/4.0.2/../../../../arm-elf/lib/thumb/interwork/libm.a
LOAD /cygdrive/C/cygwin/GNUARM/bin/../lib/gcc/arm-elf/4.0.2/thumb/interwork/libgcc.a
LOAD /cygdrive/C/cygwin/GNUARM/bin/../lib/gcc/arm-elf/4.0.2/../../../../arm-elf/lib/thumb/interwork/libc.a
LOAD /cygdrive/C/cygwin/GNUARM/bin/../lib/gcc/arm-elf/4.0.2/thumb/interwork/libgcc.a
                0x00200000                RAM_BASE = 0x200000
                0x00010000                RAM_SIZE = 0x10000

.samba_reserved
                0x00200040     0x1fc0
                0x00202000                . = 0x1fc0
 *fill*         0x00200040     0x1fc0 00
                0x00200040                __samba_ram_start__ = ADDR (.samba_reserved)
                0x00202000                __samba_ram_end__ = (__samba_ram_start__ + SIZEOF (.samba_reserved))

.vectors        0x00200000       0x40 load address 0x00202000
 vectors.o(*.text *.text.*)
 .text          0x00200000       0x38 build/nxtvm/platform/nxt/vectors.o
                0x00200040                . = ALIGN (0x10)
 *fill*         0x00200038        0x8 00
                0x00200000                __vectors_ram_start__ = ADDR (.vectors)
                0x00200040                __vectors_ram_end__ = (ADDR (.vectors) + SIZEOF (.vectors))
                0x00202000                __vectors_load_start__ = LOADADDR (.vectors)
                0x00202040                __vectors_load_end__ = (LOADADDR (.vectors) + SIZEOF (.vectors))

.init           0x00202040      0x280
 *ecrobot_init.o(*.text *.text.*)
 .text          0x00202040      0x280 build/ecrobot_init.o
                0x002021ac                undef_handler
                0x002021b4                prefetch_abort_handler
                0x002021b8                data_abort_handler
                0x002021b0                swi_handler
                0x00202040                start
                0x002021d4                reserved_handler
                0x002022c0                . = ALIGN (0x10)

.ram_text       0x002022c0     0x3810
                0x002022c0                . = ALIGN (0x10)
 *.oram(*.text *.text.* *.glue*)
 .text.systick_isr_C1
                0x002022c0       0x28 build/syslib/at91sam7s-gnu/lego_nxt/hw_sys_timer.oram
                0x002022c0                systick_isr_C1
 *fill*         0x002022e8        0x8 00
 .text          0x002022f0      0x230 build/config/at91sam7s-gnu/cpu_support.oram
                0x002024d0                enable_int
                0x00202370                start_dispatch
                0x00202330                activate_r
                0x002024c8                disable_int
                0x002022f0                dispatch
                0x0020249c                int_return
                0x0020242c                _interrupt
                0x00202360                exit_and_dispatch
                0x002024d8                nop
 .text          0x00202520      0x2c0 build/config/at91sam7s-gnu/irq.oram
                0x00202520                default_isr
                0x002026ac                uart_isr_entry_0
                0x0020262c                twi_isr_entry
                0x002026ec                uart_isr_entry_1
                0x002025ec                spi_isr_entry
                0x0020256c                systick_low_priority_entry
                0x0020272c                nxt_motor_isr_entry
                0x0020276c                i2c_timer_isr_entry
                0x00202520                default_fiq
                0x00202524                systick_isr_entry
                0x00202520                spurious_isr
                0x0020266c                sound_isr_entry
                0x002025ac                udp_isr_entry
 .text.uart_process_isr
                0x002027e0       0x88 ../nxtOSEK/ecrobot/../ecrobot/libecrobot.a(uart.oram)
 .text.uart_isr_C_0
                0x00202868        0xc ../nxtOSEK/ecrobot/../ecrobot/libecrobot.a(uart.oram)
                0x00202868                uart_isr_C_0
 .text.uart_isr_C_1
                0x00202874        0xc ../nxtOSEK/ecrobot/../ecrobot/libecrobot.a(uart.oram)
                0x00202874                uart_isr_C_1
 .text.systick_low_priority_C
                0x00202880       0x1c ../nxtOSEK/ecrobot/../ecrobot/libecrobot.a(systick.oram)
                0x00202880                systick_low_priority_C
 .text.systick_isr_C
                0x0020289c       0x24 ../nxtOSEK/ecrobot/../ecrobot/libecrobot.a(systick.oram)
                0x0020289c                systick_isr_C
 .text.systick_get_ms
                0x002028c0        0xc ../nxtOSEK/ecrobot/../ecrobot/libecrobot.a(systick.oram)
                0x002028c0                systick_get_ms
 .text.systick_wait_ms
                0x002028cc       0x1c ../nxtOSEK/ecrobot/../ecrobot/libecrobot.a(systick.oram)
                0x002028cc                systick_wait_ms
 .text.systick_wait_ns
                0x002028e8       0x1c ../nxtOSEK/ecrobot/../ecrobot/libecrobot.a(systick.oram)
                0x002028e8                systick_wait_ns
 .text.systick_init
                0x00202904       0x58 ../nxtOSEK/ecrobot/../ecrobot/libecrobot.a(systick.oram)
                0x00202904                systick_init
 .text.systick_suspend
                0x0020295c        0xc ../nxtOSEK/ecrobot/../ecrobot/libecrobot.a(systick.oram)
                0x0020295c                systick_suspend
 .text.systick_resume
                0x00202968        0xc ../nxtOSEK/ecrobot/../ecrobot/libecrobot.a(systick.oram)
                0x00202968                systick_resume
 .text.byte_fifo_put
                0x00202974       0x58 ../nxtOSEK/ecrobot/../ecrobot/libecrobot.a(byte_fifo.oram)
                0x00202974                byte_fifo_put
 .text.byte_fifo_get
                0x002029cc       0x2c ../nxtOSEK/ecrobot/../ecrobot/libecrobot.a(byte_fifo.oram)
                0x002029cc                byte_fifo_get
 .text.aic_initialise
                0x002029f8       0x5c ../nxtOSEK/ecrobot/../ecrobot/libecrobot.a(aic.oram)
                0x002029f8                aic_initialise
 .text.aic_set_vector
                0x00202a54       0x30 ../nxtOSEK/ecrobot/../ecrobot/libecrobot.a(aic.oram)
                0x00202a54                aic_set_vector
 .text.aic_mask_on
                0x00202a84       0x24 ../nxtOSEK/ecrobot/../ecrobot/libecrobot.a(aic.oram)
                0x00202a84                aic_mask_on
 .text.aic_mask_off
                0x00202aa8       0x24 ../nxtOSEK/ecrobot/../ecrobot/libecrobot.a(aic.oram)
                0x00202aa8                aic_mask_off
 .text.aic_clear
                0x00202acc       0x24 ../nxtOSEK/ecrobot/../ecrobot/libecrobot.a(aic.oram)
                0x00202acc                aic_clear
 .text.reset    0x00202af0       0x4c ../nxtOSEK/ecrobot/../ecrobot/libecrobot.a(udp.oram)
 .text.udp_send_null
                0x00202b3c       0x2c ../nxtOSEK/ecrobot/../ecrobot/libecrobot.a(udp.oram)
 .text.udp_send_stall
                0x00202b68       0x2c ../nxtOSEK/ecrobot/../ecrobot/libecrobot.a(udp.oram)
 .text.udp_send_control
                0x00202b94       0x60 ../nxtOSEK/ecrobot/../ecrobot/libecrobot.a(udp.oram)
 .text.udp_isr_C
                0x00202bf4      0x7d0 ../nxtOSEK/ecrobot/../ecrobot/libecrobot.a(udp.oram)
                0x00202bf4                udp_isr_C
 .text.twi_status
                0x002033c4       0x20 ../nxtOSEK/ecrobot/../ecrobot/libecrobot.a(twi.oram)
                0x002033c4                twi_status
 .text.twi_isr_C
                0x002033e4       0xc4 ../nxtOSEK/ecrobot/../ecrobot/libecrobot.a(twi.oram)
                0x002033e4                twi_isr_C
 .text.twi_reset
                0x002034a8       0xb4 ../nxtOSEK/ecrobot/../ecrobot/libecrobot.a(twi.oram)
                0x002034a8                twi_reset
 .text.twi_init
                0x0020355c       0x4c ../nxtOSEK/ecrobot/../ecrobot/libecrobot.a(twi.oram)
                0x0020355c                twi_init
 .text.twi_start_read
                0x002035a8       0x60 ../nxtOSEK/ecrobot/../ecrobot/libecrobot.a(twi.oram)
                0x002035a8                twi_start_read
 .text.twi_start_write
                0x00203608       0x64 ../nxtOSEK/ecrobot/../ecrobot/libecrobot.a(twi.oram)
                0x00203608                twi_start_write
 .text.spi_set_mode
                0x0020366c       0x40 ../nxtOSEK/ecrobot/../ecrobot/libecrobot.a(nxt_spi.oram)
 .text.spi_isr_C
                0x002036ac       0x8c ../nxtOSEK/ecrobot/../ecrobot/libecrobot.a(nxt_spi.oram)
                0x002036ac                spi_isr_C
 .text.nxt_spi_init
                0x00203738      0x12c ../nxtOSEK/ecrobot/../ecrobot/libecrobot.a(nxt_spi.oram)
                0x00203738                nxt_spi_init
 .text.nxt_spi_write
                0x00203864       0x44 ../nxtOSEK/ecrobot/../ecrobot/libecrobot.a(nxt_spi.oram)
                0x00203864                nxt_spi_write
 .text.nxt_spi_set_display
                0x002038a8       0x10 ../nxtOSEK/ecrobot/../ecrobot/libecrobot.a(nxt_spi.oram)
                0x002038a8                nxt_spi_set_display
 .text.nxt_spi_refresh
                0x002038b8       0x24 ../nxtOSEK/ecrobot/../ecrobot/libecrobot.a(nxt_spi.oram)
                0x002038b8                nxt_spi_refresh
 .text.nxt_motor_get_count
                0x002038dc       0x14 ../nxtOSEK/ecrobot/../ecrobot/libecrobot.a(nxt_motors.oram)
                0x002038dc                nxt_motor_get_count
 .text.nxt_motor_set_count
                0x002038f0       0x10 ../nxtOSEK/ecrobot/../ecrobot/libecrobot.a(nxt_motors.oram)
                0x002038f0                nxt_motor_set_count
 .text.nxt_motor_set_speed
                0x00203900       0x34 ../nxtOSEK/ecrobot/../ecrobot/libecrobot.a(nxt_motors.oram)
                0x00203900                nxt_motor_set_speed
 .text.nxt_motor_1kHz_process
                0x00203934       0x28 ../nxtOSEK/ecrobot/../ecrobot/libecrobot.a(nxt_motors.oram)
                0x00203934                nxt_motor_1kHz_process
 .text.nxt_motor_quad_decode
                0x0020395c       0x30 ../nxtOSEK/ecrobot/../ecrobot/libecrobot.a(nxt_motors.oram)
                0x0020395c                nxt_motor_quad_decode
 .text.nxt_motor_isr_C
                0x0020398c       0x88 ../nxtOSEK/ecrobot/../ecrobot/libecrobot.a(nxt_motors.oram)
                0x0020398c                nxt_motor_isr_C
 .text.nxt_motor_init
                0x00203a14       0x68 ../nxtOSEK/ecrobot/../ecrobot/libecrobot.a(nxt_motors.oram)
                0x00203a14                nxt_motor_init
 .text.data_abort_C
                0x00203a7c       0x7c ../nxtOSEK/ecrobot/../ecrobot/libecrobot.a(data_abort.oram)
                0x00203a7c                data_abort_C
 .text.display_update
                0x00203af8       0x14 ../nxtOSEK/ecrobot/../ecrobot/libecrobot.a(display.oram)
                0x00203af8                display_update
 .text.display_force_update
                0x00203b0c        0xc ../nxtOSEK/ecrobot/../ecrobot/libecrobot.a(display.oram)
                0x00203b0c                display_force_update
 .text.display_clear
                0x00203b18       0x24 ../nxtOSEK/ecrobot/../ecrobot/libecrobot.a(display.oram)
                0x00203b18                display_clear
 .text.display_goto_xy
                0x00203b3c       0x14 ../nxtOSEK/ecrobot/../ecrobot/libecrobot.a(display.oram)
                0x00203b3c                display_goto_xy
 .text.display_char
                0x00203b50       0x60 ../nxtOSEK/ecrobot/../ecrobot/libecrobot.a(display.oram)
                0x00203b50                display_char
 .text.display_string
                0x00203bb0       0x3c ../nxtOSEK/ecrobot/../ecrobot/libecrobot.a(display.oram)
                0x00203bb0                display_string
 .text.display_hex
                0x00203bec       0x50 ../nxtOSEK/ecrobot/../ecrobot/libecrobot.a(display.oram)
                0x00203bec                display_hex
 .text.display_unsigned_worker
                0x00203c3c       0x70 ../nxtOSEK/ecrobot/../ecrobot/libecrobot.a(display.oram)
 .text.display_unsigned
                0x00203cac        0xc ../nxtOSEK/ecrobot/../ecrobot/libecrobot.a(display.oram)
                0x00203cac                display_unsigned
 .text.display_int
                0x00203cb8       0x14 ../nxtOSEK/ecrobot/../ecrobot/libecrobot.a(display.oram)
                0x00203cb8                display_int
 .text.display_bitmap_copy
                0x00203ccc       0x5c ../nxtOSEK/ecrobot/../ecrobot/libecrobot.a(display.oram)
                0x00203ccc                display_bitmap_copy
 .text.display_init
                0x00203d28       0x50 ../nxtOSEK/ecrobot/../ecrobot/libecrobot.a(display.oram)
                0x00203d28                display_init
 .text.i2c_timer_isr_C
                0x00203d78      0x314 ../nxtOSEK/ecrobot/../ecrobot/libecrobot.a(i2c.oram)
                0x00203d78                i2c_timer_isr_C
 .text.i2c_disable
                0x0020408c       0x20 ../nxtOSEK/ecrobot/../ecrobot/libecrobot.a(i2c.oram)
                0x0020408c                i2c_disable
 .text.i2c_init
                0x002040ac       0xa4 ../nxtOSEK/ecrobot/../ecrobot/libecrobot.a(i2c.oram)
                0x002040ac                i2c_init
 .text.i2c_busy
                0x00204150       0x24 ../nxtOSEK/ecrobot/../ecrobot/libecrobot.a(i2c.oram)
                0x00204150                i2c_busy
 .text.i2c_start_transaction
                0x00204174      0x108 ../nxtOSEK/ecrobot/../ecrobot/libecrobot.a(i2c.oram)
                0x00204174                i2c_start_transaction
 .text.set_vol  0x0020427c       0xa4 ../nxtOSEK/ecrobot/../ecrobot/libecrobot.a(sound.oram)
 .text.sound_fill_sample_buffer
                0x00204320       0xe4 ../nxtOSEK/ecrobot/../ecrobot/libecrobot.a(sound.oram)
                0x00204320                sound_fill_sample_buffer
 .text.sound_freq_vol
                0x00204404      0x1e4 ../nxtOSEK/ecrobot/../ecrobot/libecrobot.a(sound.oram)
                0x00204404                sound_freq_vol
 .text.sound_init
                0x002045e8       0xa0 ../nxtOSEK/ecrobot/../ecrobot/libecrobot.a(sound.oram)
                0x002045e8                sound_init
 .text.sound_isr_C
                0x00204688      0x144 ../nxtOSEK/ecrobot/../ecrobot/libecrobot.a(sound.oram)
                0x00204688                sound_isr_C
 .text.bt_init  0x002047cc      0x1c0 ../nxtOSEK/ecrobot/../ecrobot/libecrobot.a(bt.oram)
                0x002047cc                bt_init
 .text.bt_send  0x0020498c       0x5c ../nxtOSEK/ecrobot/../ecrobot/libecrobot.a(bt.oram)
                0x0020498c                bt_send
 .text.bt_write
                0x002049e8       0x70 ../nxtOSEK/ecrobot/../ecrobot/libecrobot.a(bt.oram)
                0x002049e8                bt_write
 .text.bt_pending
                0x00204a58       0x50 ../nxtOSEK/ecrobot/../ecrobot/libecrobot.a(bt.oram)
                0x00204a58                bt_pending
 .text.bt_clear_arm7_cmd
                0x00204aa8       0x10 ../nxtOSEK/ecrobot/../ecrobot/libecrobot.a(bt.oram)
                0x00204aa8                bt_clear_arm7_cmd
 .text.bt_set_arm7_cmd
                0x00204ab8       0x10 ../nxtOSEK/ecrobot/../ecrobot/libecrobot.a(bt.oram)
                0x00204ab8                bt_set_arm7_cmd
 .text.bt_receive
                0x00204ac8      0x160 ../nxtOSEK/ecrobot/../ecrobot/libecrobot.a(bt.oram)
                0x00204ac8                bt_receive
 .text.bt_read  0x00204c28      0x140 ../nxtOSEK/ecrobot/../ecrobot/libecrobot.a(bt.oram)
                0x00204c28                bt_read
 .text.bt_reset
                0x00204d68       0x84 ../nxtOSEK/ecrobot/../ecrobot/libecrobot.a(bt.oram)
                0x00204d68                bt_reset
 .text.nxt_avr_power_down
                0x00204dec       0x10 ../nxtOSEK/ecrobot/../ecrobot/libecrobot.a(nxt_avr.oram)
                0x00204dec                nxt_avr_power_down
 .text.nxt_avr_link_init
                0x00204dfc       0x20 ../nxtOSEK/ecrobot/../ecrobot/libecrobot.a(nxt_avr.oram)
                0x00204dfc                nxt_avr_link_init
 .text.nxt_avr_init
                0x00204e1c       0x6c ../nxtOSEK/ecrobot/../ecrobot/libecrobot.a(nxt_avr.oram)
                0x00204e1c                nxt_avr_init
 .text.nxt_avr_1kHz_update
                0x00204e88      0x1cc ../nxtOSEK/ecrobot/../ecrobot/libecrobot.a(nxt_avr.oram)
                0x00204e88                nxt_avr_1kHz_update
 .text.buttons_get
                0x00205054        0xc ../nxtOSEK/ecrobot/../ecrobot/libecrobot.a(nxt_avr.oram)
                0x00205054                buttons_get
 .text.battery_voltage
                0x00205060       0x28 ../nxtOSEK/ecrobot/../ecrobot/libecrobot.a(nxt_avr.oram)
                0x00205060                battery_voltage
 .text.sensor_adc
                0x00205088       0x20 ../nxtOSEK/ecrobot/../ecrobot/libecrobot.a(nxt_avr.oram)
                0x00205088                sensor_adc
 .text.nxt_avr_set_motor
                0x002050a8       0x34 ../nxtOSEK/ecrobot/../ecrobot/libecrobot.a(nxt_avr.oram)
                0x002050a8                nxt_avr_set_motor
 .text.nxt_avr_set_input_power
                0x002050dc       0x3c ../nxtOSEK/ecrobot/../ecrobot/libecrobot.a(nxt_avr.oram)
                0x002050dc                nxt_avr_set_input_power
 .text.unset_digi0
                0x00205118       0x44 ../nxtOSEK/ecrobot/../ecrobot/libecrobot.a(sensors.oram)
                0x00205118                unset_digi0
 .text.unset_digi1
                0x0020515c       0x44 ../nxtOSEK/ecrobot/../ecrobot/libecrobot.a(sensors.oram)
                0x0020515c                unset_digi1
 .text.init_sensors
                0x002051a0       0x4c ../nxtOSEK/ecrobot/../ecrobot/libecrobot.a(sensors.oram)
                0x002051a0                init_sensors
 .text.set_digi0
                0x002051ec       0x44 ../nxtOSEK/ecrobot/../ecrobot/libecrobot.a(sensors.oram)
                0x002051ec                set_digi0
 .text.nxt_lcd_command
                0x00205230       0x18 ../nxtOSEK/ecrobot/../ecrobot/libecrobot.a(nxt_lcd.oram)
                0x00205230                nxt_lcd_command
 .text.nxt_lcd_set_col
                0x00205248       0x24 ../nxtOSEK/ecrobot/../ecrobot/libecrobot.a(nxt_lcd.oram)
                0x00205248                nxt_lcd_set_col
 .text.nxt_lcd_set_multiplex_rate
                0x0020526c       0x18 ../nxtOSEK/ecrobot/../ecrobot/libecrobot.a(nxt_lcd.oram)
                0x0020526c                nxt_lcd_set_multiplex_rate
 .text.nxt_lcd_set_page_address
                0x00205284       0x18 ../nxtOSEK/ecrobot/../ecrobot/libecrobot.a(nxt_lcd.oram)
                0x00205284                nxt_lcd_set_page_address
 .text.nxt_lcd_set_pot
                0x0020529c       0x1c ../nxtOSEK/ecrobot/../ecrobot/libecrobot.a(nxt_lcd.oram)
                0x0020529c                nxt_lcd_set_pot
 .text.nxt_lcd_set_ram_address_control
                0x002052b8       0x18 ../nxtOSEK/ecrobot/../ecrobot/libecrobot.a(nxt_lcd.oram)
                0x002052b8                nxt_lcd_set_ram_address_control
 .text.nxt_lcd_enable
                0x002052d0       0x14 ../nxtOSEK/ecrobot/../ecrobot/libecrobot.a(nxt_lcd.oram)
                0x002052d0                nxt_lcd_enable
 .text.nxt_lcd_set_map_control
                0x002052e4       0x18 ../nxtOSEK/ecrobot/../ecrobot/libecrobot.a(nxt_lcd.oram)
                0x002052e4                nxt_lcd_set_map_control
 .text.nxt_lcd_reset
                0x002052fc        0xc ../nxtOSEK/ecrobot/../ecrobot/libecrobot.a(nxt_lcd.oram)
                0x002052fc                nxt_lcd_reset
 .text.nxt_lcd_set_bias_ratio
                0x00205308       0x18 ../nxtOSEK/ecrobot/../ecrobot/libecrobot.a(nxt_lcd.oram)
                0x00205308                nxt_lcd_set_bias_ratio
 .text.nxt_lcd_force_update
                0x00205320       0x30 ../nxtOSEK/ecrobot/../ecrobot/libecrobot.a(nxt_lcd.oram)
                0x00205320                nxt_lcd_force_update
 .text.nxt_lcd_update
                0x00205350        0xc ../nxtOSEK/ecrobot/../ecrobot/libecrobot.a(nxt_lcd.oram)
                0x00205350                nxt_lcd_update
 .text.nxt_lcd_power_up
                0x0020535c       0x48 ../nxtOSEK/ecrobot/../ecrobot/libecrobot.a(nxt_lcd.oram)
                0x0020535c                nxt_lcd_power_up
 .text.nxt_lcd_power_down
                0x002053a4        0xc ../nxtOSEK/ecrobot/../ecrobot/libecrobot.a(nxt_lcd.oram)
                0x002053a4                nxt_lcd_power_down
 .text.nxt_lcd_init
                0x002053b0       0x18 ../nxtOSEK/ecrobot/../ecrobot/libecrobot.a(nxt_lcd.oram)
                0x002053b0                nxt_lcd_init
 .text.verify_flash_page
                0x002053c8       0x34 ../nxtOSEK/ecrobot/../ecrobot/libecrobot.a(flash_loader.oram)
 .text.set_flash_request
                0x002053fc       0x38 ../nxtOSEK/ecrobot/../ecrobot/libecrobot.a(flash_loader.oram)
                0x002053fc                set_flash_request
 .text.nxt_device_init
                0x00205434       0x38 ../nxtOSEK/ecrobot/../ecrobot/libecrobot.a(flash_loader.oram)
                0x00205434                nxt_device_init
 .text          0x0020546c       0x68 ../nxtOSEK/ecrobot/../ecrobot/libecrobot.a(interrupts.oram)
                0x002054c4                fiq_enable
                0x0020546c                interrupts_get_and_disable
                0x002054a0                fiq_get_and_disable
                0x00205490                interrupts_enable
 .text.flash_write_page
                0x002054d4       0xc0 ../nxtOSEK/ecrobot/../ecrobot/libecrobot.a(flashprog.oram)
                0x002054d4                flash_write_page
                0x002055a0                . = ALIGN (0x10)
 *fill*         0x00205594        0xc 00
 *.oram(*.rodata *.rodata.*)
 .rodata.ld     0x002055a0        0x4 ../nxtOSEK/ecrobot/../ecrobot/libecrobot.a(udp.oram)
 .rodata.cfd    0x002055a4       0x20 ../nxtOSEK/ecrobot/../ecrobot/libecrobot.a(udp.oram)
 .rodata.dd     0x002055c4       0x12 ../nxtOSEK/ecrobot/../ecrobot/libecrobot.a(udp.oram)
 *fill*         0x002055d6        0x2 00
 .rodata.str1.4
                0x002055d8       0x22 ../nxtOSEK/ecrobot/../ecrobot/libecrobot.a(data_abort.oram)
                                 0x24 (size before relaxing)
 .rodata.font   0x002055fa      0x280 ../nxtOSEK/ecrobot/../ecrobot/libecrobot.a(display.oram)
 *fill*         0x0020587a        0x2 00
 .rodata.str1.4
                0x0020587c       0x76 ../nxtOSEK/ecrobot/../ecrobot/libecrobot.a(display.oram)
                                 0x78 (size before relaxing)
 *fill*         0x002058f2        0x2 00
 .rodata.i2c_pin
                0x002058f4       0x20 ../nxtOSEK/ecrobot/../ecrobot/libecrobot.a(i2c.oram)
 .rodata.i2c_timer_isr_C
                0x00205914       0x38 ../nxtOSEK/ecrobot/../ecrobot/libecrobot.a(i2c.oram)
 .rodata.logvol
                0x0020594c        0xc ../nxtOSEK/ecrobot/../ecrobot/libecrobot.a(sound.oram)
                0x0020594c                logvol
 .rodata.silence
                0x00205958       0x40 ../nxtOSEK/ecrobot/../ecrobot/libecrobot.a(sound.oram)
                0x00205958                silence
 .rodata.sine   0x00205998       0x10 ../nxtOSEK/ecrobot/../ecrobot/libecrobot.a(sound.oram)
                0x00205998                sine
 .rodata.sample_pattern
                0x002059a8       0x84 ../nxtOSEK/ecrobot/../ecrobot/libecrobot.a(sound.oram)
                0x002059a8                sample_pattern
 .rodata        0x00205a2c        0xc ../nxtOSEK/ecrobot/../ecrobot/libecrobot.a(sound.oram)
 .rodata.avr_brainwash_string
                0x00205a38       0x30 ../nxtOSEK/ecrobot/../ecrobot/libecrobot.a(nxt_avr.oram)
                0x00205a38                avr_brainwash_string
 .rodata.nxt_avr_1kHz_update
                0x00205a68       0x14 ../nxtOSEK/ecrobot/../ecrobot/libecrobot.a(nxt_avr.oram)
 .rodata.C.33.1823
                0x00205a7c       0x10 ../nxtOSEK/ecrobot/../ecrobot/libecrobot.a(sensors.oram)
 .rodata.C.37.1857
                0x00205a8c       0x10 ../nxtOSEK/ecrobot/../ecrobot/libecrobot.a(sensors.oram)
 .rodata.C.31.1806
                0x00205a9c       0x10 ../nxtOSEK/ecrobot/../ecrobot/libecrobot.a(sensors.oram)
 .rodata.str1.4
                0x00205aac       0x23 ../nxtOSEK/ecrobot/../ecrobot/libecrobot.a(flash_loader.oram)
                                 0x24 (size before relaxing)
                0x00205ad0                . = ALIGN (0x10)
 *fill*         0x00205acf        0x1 00
                0x002022c0                __ramtext_ram_start__ = ADDR (.ram_text)
                0x00205ad0                __ramtext_ram_end__ = (ADDR (.ram_text) + SIZEOF (.ram_text))
                0x002022c0                __ramtext_load_start__ = LOADADDR (.ram_text)
                0x00205ad0                __ramtext_load_end__ = (__ramtext_load_start__ + SIZEOF (.ram_text))

.wav_data       0x00205ad0        0x0
 *.owav(*.data *.data.*)
                0x00205ad0                . = ALIGN (0x10)

.bmp_data       0x00205ad0      0x440
 *.obmp(*.data *.data.*)
 .data          0x00205ad0      0x43e ../nxtOSEK/ecrobot/../ecrobot/libecrobot.a(nxtosek_splash.obmp)
                0x00205ad0                nxtosek_splash_bmp_start
                0x00205f0e                nxtosek_splash_bmp_end
                0x00205f10                . = ALIGN (0x10)
 *fill*         0x00205f0e        0x2 00

.spr_data       0x00205f10        0x0
 *.ospr(*.data *.data.*)
                0x00205f10                . = ALIGN (0x10)

.data           0x00205f10       0x90
 *(*.data *.data.*)
 .data.bt_status
                0x00205f10        0x1 build/ecrobot_bluetooth.o
 *fill*         0x00205f11        0x3 00
 .data.K_THETADOT
                0x00205f14        0x4 build/balancer_param.o
                0x00205f14                K_THETADOT
 .data.K_PHIDOT
                0x00205f18        0x4 build/balancer_param.o
                0x00205f18                K_PHIDOT
 .data.K_I      0x00205f1c        0x4 build/balancer_param.o
                0x00205f1c                K_I
 .data.K_F      0x00205f20       0x10 build/balancer_param.o
                0x00205f20                K_F
 .data.A_R      0x00205f30        0x4 build/balancer_param.o
                0x00205f30                A_R
 .data.A_D      0x00205f34        0x4 build/balancer_param.o
                0x00205f34                A_D
 .data.distance_state
                0x00205f38       0x10 ../nxtOSEK/ecrobot/../ecrobot/libecrobot.a(ecrobot_interface.o)
 .data.deviceStatus
                0x00205f48        0x1 ../nxtOSEK/ecrobot/../ecrobot/libecrobot.a(ecrobot_interface.o)
 .bss.data.2701
                0x00205f49        0x4 ../nxtOSEK/ecrobot/../ecrobot/libecrobot.a(ecrobot_interface.o)
 .data.named    0x00205f4d       0x22 ../nxtOSEK/ecrobot/../ecrobot/libecrobot.a(udp.oram)
 .data.snd      0x00205f6f       0x1a ../nxtOSEK/ecrobot/../ecrobot/libecrobot.a(udp.oram)
 *fill*         0x00205f89        0x3 00
 .data.configured
                0x00205f8c        0x4 ../nxtOSEK/ecrobot/../ecrobot/libecrobot.a(udp.oram)
 .data.mode     0x00205f90        0x1 ../nxtOSEK/ecrobot/../ecrobot/libecrobot.a(nxt_spi.oram)
                0x00205f90                mode
 *fill*         0x00205f91        0x3 00
 .bss.data      0x00205f94        0x4 ../nxtOSEK/ecrobot/../ecrobot/libecrobot.a(nxt_spi.oram)
                0x00205f94                data
 .data.display_auto_update
                0x00205f98        0x4 ../nxtOSEK/ecrobot/../ecrobot/libecrobot.a(display.oram)
                0x00205f98                display_auto_update
 .data.display_buffer
                0x00205f9c        0x4 ../nxtOSEK/ecrobot/../ecrobot/libecrobot.a(display.oram)
                0x00205fa0                . = ALIGN (0x10)
                0x00205f10                __data_ram_start__ = ADDR (.data)
                0x00205fa0                __data_ram_end__ = (ADDR (.data) + SIZEOF (.data))
                0x00205f10                __data_load_start__ = LOADADDR (.data)
                0x00205fa0                __data_load_end__ = (__data_load_start__ + SIZEOF (.data))

.text           0x00205fa0     0x3980
                0x00205fa0                . = ALIGN (0x10)
 *(*.text *.text.* *.glue*)
 .text.StartOS  0x00205fa0       0x58 build/kernel/osctl.o
                0x00205fa0                StartOS
 .text.call_pretaskhook
                0x00205ff8       0x24 build/kernel/osctl.o
                0x00205ff8                call_pretaskhook
 .text.call_posttaskhook
                0x0020601c       0x24 build/kernel/osctl.o
                0x0020601c                call_posttaskhook
 .text.make_runnable
                0x00206040       0xac build/kernel/task.o
                0x00206040                make_runnable
 .text.make_active
                0x002060ec       0x78 build/kernel/task.o
                0x002060ec                make_active
 .text.task_initialize
                0x00206164       0x90 build/kernel/task.o
                0x00206164                task_initialize
 .text.cpu_initialize
                0x002061f4        0x4 build/config/at91sam7s-gnu/cpu_config.o
                0x002061f4                cpu_initialize
 .text.sys_initialize
                0x002061f8        0x4 build/config/at91sam7s-gnu/lego_nxt/sys_config.o
                0x002061f8                sys_initialize
 .text.object_initialize
                0x002061fc        0xc build/./kernel_cfg.o
                0x002061fc                object_initialize
 .text.ecrobot_get_bt_status
                0x00206208       0x10 build/ecrobot_bluetooth.o
                0x00206208                ecrobot_get_bt_status
 .text.close_bt_stream
                0x00206218       0x2c build/ecrobot_bluetooth.o
 .text.ecrobot_send_bt_packet
                0x00206244       0x54 build/ecrobot_bluetooth.o
                0x00206244                ecrobot_send_bt_packet
 .text.ecrobot_send_bt
                0x00206298       0x40 build/ecrobot_bluetooth.o
                0x00206298                ecrobot_send_bt
 .text.ecrobot_read_bt
                0x002062d8       0x24 build/ecrobot_bluetooth.o
                0x002062d8                ecrobot_read_bt
 .text.send_bt_command
                0x002062fc       0x40 build/ecrobot_bluetooth.o
 .text.ecrobot_term_bt_connection
                0x0020633c       0x48 build/ecrobot_bluetooth.o
                0x0020633c                ecrobot_term_bt_connection
 .text.ecrobot_set_bt_device_name
                0x00206384       0x4c build/ecrobot_bluetooth.o
                0x00206384                ecrobot_set_bt_device_name
 .text.read_bt_command
                0x002063d0       0x5c build/ecrobot_bluetooth.o
 .text.open_bt_stream
                0x0020642c       0x50 build/ecrobot_bluetooth.o
 .text.ecrobot_get_bt_device_address
                0x0020647c       0x6c build/ecrobot_bluetooth.o
                0x0020647c                ecrobot_get_bt_device_address
 .text.ecrobot_init_bt_slave
                0x002064e8      0x12c build/ecrobot_bluetooth.o
                0x002064e8                ecrobot_init_bt_slave
 .text.init_OS_flag
                0x00206614        0xc build/ecrobot_base.o
                0x00206614                init_OS_flag
 .text.set_OS_flag
                0x00206620        0xc build/ecrobot_base.o
                0x00206620                set_OS_flag
 .text.get_OS_flag
                0x0020662c        0xc build/ecrobot_base.o
                0x0020662c                get_OS_flag
 .text.cpp_constructor
                0x00206638       0x28 build/ecrobot_base.o
                0x00206638                cpp_constructor
 .text.cpp_destructor
                0x00206660       0x28 build/ecrobot_base.o
                0x00206660                cpp_destructor
 .text.execution_mode
                0x00206688       0x24 build/ecrobot_base.o
                0x00206688                execution_mode
 .text.show_main_screen
                0x002066ac       0x48 build/ecrobot_base.o
                0x002066ac                show_main_screen
 .text.display_status_bar
                0x002066f4       0x5c build/ecrobot_base.o
                0x002066f4                display_status_bar
 .text.check_NXT_buttons
                0x00206750       0x7c build/ecrobot_base.o
                0x00206750                check_NXT_buttons
 .text.show_bd_addr
                0x002067cc       0x44 build/ecrobot_base.o
                0x002067cc                show_bd_addr
 .text.show_bd_addr_err
                0x00206810       0x3c build/ecrobot_base.o
                0x00206810                show_bd_addr_err
 .text.add_status_info
                0x0020684c       0x68 build/ecrobot_base.o
                0x0020684c                add_status_info
 .text.show_splash_screen
                0x002068b4       0x90 build/ecrobot_base.o
                0x002068b4                show_splash_screen
 .text.main     0x00206944      0x10c build/ecrobot.o
                0x00206944                main
 .text.LineTracer_init
                0x00206a50       0x34 build/LineTracer.o
                0x00206a50                LineTracer_init
 .text.pid      0x00206a84       0xdc build/LineTracer.o
 .text.LineTracer_trace
                0x00206b60       0x3c build/LineTracer.o
                0x00206b60                LineTracer_trace
 .text.LineTracer_changePID
                0x00206b9c       0x14 build/LineTracer.o
                0x00206b9c                LineTracer_changePID
 .text.LineTracer_getTarget
                0x00206bb0        0x4 build/LineTracer.o
                0x00206bb0                LineTracer_getTarget
 .text.LineTracer_getBright
                0x00206bb4        0x4 build/LineTracer.o
                0x00206bb4                LineTracer_getBright
 .text.get_TARGET_tail
                0x00206bb8        0x4 build/LineTracer.o
                0x00206bb8                get_TARGET_tail
 .text.LineTracer_trace_nonbalance
                0x00206bbc       0x3c build/LineTracer.o
                0x00206bbc                LineTracer_trace_nonbalance
 .text.UI_init  0x00206bf8        0x8 build/UI.o
                0x00206bf8                UI_init
 .text.UI_waitStart
                0x00206c00      0x210 build/UI.o
                0x00206c00                UI_waitStart
 .text.UI_isEmergency
                0x00206e10       0x1c build/UI.o
                0x00206e10                UI_isEmergency
 .text.BalanceRunner_init
                0x00206e2c       0x10 build/BalanceRunner.o
                0x00206e2c                BalanceRunner_init
 .text.BalanceRunner_run
                0x00206e3c       0xf0 build/BalanceRunner.o
                0x00206e3c                BalanceRunner_run
 .text.NonBalanceRunner_run
                0x00206f2c       0x68 build/BalanceRunner.o
                0x00206f2c                NonBalanceRunner_run
 .text.TouchSensor_init
                0x00206f94        0x4 build/TouchSensor.o
                0x00206f94                TouchSensor_init
 .text.TouchSensor_isPressed
                0x00206f98        0xc build/TouchSensor.o
                0x00206f98                TouchSensor_isPressed
 .text.GyroSensor_init
                0x00206fa4        0xc build/GyroSensor.o
                0x00206fa4                GyroSensor_init
 .text.GyroSensor_getAngularVelocity
                0x00206fb0        0xc build/GyroSensor.o
                0x00206fb0                GyroSensor_getAngularVelocity
 .text.GyroSensor_getOffset
                0x00206fbc        0x4 build/GyroSensor.o
                0x00206fbc                GyroSensor_getOffset
 .text.LightSensor_init
                0x00206fc0        0x8 build/LightSensor.o
                0x00206fc0                LightSensor_init
 .text.LightSensor_getBrightness
                0x00206fc8        0xc build/LightSensor.o
                0x00206fc8                LightSensor_getBrightness
 .text.LightSensor_switch
                0x00206fd4       0x2c build/LightSensor.o
                0x00206fd4                LightSensor_switch
 .text.Motor_init
                0x00207000        0x4 build/Motor.o
                0x00207000                Motor_init
 .text.Motor_resetAngle
                0x00207004       0x10 build/Motor.o
                0x00207004                Motor_resetAngle
 .text.Motor_getAngle
                0x00207014        0xc build/Motor.o
                0x00207014                Motor_getAngle
 .text.Motor_rotate
                0x00207020       0x10 build/Motor.o
                0x00207020                Motor_rotate
 .text.Motor_tailControl
                0x00207030       0x60 build/Motor.o
                0x00207030                Motor_tailControl
 .text.ecrobot_link
                0x00207090       0xcc build/model_impl.o
                0x00207090                ecrobot_link
 .text.ecrobot_device_initialize
                0x0020715c       0x28 build/model_impl.o
                0x0020715c                ecrobot_device_initialize
 .text.ecrobot_device_terminate
                0x00207184       0x18 build/model_impl.o
                0x00207184                ecrobot_device_terminate
 .text.user_1ms_isr_type2
                0x0020719c        0x4 build/model_impl.o
                0x0020719c                user_1ms_isr_type2
 .text.ecrobot_init
                0x002071a0       0xc0 build/model_impl.o
                0x002071a0                ecrobot_init
 .text.TaskMainTaskMain
                0x00207260       0xe0 build/model_impl.o
                0x00207260                TaskMainTaskMain
 .text.GarageIn_init
                0x00207340        0xc build/GarageIn.o
                0x00207340                GarageIn_init
 .text.GarageIn_run
                0x0020734c      0x110 build/GarageIn.o
                0x0020734c                GarageIn_run
 .text.Basic_init
                0x0020745c       0x10 build/Basic.o
                0x0020745c                Basic_init
 .text.Basic_run
                0x0020746c      0x16c build/Basic.o
                0x0020746c                Basic_run
 .text.Basic_getCurPhase
                0x002075d8        0x4 build/Basic.o
                0x002075d8                Basic_getCurPhase
 .text.SonarSensor_init
                0x002075dc        0x4 build/SonarSensor.o
                0x002075dc                SonarSensor_init
 .text.SonarSensor_sonarAlert
                0x002075e0       0x44 build/SonarSensor.o
                0x002075e0                SonarSensor_sonarAlert
 .text.LookUpGate_init
                0x00207624       0x10 build/LookUpGate.o
                0x00207624                LookUpGate_init
 .text.LookUpGate_run
                0x00207634      0x120 build/LookUpGate.o
                0x00207634                LookUpGate_run
 .text.Maimai_init
                0x00207754       0x18 build/Maimai.o
                0x00207754                Maimai_init
 .text.Maimai_store
                0x0020776c       0x34 build/Maimai.o
                0x0020776c                Maimai_store
 .text.Maimai_calc
                0x002077a0       0xf8 build/Maimai.o
                0x002077a0                Maimai_calc
 .text.TailRunner_init
                0x00207898        0xc build/TailRunner.o
                0x00207898                TailRunner_init
 .text.TailRunner_changeTailAngle
                0x002078a4        0x4 build/TailRunner.o
                0x002078a4                TailRunner_changeTailAngle
 .text.TailRunner_set_tailMotor
                0x002078a8      0x124 build/TailRunner.o
                0x002078a8                TailRunner_set_tailMotor
 .text.TailRunner_run_nonlinetrace
                0x002079cc       0x20 build/TailRunner.o
                0x002079cc                TailRunner_run_nonlinetrace
 .text.TailRunner_run
                0x002079ec       0x20 build/TailRunner.o
                0x002079ec                TailRunner_run
 .text.DistMeasure_init
                0x00207a0c        0x8 build/DistMeasure.o
                0x00207a0c                DistMeasure_init
 .text.DistMeasure_getDistance
                0x00207a14       0x14 build/DistMeasure.o
                0x00207a14                DistMeasure_getDistance
 .text.GrayDetector_init
                0x00207a28        0x8 build/GrayDetector.o
                0x00207a28                GrayDetector_init
 .text.GrayDetector_is_detected
                0x00207a30       0x28 build/GrayDetector.o
                0x00207a30                GrayDetector_is_detected
 .text.ecrobot_get_gyro_sensor
                0x00207a58       0x14 ../nxtOSEK/ecrobot/../ecrobot/libecrobot.a(ecrobot_HiTechnic.o)
                0x00207a58                ecrobot_get_gyro_sensor
 .text.ecrobot_set_light_sensor_active
                0x00207a6c       0x10 ../nxtOSEK/ecrobot/../ecrobot/libecrobot.a(ecrobot_interface.o)
                0x00207a6c                ecrobot_set_light_sensor_active
 .text.ecrobot_set_light_sensor_inactive
                0x00207a7c       0x10 ../nxtOSEK/ecrobot/../ecrobot/libecrobot.a(ecrobot_interface.o)
                0x00207a7c                ecrobot_set_light_sensor_inactive
 .text.ecrobot_get_light_sensor
                0x00207a8c       0x14 ../nxtOSEK/ecrobot/../ecrobot/libecrobot.a(ecrobot_interface.o)
                0x00207a8c                ecrobot_get_light_sensor
 .text.ecrobot_get_touch_sensor
                0x00207aa0       0x20 ../nxtOSEK/ecrobot/../ecrobot/libecrobot.a(ecrobot_interface.o)
                0x00207aa0                ecrobot_get_touch_sensor
 .text.getDistance
                0x00207ac0       0x20 ../nxtOSEK/ecrobot/../ecrobot/libecrobot.a(ecrobot_interface.o)
 .text.ecrobot_get_sonar_sensor
                0x00207ae0       0x48 ../nxtOSEK/ecrobot/../ecrobot/libecrobot.a(ecrobot_interface.o)
                0x00207ae0                ecrobot_get_sonar_sensor
 .text.ecrobot_term_sonar_sensor
                0x00207b28       0x20 ../nxtOSEK/ecrobot/../ecrobot/libecrobot.a(ecrobot_interface.o)
                0x00207b28                ecrobot_term_sonar_sensor
 .text.ecrobot_get_battery_voltage
                0x00207b48        0xc ../nxtOSEK/ecrobot/../ecrobot/libecrobot.a(ecrobot_interface.o)
                0x00207b48                ecrobot_get_battery_voltage
 .text.ecrobot_get_button_state
                0x00207b54        0xc ../nxtOSEK/ecrobot/../ecrobot/libecrobot.a(ecrobot_interface.o)
                0x00207b54                ecrobot_get_button_state
 .text.ecrobot_init_nxtstate
                0x00207b60       0x28 ../nxtOSEK/ecrobot/../ecrobot/libecrobot.a(ecrobot_interface.o)
                0x00207b60                ecrobot_init_nxtstate
 .text.ecrobot_poll_nxtstate
                0x00207b88       0x64 ../nxtOSEK/ecrobot/../ecrobot/libecrobot.a(ecrobot_interface.o)
                0x00207b88                ecrobot_poll_nxtstate
 .text.ecrobot_setDeviceInitialized
                0x00207bec       0x18 ../nxtOSEK/ecrobot/../ecrobot/libecrobot.a(ecrobot_interface.o)
                0x00207bec                ecrobot_setDeviceInitialized
 .text.ecrobot_initDeviceStatus
                0x00207c04        0xc ../nxtOSEK/ecrobot/../ecrobot/libecrobot.a(ecrobot_interface.o)
                0x00207c04                ecrobot_initDeviceStatus
 .text.ecrobot_bt_data_logger
                0x00207c10       0x84 ../nxtOSEK/ecrobot/../ecrobot/libecrobot.a(ecrobot_interface.o)
                0x00207c10                ecrobot_bt_data_logger
 .text.ecrobot_bmp2lcd
                0x00207c94      0x1c8 ../nxtOSEK/ecrobot/../ecrobot/libecrobot.a(ecrobot_interface.o)
                0x00207c94                ecrobot_bmp2lcd
 .text.ecrobot_sound_tone
                0x00207e5c        0xc ../nxtOSEK/ecrobot/../ecrobot/libecrobot.a(ecrobot_interface.o)
                0x00207e5c                ecrobot_sound_tone
 .text.StartupHook
                0x00207e68        0x4 ../nxtOSEK/ecrobot/../ecrobot/libecrobot.a(osek_hook.o)
                0x00207e68                StartupHook
 .text.PreTaskHook
                0x00207e6c        0x4 ../nxtOSEK/ecrobot/../ecrobot/libecrobot.a(osek_hook.o)
                0x00207e6c                PreTaskHook
 .text.PostTaskHook
                0x00207e70        0x4 ../nxtOSEK/ecrobot/../ecrobot/libecrobot.a(osek_hook.o)
                0x00207e70                PostTaskHook
 .text.balance_control
                0x00207e74      0x254 ../nxtOSEK/ecrobot/../ecrobot/libnxtway_gs_balancer.a(balancer.o)
                0x00207e74                balance_control
 .text.balance_init
                0x002080c8       0x30 ../nxtOSEK/ecrobot/../ecrobot/libnxtway_gs_balancer.a(balancer.o)
                0x002080c8                balance_init
 .text          0x002080f8       0x8c /cygdrive/C/cygwin/GNUARM/bin/../lib/gcc/arm-elf/4.0.2/thumb/interwork/libgcc.a(_udivsi3.o)
                0x002080f8                __udivsi3
                0x00208174                __aeabi_uidivmod
 .text          0x00208184       0xa4 /cygdrive/C/cygwin/GNUARM/bin/../lib/gcc/arm-elf/4.0.2/thumb/interwork/libgcc.a(_divsi3.o)
                0x00208184                __divsi3
                0x00208218                __aeabi_idivmod
 .text          0x00208228       0xc8 /cygdrive/C/cygwin/GNUARM/bin/../lib/gcc/arm-elf/4.0.2/thumb/interwork/libgcc.a(_umodsi3.o)
                0x00208228                __umodsi3
 .text          0x002082f0       0xd8 /cygdrive/C/cygwin/GNUARM/bin/../lib/gcc/arm-elf/4.0.2/thumb/interwork/libgcc.a(_modsi3.o)
                0x002082f0                __modsi3
 .text          0x002083c8        0x4 /cygdrive/C/cygwin/GNUARM/bin/../lib/gcc/arm-elf/4.0.2/thumb/interwork/libgcc.a(_dvmd_tls.o)
                0x002083c8                __aeabi_ldiv0
                0x002083c8                __div0
                0x002083c8                __aeabi_idiv0
 .text          0x002083cc      0x430 /cygdrive/C/cygwin/GNUARM/bin/../lib/gcc/arm-elf/4.0.2/thumb/interwork/libgcc.a(_addsubdf3.o)
                0x00208790                __floatdidf
                0x00208710                __floatsidf
                0x002086e8                __aeabi_ui2d
                0x002083cc                __aeabi_drsub
                0x0020873c                __extendsfdf2
                0x002083d8                __adddf3
                0x002086e8                __floatunsidf
                0x002083d8                __aeabi_dadd
                0x0020877c                __aeabi_ul2d
                0x002083d4                __aeabi_dsub
                0x0020877c                __floatundidf
                0x00208710                __aeabi_i2d
                0x00208790                __aeabi_l2d
                0x0020873c                __aeabi_f2d
                0x002083d4                __subdf3
 .text          0x002087fc      0x49c /cygdrive/C/cygwin/GNUARM/bin/../lib/gcc/arm-elf/4.0.2/thumb/interwork/libgcc.a(_muldivdf3.o)
                0x00208a8c                __aeabi_ddiv
                0x002087fc                __aeabi_dmul
                0x00208a8c                __divdf3
                0x002087fc                __muldf3
 .text          0x00208c98       0x5c /cygdrive/C/cygwin/GNUARM/bin/../lib/gcc/arm-elf/4.0.2/thumb/interwork/libgcc.a(_fixdfsi.o)
                0x00208c98                __fixdfsi
                0x00208c98                __aeabi_d2iz
 .text          0x00208cf4       0xa0 /cygdrive/C/cygwin/GNUARM/bin/../lib/gcc/arm-elf/4.0.2/thumb/interwork/libgcc.a(_truncdfsf2.o)
                0x00208cf4                __aeabi_d2f
                0x00208cf4                __truncdfsf2
 .text          0x00208d94      0x2ac /cygdrive/C/cygwin/GNUARM/bin/../lib/gcc/arm-elf/4.0.2/thumb/interwork/libgcc.a(_addsubsf3.o)
                0x00208da0                __aeabi_fadd
                0x00208d9c                __subsf3
                0x00208f64                __aeabi_i2f
                0x00208d9c                __aeabi_fsub
                0x00208f94                __floatdisf
                0x00208f64                __floatsisf
                0x00208f84                __floatundisf
                0x00208f5c                __aeabi_ui2f
                0x00208f94                __aeabi_l2f
                0x00208f84                __aeabi_ul2f
                0x00208d94                __aeabi_frsub
                0x00208f5c                __floatunsisf
                0x00208da0                __addsf3
 .text          0x00209040      0x2f8 /cygdrive/C/cygwin/GNUARM/bin/../lib/gcc/arm-elf/4.0.2/thumb/interwork/libgcc.a(_muldivsf3.o)
                0x002091d8                __divsf3
                0x002091d8                __aeabi_fdiv
                0x00209040                __mulsf3
                0x00209040                __aeabi_fmul
 .text          0x00209338      0x110 /cygdrive/C/cygwin/GNUARM/bin/../lib/gcc/arm-elf/4.0.2/thumb/interwork/libgcc.a(_cmpsf2.o)
                0x00209430                __aeabi_fcmpgt
                0x00209340                __lesf2
                0x00209348                __nesf2
                0x00209418                __aeabi_fcmpge
                0x00209338                __gtsf2
                0x00209400                __aeabi_fcmple
                0x00209348                __eqsf2
                0x00209348                __cmpsf2
                0x00209340                __ltsf2
                0x002093b8                __aeabi_cfcmple
                0x00209338                __gesf2
                0x002093d0                __aeabi_fcmpeq
                0x002093a8                __aeabi_cfrcmple
                0x002093e8                __aeabi_fcmplt
                0x002093b8                __aeabi_cfcmpeq
 .text          0x00209448       0x5c /cygdrive/C/cygwin/GNUARM/bin/../lib/gcc/arm-elf/4.0.2/thumb/interwork/libgcc.a(_fixsfsi.o)
                0x00209448                __fixsfsi
                0x00209448                __aeabi_f2iz
 .text          0x002094a4       0x54 /cygdrive/C/cygwin/GNUARM/bin/../lib/gcc/arm-elf/4.0.2/thumb/interwork/libgcc.a(_fixunssfsi.o)
                0x002094a4                __aeabi_f2uiz
                0x002094a4                __fixunssfsi
 .text          0x002094f8       0x68 /cygdrive/C/cygwin/GNUARM/bin/../lib/gcc/arm-elf/4.0.2/../../../../arm-elf/lib/thumb/interwork/libc.a(memcpy.o)
                0x002094f8                memcpy
 .text          0x00209560       0x68 /cygdrive/C/cygwin/GNUARM/bin/../lib/gcc/arm-elf/4.0.2/../../../../arm-elf/lib/thumb/interwork/libc.a(memset.o)
                0x00209560                memset
 .text          0x002095c8       0x60 /cygdrive/C/cygwin/GNUARM/bin/../lib/gcc/arm-elf/4.0.2/../../../../arm-elf/lib/thumb/interwork/libc.a(strcpy.o)
                0x002095c8                strcpy
 .text          0x00209628       0x48 /cygdrive/C/cygwin/GNUARM/bin/../lib/gcc/arm-elf/4.0.2/../../../../arm-elf/lib/thumb/interwork/libc.a(strlen.o)
                0x00209628                strlen
 .text          0x00209670       0x84 /cygdrive/C/cygwin/GNUARM/bin/../lib/gcc/arm-elf/4.0.2/../../../../arm-elf/lib/thumb/interwork/libc.a(strncpy.o)
                0x00209670                strncpy
 .glue_7        0x002096f4       0x30 /cygdrive/C/cygwin/GNUARM/bin/../lib/gcc/arm-elf/4.0.2/../../../../arm-elf/lib/thumb/interwork/libc.a(strncpy.o)
                0x0020970c                __call_posttaskhook_from_arm
                0x002096f5                __ecrobot_debug1_from_arm
                0x00209701                __ecrobot_debug2_from_arm
                0x00209718                __call_pretaskhook_from_arm
 .glue_7t       0x00209724       0xf8 /cygdrive/C/cygwin/GNUARM/bin/../lib/gcc/arm-elf/4.0.2/../../../../arm-elf/lib/thumb/interwork/libc.a(strncpy.o)
                0x00209750                __start_change_to_arm
                0x002097f4                __interrupts_get_and_disable_from_thumb
                0x00209814                ____lesf2_from_thumb
                0x002097ed                ____gtdf2_from_thumb
                0x00209745                __exit_and_dispatch_from_thumb
                0x002097cc                ____divsf3_from_thumb
                0x00209810                ____gesf2_change_to_arm
                0x002097e4                ____subdf3_from_thumb
                0x002097b8                ____fixsfsi_change_to_arm
                0x00209790                ____addsf3_change_to_arm
                0x002097e8                ____subdf3_change_to_arm
                0x002097b4                ____fixsfsi_from_thumb
                0x0020977c                ____floatsisf_from_thumb
                0x00209754                ____extendsfdf2_from_thumb
                0x00209748                __exit_and_dispatch_change_to_arm
                0x00209724                __disable_int_from_thumb
                0x0020980c                ____gesf2_from_thumb
                0x0020973c                __start_dispatch_from_thumb
                0x002097a4                ____ltsf2_from_thumb
                0x002097c4                ____fixdfsi_from_thumb
                0x00209798                ____divdf3_change_to_arm
                0x00209818                ____lesf2_change_to_arm
                0x0020974c                __start_from_thumb
                0x002097dd                __Straight_finish_from_thumb
                0x00209774                ____truncdfsf2_from_thumb
                0x00209768                ____muldf3_change_to_arm
                0x002097d0                ____divsf3_change_to_arm
                0x002097c8                ____fixdfsi_change_to_arm
                0x002097d5                __Straight_run_from_thumb
                0x00209794                ____divdf3_from_thumb
                0x002097d8                __Straight_run_change_to_arm
                0x0020972c                __enable_int_from_thumb
                0x00209735                __dispatch_from_thumb
                0x00209800                __interrupts_enable_change_to_arm
                0x0020979c                ____gtsf2_from_thumb
                0x002097f8                __interrupts_get_and_disable_change_to_arm
                0x00209738                __dispatch_change_to_arm
                0x00209788                ____mulsf3_change_to_arm
                0x00209770                ____adddf3_change_to_arm
                0x002097f0                ____gtdf2_change_to_arm
                0x00209778                ____truncdfsf2_change_to_arm
                0x00209758                ____extendsfdf2_change_to_arm
                0x0020975c                ____floatsidf_from_thumb
                0x00209780                ____floatsisf_change_to_arm
                0x00209805                __display_bios_status_from_thumb
                0x002097bc                ____subsf3_from_thumb
                0x0020976c                ____adddf3_from_thumb
                0x002097a0                ____gtsf2_change_to_arm
                0x00209728                __disable_int_change_to_arm
                0x002097b0                ____fixunssfsi_change_to_arm
                0x002097a8                ____ltsf2_change_to_arm
                0x00209784                ____mulsf3_from_thumb
                0x0020978c                ____addsf3_from_thumb
                0x00209764                ____muldf3_from_thumb
                0x002097ac                ____fixunssfsi_from_thumb
                0x002097c0                ____subsf3_change_to_arm
                0x00209730                __enable_int_change_to_arm
                0x00209760                ____floatsidf_change_to_arm
                0x002097fc                __interrupts_enable_from_thumb
                0x00209808                __display_bios_status_change_to_arm
                0x00209740                __start_dispatch_change_to_arm
                0x002097e0                __Straight_finish_change_to_arm
                0x00209820                . = ALIGN (0x10)
 *fill*         0x0020981c        0x4 00
 *(*.rodata *.rodata.*)
 .rodata.tinib_stksz
                0x00209820        0x2 build/./kernel_cfg.o
                0x00209820                tinib_stksz
 *fill*         0x00209822        0x2 00
 .rodata.tinib_stk
                0x00209824        0x4 build/./kernel_cfg.o
                0x00209824                tinib_stk
 .rodata.tinib_task
                0x00209828        0x4 build/./kernel_cfg.o
                0x00209828                tinib_task
 .rodata.tinib_autoact
                0x0020982c        0x1 build/./kernel_cfg.o
                0x0020982c                tinib_autoact
 .rodata.tinib_exepri
                0x0020982d        0x1 build/./kernel_cfg.o
                0x0020982d                tinib_exepri
 .rodata.tinib_inipri
                0x0020982e        0x1 build/./kernel_cfg.o
                0x0020982e                tinib_inipri
 .rodata.tnum_exttask
                0x0020982f        0x1 build/./kernel_cfg.o
                0x0020982f                tnum_exttask
 .rodata.tnum_task
                0x00209830        0x1 build/./kernel_cfg.o
                0x00209830                tnum_task
 *fill*         0x00209831        0x3 00
 .rodata.exec_addr
                0x00209834        0x4 build/ecrobot_base.o
                0x00209834                exec_addr
 .rodata.str1.4
                0x00209838       0x80 build/ecrobot_base.o
 .rodata.BATTERY_OFFSET
                0x002098b8        0x4 build/balancer_param.o
                0x002098b8                BATTERY_OFFSET
 .rodata.BATTERY_GAIN
                0x002098bc        0x4 build/balancer_param.o
                0x002098bc                BATTERY_GAIN
 .rodata.str1.4
                0x002098c0        0xf build/UI.o
                                 0x10 (size before relaxing)
 *fill*         0x002098cf        0x1 00
 .rodata.str1.4
                0x002098d0       0x13 build/model_impl.o
                                 0x1c (size before relaxing)
 *fill*         0x002098e3        0x1 00
 .rodata.GarageIn_run
                0x002098e4       0x14 build/GarageIn.o
 .rodata.Basic_run
                0x002098f8       0x20 build/Basic.o
                0x00209920                . = ALIGN (0x10)
 *fill*         0x00209918        0x8 00
 *(*.gnu.linkonce.* .gcc_except_table)
                0x00209920                . = ALIGN (0x10)

.tors           0x00209920        0x0
                0x00209920                . = ALIGN (0x10)
                0x00209920                __ctor_begin = .
 *(*.ctors*)
                0x00209920                __ctor_end = .
                0x00209920                . = ALIGN (0x10)
                0x00209920                __dtor_begin = .
 *(*.dtors*)
                0x00209920                __dtor_end = .
                0x00209920                . = ALIGN (0x10)

.bss            0x00209920     0x156c
 *(*.bss *.bss.*)
 .bss.ready_primap
                0x00209920        0x2 build/kernel/task.o
 .bss.ready_queue_last
                0x00209922       0x10 build/kernel/task.o
 .bss.ready_queue_first
                0x00209932       0x10 build/kernel/task.o
 *fill*         0x00209942        0x2 00
 .bss._stack_TaskMain
                0x00209944      0x200 build/./kernel_cfg.o
 .bss.receiveBuf
                0x00209b44       0x80 build/ecrobot_bluetooth.o
 .bss.sendBuf   0x00209bc4      0x100 build/ecrobot_bluetooth.o
 .bss.handle    0x00209cc4        0x1 build/ecrobot_bluetooth.o
 *fill*         0x00209cc5        0x3 00
 .bss.status_bar_position
                0x00209cc8        0x4 build/ecrobot_base.o
 .bss.last_act_time.2701
                0x00209ccc        0x4 build/ecrobot_base.o
 .bss.lcd.2630  0x00209cd0      0x320 build/ecrobot_base.o
 .bss.OS_flag   0x00209ff0        0x4 build/ecrobot_base.o
 .bss.status_bar
                0x00209ff4       0x10 build/ecrobot_base.o
 .bss.alert.2230
                0x0020a004        0x4 build/SonarSensor.o
 .bss.counter.2229
                0x0020a008        0x4 build/SonarSensor.o
 .bss.buttons_i
                0x0020a00c        0x4 ../nxtOSEK/ecrobot/../ecrobot/libecrobot.a(ecrobot_interface.o)
 .bss.buttons_states
                0x0020a010       0x14 ../nxtOSEK/ecrobot/../ecrobot/libecrobot.a(ecrobot_interface.o)
 .bss.ecrobot_inputs
                0x0020a024        0x8 ../nxtOSEK/ecrobot/../ecrobot/libecrobot.a(ecrobot_interface.o)
 .bss.systick_ms
                0x0020a02c        0x4 ../nxtOSEK/ecrobot/../ecrobot/libecrobot.a(systick.oram)
 .bss.delayedEnable
                0x0020a030        0x1 ../nxtOSEK/ecrobot/../ecrobot/libecrobot.a(udp.oram)
 *fill*         0x0020a031        0x3 00
 .bss.outCnt    0x0020a034        0x4 ../nxtOSEK/ecrobot/../ecrobot/libecrobot.a(udp.oram)
 .bss.outPtr    0x0020a038        0x4 ../nxtOSEK/ecrobot/../ecrobot/libecrobot.a(udp.oram)
 .bss.newAddress
                0x0020a03c        0x4 ../nxtOSEK/ecrobot/../ecrobot/libecrobot.a(udp.oram)
 .bss.currentRxBank
                0x0020a040        0x4 ../nxtOSEK/ecrobot/../ecrobot/libecrobot.a(udp.oram)
 .bss.currentFeatures
                0x0020a044        0x4 ../nxtOSEK/ecrobot/../ecrobot/libecrobot.a(udp.oram)
 .bss.currentConfig
                0x0020a048        0x1 ../nxtOSEK/ecrobot/../ecrobot/libecrobot.a(udp.oram)
 *fill*         0x0020a049        0x3 00
 .bss.twi_mask  0x0020a04c        0x4 ../nxtOSEK/ecrobot/../ecrobot/libecrobot.a(twi.oram)
 .bss.twi_ptr   0x0020a050        0x4 ../nxtOSEK/ecrobot/../ecrobot/libecrobot.a(twi.oram)
 .bss.twi_pending
                0x0020a054        0x4 ../nxtOSEK/ecrobot/../ecrobot/libecrobot.a(twi.oram)
 .bss.twi_state
                0x0020a058        0x4 ../nxtOSEK/ecrobot/../ecrobot/libecrobot.a(twi.oram)
 .bss.page      0x0020a05c        0x1 ../nxtOSEK/ecrobot/../ecrobot/libecrobot.a(nxt_spi.oram)
                0x0020a05c                page
 .bss.dirty     0x0020a05d        0x1 ../nxtOSEK/ecrobot/../ecrobot/libecrobot.a(nxt_spi.oram)
                0x0020a05d                dirty
 *fill*         0x0020a05e        0x2 00
 .bss.display   0x0020a060        0x4 ../nxtOSEK/ecrobot/../ecrobot/libecrobot.a(nxt_spi.oram)
                0x0020a060                display
 .bss.interrupts_this_period
                0x0020a064        0x4 ../nxtOSEK/ecrobot/../ecrobot/libecrobot.a(nxt_motors.oram)
 .bss.nxt_motor_initialised
                0x0020a068        0x4 ../nxtOSEK/ecrobot/../ecrobot/libecrobot.a(nxt_motors.oram)
 .bss.motor     0x0020a06c       0x30 ../nxtOSEK/ecrobot/../ecrobot/libecrobot.a(nxt_motors.oram)
 .bss.display_tick
                0x0020a09c        0x4 ../nxtOSEK/ecrobot/../ecrobot/libecrobot.a(display.oram)
                0x0020a09c                display_tick
 .bss.display_array
                0x0020a0a0      0x388 ../nxtOSEK/ecrobot/../ecrobot/libecrobot.a(display.oram)
 .bss.i2c_int_count
                0x0020a428        0x4 ../nxtOSEK/ecrobot/../ecrobot/libecrobot.a(i2c.oram)
 .bss.i2c_port  0x0020a42c      0x170 ../nxtOSEK/ecrobot/../ecrobot/libecrobot.a(i2c.oram)
 .bss.sound_mode
                0x0020a59c        0x1 ../nxtOSEK/ecrobot/../ecrobot/libecrobot.a(sound.oram)
                0x0020a59c                sound_mode
 *fill*         0x0020a59d        0x3 00
 .bss.in_buf_idx
                0x0020a5a0        0x4 ../nxtOSEK/ecrobot/../ecrobot/libecrobot.a(bt.oram)
 .bss.buf_ptr   0x0020a5a4        0x4 ../nxtOSEK/ecrobot/../ecrobot/libecrobot.a(bt.oram)
 .bss.out_buf   0x0020a5a8      0x200 ../nxtOSEK/ecrobot/../ecrobot/libecrobot.a(bt.oram)
 .bss.out_buf_ptr
                0x0020a7a8        0x1 ../nxtOSEK/ecrobot/../ecrobot/libecrobot.a(bt.oram)
 .bss.in_buf_in_ptr
                0x0020a7a9        0x1 ../nxtOSEK/ecrobot/../ecrobot/libecrobot.a(bt.oram)
 .bss.in_buf    0x0020a7aa      0x100 ../nxtOSEK/ecrobot/../ecrobot/libecrobot.a(bt.oram)
 *fill*         0x0020a8aa        0x2 00
 .bss.link_state
                0x0020a8ac        0x4 ../nxtOSEK/ecrobot/../ecrobot/libecrobot.a(nxt_avr.oram)
 .bss.update_count
                0x0020a8b0        0x4 ../nxtOSEK/ecrobot/../ecrobot/libecrobot.a(nxt_avr.oram)
 .bss.nxt_avr_stats
                0x0020a8b4       0x14 ../nxtOSEK/ecrobot/../ecrobot/libecrobot.a(nxt_avr.oram)
 .bss.debounce_cnt
                0x0020a8c8        0x2 ../nxtOSEK/ecrobot/../ecrobot/libecrobot.a(nxt_avr.oram)
 .bss.debounce_state
                0x0020a8ca        0x2 ../nxtOSEK/ecrobot/../ecrobot/libecrobot.a(nxt_avr.oram)
 .bss.button_state
                0x0020a8cc        0x2 ../nxtOSEK/ecrobot/../ecrobot/libecrobot.a(nxt_avr.oram)
 .bss.prev_buttons
                0x0020a8ce        0x2 ../nxtOSEK/ecrobot/../ecrobot/libecrobot.a(nxt_avr.oram)
 .bss.from_buf  0x0020a8d0        0x4 ../nxtOSEK/ecrobot/../ecrobot/libecrobot.a(nxt_avr.oram)
 .bss.io_from_avr
                0x0020a8d4        0x4 ../nxtOSEK/ecrobot/../ecrobot/libecrobot.a(nxt_avr.oram)
 .bss.data_from_avr
                0x0020a8d8       0x1a ../nxtOSEK/ecrobot/../ecrobot/libecrobot.a(nxt_avr.oram)
 .bss.data_to_avr
                0x0020a8f2        0x9 ../nxtOSEK/ecrobot/../ecrobot/libecrobot.a(nxt_avr.oram)
 .bss.io_to_avr
                0x0020a8fb        0x8 ../nxtOSEK/ecrobot/../ecrobot/libecrobot.a(nxt_avr.oram)
 *fill*         0x0020a903        0x1 00
 .bss.display   0x0020a904        0x4 ../nxtOSEK/ecrobot/../ecrobot/libecrobot.a(nxt_lcd.oram)
 .bss.ud_thetadot_cmd_lpf
                0x0020a908        0x4 ../nxtOSEK/ecrobot/../ecrobot/libnxtway_gs_balancer.a(balancer.o)
 .bss.ud_theta_ref
                0x0020a90c        0x4 ../nxtOSEK/ecrobot/../ecrobot/libnxtway_gs_balancer.a(balancer.o)
 .bss.ud_theta_lpf
                0x0020a910        0x4 ../nxtOSEK/ecrobot/../ecrobot/libnxtway_gs_balancer.a(balancer.o)
 .bss.ud_psi    0x0020a914        0x4 ../nxtOSEK/ecrobot/../ecrobot/libnxtway_gs_balancer.a(balancer.o)
 .bss.ud_err_theta
                0x0020a918        0x4 ../nxtOSEK/ecrobot/../ecrobot/libnxtway_gs_balancer.a(balancer.o)
                0x0020a920                . = ALIGN (0x10)
 *fill*         0x0020a91c        0x4 00
                0x0020a920                __bss_end__ = .
 COMMON         0x0020a920        0x2 build/kernel/interrupt.o
                0x0020a920                runisr
                0x0020a921                sus_all_cnt
 *fill*         0x0020a922        0x2 00
 COMMON         0x0020a924       0x10 build/kernel/osctl.o
                0x0020a924                callevel
                0x0020a925                _errorhook_svcid
                0x0020a926                appmode
                0x0020a928                _errorhook_par1
                0x0020a92c                _errorhook_par3
                0x0020a930                _errorhook_par2
 COMMON         0x0020a934        0x3 build/kernel/task.o
                0x0020a934                runtsk
                0x0020a935                schedtsk
                0x0020a936                nextpri
 *fill*         0x0020a937        0x1 00
 COMMON         0x0020a938       0x2c build/./kernel_cfg.o
                0x0020a938                tcb_waievt
                0x0020a93c                rescb_prevpri
                0x0020a93d                almcb_prev
                0x0020a93e                tcb_lastres
                0x0020a940                almcb_almval
                0x0020a944                tcxb_pc
                0x0020a948                tcb_next
                0x0020a949                tcb_curpri
                0x0020a94a                tcb_tstat
                0x0020a94b                isrcb_lastres
                0x0020a94c                cntcb_almque
                0x0020a94d                rescb_prevres
                0x0020a94e                tcb_actcnt
                0x0020a950                tcb_curevt
                0x0020a954                almcb_cycle
                0x0020a958                tcxb_sp
                0x0020a95c                almcb_next
                0x0020a960                cntcb_curval
 COMMON         0x0020a964      0x1bc build/model_impl.o
                0x0020a964                maimai
                0x0020a97c                rightMotor
                0x0020a980                tailMotor
                0x0020a984                sonarSensor
                0x0020a988                basic
                0x0020a99c                garageIn
                0x0020a9b8                grayDetector
                0x0020a9c4                lookUpGate
                0x0020a9f0                gyroSensor
                0x0020a9f8                distMeasure
                0x0020aa00                leftMotor
                0x0020aa04                touchSensor
                0x0020aa08                balanceRunner
                0x0020aa20                lightSensor
                0x0020aa28                lineTracer
                0x0020aa60                tailRunner
                0x0020aa78                ui
                0x0020ab18                colorJudgement
 COMMON         0x0020ab20       0x44 ../nxtOSEK/ecrobot/../ecrobot/libecrobot.a(uart.oram)
                0x0020ab20                uart
 COMMON         0x0020ab64        0x4 ../nxtOSEK/ecrobot/../ecrobot/libecrobot.a(data_abort.oram)
                0x0020ab64                data_abort_pc
 COMMON         0x0020ab68        0x8 ../nxtOSEK/ecrobot/../ecrobot/libecrobot.a(display.oram)
                0x0020ab68                display_x
                0x0020ab6c                display_y
 COMMON         0x0020ab70      0x31c ../nxtOSEK/ecrobot/../ecrobot/libecrobot.a(sound.oram)
                0x0020ab70                sample
                0x00209920                __bss_start__ = ADDR (.bss)
                0x0020ae8c                __bss_end__ = (ADDR (.bss) + SIZEOF (.bss))
                0x0020ae8c                PROVIDE (end, .)

.heap_area      0x0020ae8c     0x4cec
                0x0020fb78                . = (. + (0x20fb78 - end))
 *fill*         0x0020ae8c     0x4cec 00

.stack          0x0020fb78      0x488
                0x0020fbf8                . = (. + 0x80)
 *fill*         0x0020fb78       0x80 00
                0x0020fc00                . = ALIGN (0x10)
 *fill*         0x0020fbf8        0x8 00
                0x0020fc00                __irq_stack__ = .
                0x0020fc00                __system_stack_bottom__ = .
                0x00210000                . = (. + 0x400)
 *fill*         0x0020fc00      0x400 00
                0x00210000                . = ALIGN (0x10)
                0x00210000                __system_stack__ = .
                0x00210000                __system_stack_top__ = .
                0x0020fb78                __stack_start__ = ADDR (.stack)
                0x00210000                __stack_end__ = (ADDR (.stack) + SIZEOF (.stack))
OUTPUT(maimai_ram.elf elf32-littlearm)

.comment        0x00000000      0x4ec
 .comment       0x00000000       0x12 build/kernel/alarm.o
 .comment       0x00000012       0x12 build/kernel/event.o
 .comment       0x00000024       0x12 build/kernel/interrupt.o
 .comment       0x00000036       0x12 build/kernel/osctl.o
 .comment       0x00000048       0x12 build/kernel/resource.o
 .comment       0x0000005a       0x12 build/kernel/task.o
 .comment       0x0000006c       0x12 build/kernel/task_manage.o
 .comment       0x0000007e       0x12 build/config/at91sam7s-gnu/cpu_config.o
 .comment       0x00000090       0x12 build/config/at91sam7s-gnu/lego_nxt/sys_config.o
 .comment       0x000000a2       0x12 build/./kernel_cfg.o
 .comment       0x000000b4       0x12 build/syscalls.o
 .comment       0x000000c6       0x12 build/ecrobot_bluetooth.o
 .comment       0x000000d8       0x12 build/ecrobot_base.o
 .comment       0x000000ea       0x12 build/ecrobot.o
 .comment       0x000000fc       0x12 build/balancer_param.o
 .comment       0x0000010e       0x12 build/LineTracer.o
 .comment       0x00000120       0x12 build/UI.o
 .comment       0x00000132       0x12 build/ColorJudgement.o
 .comment       0x00000144       0x12 build/BalanceRunner.o
 .comment       0x00000156       0x12 build/TouchSensor.o
 .comment       0x00000168       0x12 build/GyroSensor.o
 .comment       0x0000017a       0x12 build/LightSensor.o
 .comment       0x0000018c       0x12 build/Motor.o
 .comment       0x0000019e       0x12 build/model_impl.o
 .comment       0x000001b0       0x12 build/GarageIn.o
 .comment       0x000001c2       0x12 build/Basic.o
 .comment       0x000001d4       0x12 build/SeeSaw.o
 .comment       0x000001e6       0x12 build/LineReturn.o
 .comment       0x000001f8       0x12 build/SonarSensor.o
 .comment       0x0000020a       0x12 build/LookUpGate.o
 .comment       0x0000021c       0x12 build/LookUpRunner.o
 .comment       0x0000022e       0x12 build/Maimai.o
 .comment       0x00000240       0x12 build/TailRunner.o
 .comment       0x00000252       0x12 build/DistMeasure.o
 .comment       0x00000264       0x12 build/GrayDetector.o
 .comment       0x00000276       0x12 build/syslib/at91sam7s-gnu/lego_nxt/hw_sys_timer.oram
 .comment       0x00000288       0x12 ../nxtOSEK/ecrobot/../ecrobot/libecrobot.a(ecrobot_HiTechnic.o)
 .comment       0x0000029a       0x12 ../nxtOSEK/ecrobot/../ecrobot/libecrobot.a(ecrobot_interface.o)
 .comment       0x000002ac       0x12 ../nxtOSEK/ecrobot/../ecrobot/libecrobot.a(colorsensor.o)
 .comment       0x000002be       0x12 ../nxtOSEK/ecrobot/../ecrobot/libecrobot.a(osek_hook.o)
 .comment       0x000002d0       0x12 ../nxtOSEK/ecrobot/../ecrobot/libecrobot.a(uart.oram)
 .comment       0x000002e2       0x12 ../nxtOSEK/ecrobot/../ecrobot/libecrobot.a(systick.oram)
 .comment       0x000002f4       0x12 ../nxtOSEK/ecrobot/../ecrobot/libecrobot.a(byte_fifo.oram)
 .comment       0x00000306       0x12 ../nxtOSEK/ecrobot/../ecrobot/libecrobot.a(aic.oram)
 .comment       0x00000318       0x12 ../nxtOSEK/ecrobot/../ecrobot/libecrobot.a(udp.oram)
 .comment       0x0000032a       0x12 ../nxtOSEK/ecrobot/../ecrobot/libecrobot.a(twi.oram)
 .comment       0x0000033c       0x12 ../nxtOSEK/ecrobot/../ecrobot/libecrobot.a(nxt_spi.oram)
 .comment       0x0000034e       0x12 ../nxtOSEK/ecrobot/../ecrobot/libecrobot.a(nxt_motors.oram)
 .comment       0x00000360       0x12 ../nxtOSEK/ecrobot/../ecrobot/libecrobot.a(data_abort.oram)
 .comment       0x00000372       0x12 ../nxtOSEK/ecrobot/../ecrobot/libecrobot.a(display.oram)
 .comment       0x00000384       0x12 ../nxtOSEK/ecrobot/../ecrobot/libecrobot.a(i2c.oram)
 .comment       0x00000396       0x12 ../nxtOSEK/ecrobot/../ecrobot/libecrobot.a(sound.oram)
 .comment       0x000003a8       0x12 ../nxtOSEK/ecrobot/../ecrobot/libecrobot.a(bt.oram)
 .comment       0x000003ba       0x12 ../nxtOSEK/ecrobot/../ecrobot/libecrobot.a(nxt_avr.oram)
 .comment       0x000003cc       0x12 ../nxtOSEK/ecrobot/../ecrobot/libecrobot.a(sensors.oram)
 .comment       0x000003de       0x12 ../nxtOSEK/ecrobot/../ecrobot/libecrobot.a(sensors1.oram)
 .comment       0x000003f0       0x12 ../nxtOSEK/ecrobot/../ecrobot/libecrobot.a(nxt_lcd.oram)
 .comment       0x00000402       0x12 ../nxtOSEK/ecrobot/../ecrobot/libecrobot.a(flash_loader.oram)
 .comment       0x00000414       0x12 ../nxtOSEK/ecrobot/../ecrobot/libecrobot.a(ecrobot_usb.o)
 .comment       0x00000426       0x12 ../nxtOSEK/ecrobot/../ecrobot/libecrobot.a(flashprog.oram)
 .comment       0x00000438       0x12 ../nxtOSEK/ecrobot/../ecrobot/libnxtway_gs_balancer.a(balancer.o)
 .comment       0x0000044a       0x12 /cygdrive/C/cygwin/GNUARM/bin/../lib/gcc/arm-elf/4.0.2/thumb/interwork/libgcc.a(_muldi3.o)
 .comment       0x0000045c       0x12 /cygdrive/C/cygwin/GNUARM/bin/../lib/gcc/arm-elf/4.0.2/thumb/interwork/libgcc.a(_divdi3.o)
 .comment       0x0000046e       0x12 /cygdrive/C/cygwin/GNUARM/bin/../lib/gcc/arm-elf/4.0.2/thumb/interwork/libgcc.a(_clz.o)
 .comment       0x00000480       0x12 /cygdrive/C/cygwin/GNUARM/bin/../lib/gcc/arm-elf/4.0.2/../../../../arm-elf/lib/thumb/interwork/libc.a(memcpy.o)
 .comment       0x00000492       0x12 /cygdrive/C/cygwin/GNUARM/bin/../lib/gcc/arm-elf/4.0.2/../../../../arm-elf/lib/thumb/interwork/libc.a(memset.o)
 .comment       0x000004a4       0x12 /cygdrive/C/cygwin/GNUARM/bin/../lib/gcc/arm-elf/4.0.2/../../../../arm-elf/lib/thumb/interwork/libc.a(strcmp.o)
 .comment       0x000004b6       0x12 /cygdrive/C/cygwin/GNUARM/bin/../lib/gcc/arm-elf/4.0.2/../../../../arm-elf/lib/thumb/interwork/libc.a(strcpy.o)
 .comment       0x000004c8       0x12 /cygdrive/C/cygwin/GNUARM/bin/../lib/gcc/arm-elf/4.0.2/../../../../arm-elf/lib/thumb/interwork/libc.a(strlen.o)
 .comment       0x000004da       0x12 /cygdrive/C/cygwin/GNUARM/bin/../lib/gcc/arm-elf/4.0.2/../../../../arm-elf/lib/thumb/interwork/libc.a(strncpy.o)

.debug_line     0x00000000     0x1004
 .debug_line    0x00000000       0x70 /cygdrive/C/cygwin/GNUARM/bin/../lib/gcc/arm-elf/4.0.2/thumb/interwork/libgcc.a(_udivsi3.o)
 .debug_line    0x00000070       0x7c /cygdrive/C/cygwin/GNUARM/bin/../lib/gcc/arm-elf/4.0.2/thumb/interwork/libgcc.a(_divsi3.o)
 .debug_line    0x000000ec       0x68 /cygdrive/C/cygwin/GNUARM/bin/../lib/gcc/arm-elf/4.0.2/thumb/interwork/libgcc.a(_umodsi3.o)
 .debug_line    0x00000154       0x71 /cygdrive/C/cygwin/GNUARM/bin/../lib/gcc/arm-elf/4.0.2/thumb/interwork/libgcc.a(_modsi3.o)
 .debug_line    0x000001c5       0x5a /cygdrive/C/cygwin/GNUARM/bin/../lib/gcc/arm-elf/4.0.2/thumb/interwork/libgcc.a(_dvmd_tls.o)
 .debug_line    0x0000021f      0x162 /cygdrive/C/cygwin/GNUARM/bin/../lib/gcc/arm-elf/4.0.2/thumb/interwork/libgcc.a(_addsubdf3.o)
 .debug_line    0x00000381      0x177 /cygdrive/C/cygwin/GNUARM/bin/../lib/gcc/arm-elf/4.0.2/thumb/interwork/libgcc.a(_muldivdf3.o)
 .debug_line    0x000004f8       0xa4 /cygdrive/C/cygwin/GNUARM/bin/../lib/gcc/arm-elf/4.0.2/thumb/interwork/libgcc.a(_cmpdf2.o)
 .debug_line    0x0000059c       0x6f /cygdrive/C/cygwin/GNUARM/bin/../lib/gcc/arm-elf/4.0.2/thumb/interwork/libgcc.a(_fixdfsi.o)
 .debug_line    0x0000060b       0x80 /cygdrive/C/cygwin/GNUARM/bin/../lib/gcc/arm-elf/4.0.2/thumb/interwork/libgcc.a(_truncdfsf2.o)
 .debug_line    0x0000068b      0x110 /cygdrive/C/cygwin/GNUARM/bin/../lib/gcc/arm-elf/4.0.2/thumb/interwork/libgcc.a(_addsubsf3.o)
 .debug_line    0x0000079b      0x11a /cygdrive/C/cygwin/GNUARM/bin/../lib/gcc/arm-elf/4.0.2/thumb/interwork/libgcc.a(_muldivsf3.o)
 .debug_line    0x000008b5       0x98 /cygdrive/C/cygwin/GNUARM/bin/../lib/gcc/arm-elf/4.0.2/thumb/interwork/libgcc.a(_cmpsf2.o)
 .debug_line    0x0000094d       0x6f /cygdrive/C/cygwin/GNUARM/bin/../lib/gcc/arm-elf/4.0.2/thumb/interwork/libgcc.a(_fixsfsi.o)
 .debug_line    0x000009bc       0x6d /cygdrive/C/cygwin/GNUARM/bin/../lib/gcc/arm-elf/4.0.2/thumb/interwork/libgcc.a(_fixunssfsi.o)
 .debug_line    0x00000a29       0x61 /cygdrive/C/cygwin/GNUARM/bin/../lib/gcc/arm-elf/4.0.2/thumb/interwork/libgcc.a(_muldi3.o)
 .debug_line    0x00000a8a      0x122 /cygdrive/C/cygwin/GNUARM/bin/../lib/gcc/arm-elf/4.0.2/thumb/interwork/libgcc.a(_divdi3.o)
 .debug_line    0x00000bac       0x48 /cygdrive/C/cygwin/GNUARM/bin/../lib/gcc/arm-elf/4.0.2/thumb/interwork/libgcc.a(_clz.o)
 .debug_line    0x00000bf4       0xc3 /cygdrive/C/cygwin/GNUARM/bin/../lib/gcc/arm-elf/4.0.2/../../../../arm-elf/lib/thumb/interwork/libc.a(memcpy.o)
 .debug_line    0x00000cb7       0xd4 /cygdrive/C/cygwin/GNUARM/bin/../lib/gcc/arm-elf/4.0.2/../../../../arm-elf/lib/thumb/interwork/libc.a(memset.o)
 .debug_line    0x00000d8b       0x88 /cygdrive/C/cygwin/GNUARM/bin/../lib/gcc/arm-elf/4.0.2/../../../../arm-elf/lib/thumb/interwork/libc.a(strcmp.o)
 .debug_line    0x00000e13       0x80 /cygdrive/C/cygwin/GNUARM/bin/../lib/gcc/arm-elf/4.0.2/../../../../arm-elf/lib/thumb/interwork/libc.a(strcpy.o)
 .debug_line    0x00000e93       0xaf /cygdrive/C/cygwin/GNUARM/bin/../lib/gcc/arm-elf/4.0.2/../../../../arm-elf/lib/thumb/interwork/libc.a(strlen.o)
 .debug_line    0x00000f42       0xc2 /cygdrive/C/cygwin/GNUARM/bin/../lib/gcc/arm-elf/4.0.2/../../../../arm-elf/lib/thumb/interwork/libc.a(strncpy.o)

.debug_info     0x00000000     0x1659
 .debug_info    0x00000000       0x6a /cygdrive/C/cygwin/GNUARM/bin/../lib/gcc/arm-elf/4.0.2/thumb/interwork/libgcc.a(_udivsi3.o)
 .debug_info    0x0000006a       0x6a /cygdrive/C/cygwin/GNUARM/bin/../lib/gcc/arm-elf/4.0.2/thumb/interwork/libgcc.a(_divsi3.o)
 .debug_info    0x000000d4       0x6a /cygdrive/C/cygwin/GNUARM/bin/../lib/gcc/arm-elf/4.0.2/thumb/interwork/libgcc.a(_umodsi3.o)
 .debug_info    0x0000013e       0x6a /cygdrive/C/cygwin/GNUARM/bin/../lib/gcc/arm-elf/4.0.2/thumb/interwork/libgcc.a(_modsi3.o)
 .debug_info    0x000001a8       0x6a /cygdrive/C/cygwin/GNUARM/bin/../lib/gcc/arm-elf/4.0.2/thumb/interwork/libgcc.a(_dvmd_tls.o)
 .debug_info    0x00000212       0x69 /cygdrive/C/cygwin/GNUARM/bin/../lib/gcc/arm-elf/4.0.2/thumb/interwork/libgcc.a(_addsubdf3.o)
 .debug_info    0x0000027b       0x69 /cygdrive/C/cygwin/GNUARM/bin/../lib/gcc/arm-elf/4.0.2/thumb/interwork/libgcc.a(_muldivdf3.o)
 .debug_info    0x000002e4       0x69 /cygdrive/C/cygwin/GNUARM/bin/../lib/gcc/arm-elf/4.0.2/thumb/interwork/libgcc.a(_cmpdf2.o)
 .debug_info    0x0000034d       0x69 /cygdrive/C/cygwin/GNUARM/bin/../lib/gcc/arm-elf/4.0.2/thumb/interwork/libgcc.a(_fixdfsi.o)
 .debug_info    0x000003b6       0x69 /cygdrive/C/cygwin/GNUARM/bin/../lib/gcc/arm-elf/4.0.2/thumb/interwork/libgcc.a(_truncdfsf2.o)
 .debug_info    0x0000041f       0x69 /cygdrive/C/cygwin/GNUARM/bin/../lib/gcc/arm-elf/4.0.2/thumb/interwork/libgcc.a(_addsubsf3.o)
 .debug_info    0x00000488       0x69 /cygdrive/C/cygwin/GNUARM/bin/../lib/gcc/arm-elf/4.0.2/thumb/interwork/libgcc.a(_muldivsf3.o)
 .debug_info    0x000004f1       0x69 /cygdrive/C/cygwin/GNUARM/bin/../lib/gcc/arm-elf/4.0.2/thumb/interwork/libgcc.a(_cmpsf2.o)
 .debug_info    0x0000055a       0x69 /cygdrive/C/cygwin/GNUARM/bin/../lib/gcc/arm-elf/4.0.2/thumb/interwork/libgcc.a(_fixsfsi.o)
 .debug_info    0x000005c3       0x69 /cygdrive/C/cygwin/GNUARM/bin/../lib/gcc/arm-elf/4.0.2/thumb/interwork/libgcc.a(_fixunssfsi.o)
 .debug_info    0x0000062c      0x20e /cygdrive/C/cygwin/GNUARM/bin/../lib/gcc/arm-elf/4.0.2/thumb/interwork/libgcc.a(_muldi3.o)
 .debug_info    0x0000083a      0x758 /cygdrive/C/cygwin/GNUARM/bin/../lib/gcc/arm-elf/4.0.2/thumb/interwork/libgcc.a(_divdi3.o)
 .debug_info    0x00000f92       0xc9 /cygdrive/C/cygwin/GNUARM/bin/../lib/gcc/arm-elf/4.0.2/thumb/interwork/libgcc.a(_clz.o)
 .debug_info    0x0000105b      0x10d /cygdrive/C/cygwin/GNUARM/bin/../lib/gcc/arm-elf/4.0.2/../../../../arm-elf/lib/thumb/interwork/libc.a(memcpy.o)
 .debug_info    0x00001168      0x111 /cygdrive/C/cygwin/GNUARM/bin/../lib/gcc/arm-elf/4.0.2/../../../../arm-elf/lib/thumb/interwork/libc.a(memset.o)
 .debug_info    0x00001279       0xd9 /cygdrive/C/cygwin/GNUARM/bin/../lib/gcc/arm-elf/4.0.2/../../../../arm-elf/lib/thumb/interwork/libc.a(strcmp.o)
 .debug_info    0x00001352      0x10c /cygdrive/C/cygwin/GNUARM/bin/../lib/gcc/arm-elf/4.0.2/../../../../arm-elf/lib/thumb/interwork/libc.a(strcpy.o)
 .debug_info    0x0000145e       0xd5 /cygdrive/C/cygwin/GNUARM/bin/../lib/gcc/arm-elf/4.0.2/../../../../arm-elf/lib/thumb/interwork/libc.a(strlen.o)
 .debug_info    0x00001533      0x126 /cygdrive/C/cygwin/GNUARM/bin/../lib/gcc/arm-elf/4.0.2/../../../../arm-elf/lib/thumb/interwork/libc.a(strncpy.o)

.debug_abbrev   0x00000000      0x729
 .debug_abbrev  0x00000000       0x14 /cygdrive/C/cygwin/GNUARM/bin/../lib/gcc/arm-elf/4.0.2/thumb/interwork/libgcc.a(_udivsi3.o)
 .debug_abbrev  0x00000014       0x14 /cygdrive/C/cygwin/GNUARM/bin/../lib/gcc/arm-elf/4.0.2/thumb/interwork/libgcc.a(_divsi3.o)
 .debug_abbrev  0x00000028       0x14 /cygdrive/C/cygwin/GNUARM/bin/../lib/gcc/arm-elf/4.0.2/thumb/interwork/libgcc.a(_umodsi3.o)
 .debug_abbrev  0x0000003c       0x14 /cygdrive/C/cygwin/GNUARM/bin/../lib/gcc/arm-elf/4.0.2/thumb/interwork/libgcc.a(_modsi3.o)
 .debug_abbrev  0x00000050       0x14 /cygdrive/C/cygwin/GNUARM/bin/../lib/gcc/arm-elf/4.0.2/thumb/interwork/libgcc.a(_dvmd_tls.o)
 .debug_abbrev  0x00000064       0x14 /cygdrive/C/cygwin/GNUARM/bin/../lib/gcc/arm-elf/4.0.2/thumb/interwork/libgcc.a(_addsubdf3.o)
 .debug_abbrev  0x00000078       0x14 /cygdrive/C/cygwin/GNUARM/bin/../lib/gcc/arm-elf/4.0.2/thumb/interwork/libgcc.a(_muldivdf3.o)
 .debug_abbrev  0x0000008c       0x14 /cygdrive/C/cygwin/GNUARM/bin/../lib/gcc/arm-elf/4.0.2/thumb/interwork/libgcc.a(_cmpdf2.o)
 .debug_abbrev  0x000000a0       0x14 /cygdrive/C/cygwin/GNUARM/bin/../lib/gcc/arm-elf/4.0.2/thumb/interwork/libgcc.a(_fixdfsi.o)
 .debug_abbrev  0x000000b4       0x14 /cygdrive/C/cygwin/GNUARM/bin/../lib/gcc/arm-elf/4.0.2/thumb/interwork/libgcc.a(_truncdfsf2.o)
 .debug_abbrev  0x000000c8       0x14 /cygdrive/C/cygwin/GNUARM/bin/../lib/gcc/arm-elf/4.0.2/thumb/interwork/libgcc.a(_addsubsf3.o)
 .debug_abbrev  0x000000dc       0x14 /cygdrive/C/cygwin/GNUARM/bin/../lib/gcc/arm-elf/4.0.2/thumb/interwork/libgcc.a(_muldivsf3.o)
 .debug_abbrev  0x000000f0       0x14 /cygdrive/C/cygwin/GNUARM/bin/../lib/gcc/arm-elf/4.0.2/thumb/interwork/libgcc.a(_cmpsf2.o)
 .debug_abbrev  0x00000104       0x14 /cygdrive/C/cygwin/GNUARM/bin/../lib/gcc/arm-elf/4.0.2/thumb/interwork/libgcc.a(_fixsfsi.o)
 .debug_abbrev  0x00000118       0x14 /cygdrive/C/cygwin/GNUARM/bin/../lib/gcc/arm-elf/4.0.2/thumb/interwork/libgcc.a(_fixunssfsi.o)
 .debug_abbrev  0x0000012c       0xec /cygdrive/C/cygwin/GNUARM/bin/../lib/gcc/arm-elf/4.0.2/thumb/interwork/libgcc.a(_muldi3.o)
 .debug_abbrev  0x00000218      0x174 /cygdrive/C/cygwin/GNUARM/bin/../lib/gcc/arm-elf/4.0.2/thumb/interwork/libgcc.a(_divdi3.o)
 .debug_abbrev  0x0000038c       0x61 /cygdrive/C/cygwin/GNUARM/bin/../lib/gcc/arm-elf/4.0.2/thumb/interwork/libgcc.a(_clz.o)
 .debug_abbrev  0x000003ed       0x99 /cygdrive/C/cygwin/GNUARM/bin/../lib/gcc/arm-elf/4.0.2/../../../../arm-elf/lib/thumb/interwork/libc.a(memcpy.o)
 .debug_abbrev  0x00000486       0x9a /cygdrive/C/cygwin/GNUARM/bin/../lib/gcc/arm-elf/4.0.2/../../../../arm-elf/lib/thumb/interwork/libc.a(memset.o)
 .debug_abbrev  0x00000520       0x71 /cygdrive/C/cygwin/GNUARM/bin/../lib/gcc/arm-elf/4.0.2/../../../../arm-elf/lib/thumb/interwork/libc.a(strcmp.o)
 .debug_abbrev  0x00000591       0x80 /cygdrive/C/cygwin/GNUARM/bin/../lib/gcc/arm-elf/4.0.2/../../../../arm-elf/lib/thumb/interwork/libc.a(strcpy.o)
 .debug_abbrev  0x00000611       0x8b /cygdrive/C/cygwin/GNUARM/bin/../lib/gcc/arm-elf/4.0.2/../../../../arm-elf/lib/thumb/interwork/libc.a(strlen.o)
 .debug_abbrev  0x0000069c       0x8d /cygdrive/C/cygwin/GNUARM/bin/../lib/gcc/arm-elf/4.0.2/../../../../arm-elf/lib/thumb/interwork/libc.a(strncpy.o)

.debug_aranges  0x00000000      0x2e0
 .debug_aranges
                0x00000000       0x20 /cygdrive/C/cygwin/GNUARM/bin/../lib/gcc/arm-elf/4.0.2/thumb/interwork/libgcc.a(_udivsi3.o)
 .debug_aranges
                0x00000020       0x20 /cygdrive/C/cygwin/GNUARM/bin/../lib/gcc/arm-elf/4.0.2/thumb/interwork/libgcc.a(_divsi3.o)
 .debug_aranges
                0x00000040       0x20 /cygdrive/C/cygwin/GNUARM/bin/../lib/gcc/arm-elf/4.0.2/thumb/interwork/libgcc.a(_umodsi3.o)
 .debug_aranges
                0x00000060       0x20 /cygdrive/C/cygwin/GNUARM/bin/../lib/gcc/arm-elf/4.0.2/thumb/interwork/libgcc.a(_modsi3.o)
 .debug_aranges
                0x00000080       0x20 /cygdrive/C/cygwin/GNUARM/bin/../lib/gcc/arm-elf/4.0.2/thumb/interwork/libgcc.a(_dvmd_tls.o)
 .debug_aranges
                0x000000a0       0x20 /cygdrive/C/cygwin/GNUARM/bin/../lib/gcc/arm-elf/4.0.2/thumb/interwork/libgcc.a(_addsubdf3.o)
 .debug_aranges
                0x000000c0       0x20 /cygdrive/C/cygwin/GNUARM/bin/../lib/gcc/arm-elf/4.0.2/thumb/interwork/libgcc.a(_muldivdf3.o)
 .debug_aranges
                0x000000e0       0x20 /cygdrive/C/cygwin/GNUARM/bin/../lib/gcc/arm-elf/4.0.2/thumb/interwork/libgcc.a(_cmpdf2.o)
 .debug_aranges
                0x00000100       0x20 /cygdrive/C/cygwin/GNUARM/bin/../lib/gcc/arm-elf/4.0.2/thumb/interwork/libgcc.a(_fixdfsi.o)
 .debug_aranges
                0x00000120       0x20 /cygdrive/C/cygwin/GNUARM/bin/../lib/gcc/arm-elf/4.0.2/thumb/interwork/libgcc.a(_truncdfsf2.o)
 .debug_aranges
                0x00000140       0x20 /cygdrive/C/cygwin/GNUARM/bin/../lib/gcc/arm-elf/4.0.2/thumb/interwork/libgcc.a(_addsubsf3.o)
 .debug_aranges
                0x00000160       0x20 /cygdrive/C/cygwin/GNUARM/bin/../lib/gcc/arm-elf/4.0.2/thumb/interwork/libgcc.a(_muldivsf3.o)
 .debug_aranges
                0x00000180       0x20 /cygdrive/C/cygwin/GNUARM/bin/../lib/gcc/arm-elf/4.0.2/thumb/interwork/libgcc.a(_cmpsf2.o)
 .debug_aranges
                0x000001a0       0x20 /cygdrive/C/cygwin/GNUARM/bin/../lib/gcc/arm-elf/4.0.2/thumb/interwork/libgcc.a(_fixsfsi.o)
 .debug_aranges
                0x000001c0       0x20 /cygdrive/C/cygwin/GNUARM/bin/../lib/gcc/arm-elf/4.0.2/thumb/interwork/libgcc.a(_fixunssfsi.o)
 .debug_aranges
                0x000001e0       0x20 /cygdrive/C/cygwin/GNUARM/bin/../lib/gcc/arm-elf/4.0.2/thumb/interwork/libgcc.a(_muldi3.o)
 .debug_aranges
                0x00000200       0x20 /cygdrive/C/cygwin/GNUARM/bin/../lib/gcc/arm-elf/4.0.2/thumb/interwork/libgcc.a(_divdi3.o)
 .debug_aranges
                0x00000220       0x20 /cygdrive/C/cygwin/GNUARM/bin/../lib/gcc/arm-elf/4.0.2/../../../../arm-elf/lib/thumb/interwork/libc.a(memcpy.o)
 .debug_aranges
                0x00000240       0x20 /cygdrive/C/cygwin/GNUARM/bin/../lib/gcc/arm-elf/4.0.2/../../../../arm-elf/lib/thumb/interwork/libc.a(memset.o)
 .debug_aranges
                0x00000260       0x20 /cygdrive/C/cygwin/GNUARM/bin/../lib/gcc/arm-elf/4.0.2/../../../../arm-elf/lib/thumb/interwork/libc.a(strcmp.o)
 .debug_aranges
                0x00000280       0x20 /cygdrive/C/cygwin/GNUARM/bin/../lib/gcc/arm-elf/4.0.2/../../../../arm-elf/lib/thumb/interwork/libc.a(strcpy.o)
 .debug_aranges
                0x000002a0       0x20 /cygdrive/C/cygwin/GNUARM/bin/../lib/gcc/arm-elf/4.0.2/../../../../arm-elf/lib/thumb/interwork/libc.a(strlen.o)
 .debug_aranges
                0x000002c0       0x20 /cygdrive/C/cygwin/GNUARM/bin/../lib/gcc/arm-elf/4.0.2/../../../../arm-elf/lib/thumb/interwork/libc.a(strncpy.o)

.debug_frame    0x00000000      0x180
 .debug_frame   0x00000000       0x38 /cygdrive/C/cygwin/GNUARM/bin/../lib/gcc/arm-elf/4.0.2/thumb/interwork/libgcc.a(_muldi3.o)
 .debug_frame   0x00000038       0x3c /cygdrive/C/cygwin/GNUARM/bin/../lib/gcc/arm-elf/4.0.2/thumb/interwork/libgcc.a(_divdi3.o)
 .debug_frame   0x00000074       0x2c /cygdrive/C/cygwin/GNUARM/bin/../lib/gcc/arm-elf/4.0.2/../../../../arm-elf/lib/thumb/interwork/libc.a(memcpy.o)
 .debug_frame   0x000000a0       0x2c /cygdrive/C/cygwin/GNUARM/bin/../lib/gcc/arm-elf/4.0.2/../../../../arm-elf/lib/thumb/interwork/libc.a(memset.o)
 .debug_frame   0x000000cc       0x2c /cygdrive/C/cygwin/GNUARM/bin/../lib/gcc/arm-elf/4.0.2/../../../../arm-elf/lib/thumb/interwork/libc.a(strcmp.o)
 .debug_frame   0x000000f8       0x2c /cygdrive/C/cygwin/GNUARM/bin/../lib/gcc/arm-elf/4.0.2/../../../../arm-elf/lib/thumb/interwork/libc.a(strcpy.o)
 .debug_frame   0x00000124       0x2c /cygdrive/C/cygwin/GNUARM/bin/../lib/gcc/arm-elf/4.0.2/../../../../arm-elf/lib/thumb/interwork/libc.a(strlen.o)
 .debug_frame   0x00000150       0x30 /cygdrive/C/cygwin/GNUARM/bin/../lib/gcc/arm-elf/4.0.2/../../../../arm-elf/lib/thumb/interwork/libc.a(strncpy.o)

.debug_loc      0x00000000     0x13c0
 .debug_loc     0x00000000      0x156 /cygdrive/C/cygwin/GNUARM/bin/../lib/gcc/arm-elf/4.0.2/thumb/interwork/libgcc.a(_muldi3.o)
 .debug_loc     0x00000156      0xd45 /cygdrive/C/cygwin/GNUARM/bin/../lib/gcc/arm-elf/4.0.2/thumb/interwork/libgcc.a(_divdi3.o)
 .debug_loc     0x00000e9b      0x127 /cygdrive/C/cygwin/GNUARM/bin/../lib/gcc/arm-elf/4.0.2/../../../../arm-elf/lib/thumb/interwork/libc.a(memcpy.o)
 .debug_loc     0x00000fc2      0x12a /cygdrive/C/cygwin/GNUARM/bin/../lib/gcc/arm-elf/4.0.2/../../../../arm-elf/lib/thumb/interwork/libc.a(memset.o)
 .debug_loc     0x000010ec       0x8e /cygdrive/C/cygwin/GNUARM/bin/../lib/gcc/arm-elf/4.0.2/../../../../arm-elf/lib/thumb/interwork/libc.a(strcmp.o)
 .debug_loc     0x0000117a       0xb4 /cygdrive/C/cygwin/GNUARM/bin/../lib/gcc/arm-elf/4.0.2/../../../../arm-elf/lib/thumb/interwork/libc.a(strcpy.o)
 .debug_loc     0x0000122e       0x3c /cygdrive/C/cygwin/GNUARM/bin/../lib/gcc/arm-elf/4.0.2/../../../../arm-elf/lib/thumb/interwork/libc.a(strlen.o)
 .debug_loc     0x0000126a      0x156 /cygdrive/C/cygwin/GNUARM/bin/../lib/gcc/arm-elf/4.0.2/../../../../arm-elf/lib/thumb/interwork/libc.a(strncpy.o)

.debug_pubnames
                0x00000000      0x10d
 .debug_pubnames
                0x00000000       0x1f /cygdrive/C/cygwin/GNUARM/bin/../lib/gcc/arm-elf/4.0.2/thumb/interwork/libgcc.a(_muldi3.o)
 .debug_pubnames