Archive member included because of file (symbol)

../nxtOSEK/ecrobot/../ecrobot/libecrobot.a(ecrobot_HiTechnic.o)
                              build/UI.o (ecrobot_get_gyro_sensor)
../nxtOSEK/ecrobot/../ecrobot/libecrobot.a(ecrobot_interface.o)
                              build/LightSensor.o (ecrobot_set_light_sensor_active)
../nxtOSEK/ecrobot/../ecrobot/libecrobot.a(colorsensor.o)
                              ../nxtOSEK/ecrobot/../ecrobot/libecrobot.a(ecrobot_interface.o) (colorsensor_init)
../nxtOSEK/ecrobot/../ecrobot/libecrobot.a(osek_hook.o)
                              build/kernel/osctl.o (StartupHook)
../nxtOSEK/ecrobot/../ecrobot/libecrobot.a(uart.oram)
                              build/config/at91sam7s-gnu/irq.oram (uart_isr_C_0)
../nxtOSEK/ecrobot/../ecrobot/libecrobot.a(systick.oram)
                              build/syslib/at91sam7s-gnu/lego_nxt/hw_sys_timer.oram (systick_low_priority_C)
../nxtOSEK/ecrobot/../ecrobot/libecrobot.a(byte_fifo.oram)
                              ../nxtOSEK/ecrobot/../ecrobot/libecrobot.a(uart.oram) (byte_fifo_put)
../nxtOSEK/ecrobot/../ecrobot/libecrobot.a(aic.oram)
                              ../nxtOSEK/ecrobot/../ecrobot/libecrobot.a(uart.oram) (aic_set_vector)
../nxtOSEK/ecrobot/../ecrobot/libecrobot.a(udp.oram)
                              build/config/at91sam7s-gnu/irq.oram (udp_isr_C)
../nxtOSEK/ecrobot/../ecrobot/libecrobot.a(twi.oram)
                              build/config/at91sam7s-gnu/irq.oram (twi_isr_C)
../nxtOSEK/ecrobot/../ecrobot/libecrobot.a(nxt_spi.oram)
                              build/config/at91sam7s-gnu/irq.oram (spi_isr_C)
../nxtOSEK/ecrobot/../ecrobot/libecrobot.a(nxt_motors.oram)
                              build/Motor.o (nxt_motor_get_count)
../nxtOSEK/ecrobot/../ecrobot/libecrobot.a(data_abort.oram)
                              build/ecrobot_init.o (data_abort_C)
../nxtOSEK/ecrobot/../ecrobot/libecrobot.a(display.oram)
                              build/ecrobot_base.o (display_update)
../nxtOSEK/ecrobot/../ecrobot/libecrobot.a(i2c.oram)
                              build/config/at91sam7s-gnu/irq.oram (i2c_timer_isr_C)
../nxtOSEK/ecrobot/../ecrobot/libecrobot.a(sound.oram)
                              ../nxtOSEK/ecrobot/../ecrobot/libecrobot.a(ecrobot_interface.o) (sound_get_time)
../nxtOSEK/ecrobot/../ecrobot/libecrobot.a(bt.oram)
                              build/ecrobot_bluetooth.o (bt_send)
../nxtOSEK/ecrobot/../ecrobot/libecrobot.a(nxt_avr.oram)
                              build/ecrobot_base.o (nxt_avr_power_down)
../nxtOSEK/ecrobot/../ecrobot/libecrobot.a(sensors.oram)
                              ../nxtOSEK/ecrobot/../ecrobot/libecrobot.a(ecrobot_interface.o) (unset_digi0)
../nxtOSEK/ecrobot/../ecrobot/libecrobot.a(sensors1.oram)
                              ../nxtOSEK/ecrobot/../ecrobot/libecrobot.a(colorsensor.o) (sensor_pins)
../nxtOSEK/ecrobot/../ecrobot/libecrobot.a(nxt_lcd.oram)
                              ../nxtOSEK/ecrobot/../ecrobot/libecrobot.a(display.oram) (nxt_lcd_force_update)
../nxtOSEK/ecrobot/../ecrobot/libecrobot.a(flash_loader.oram)
                              build/ecrobot.o (set_flash_request)
../nxtOSEK/ecrobot/../ecrobot/libecrobot.a(interrupts.oram)
                              ../nxtOSEK/ecrobot/../ecrobot/libecrobot.a(uart.oram) (interrupts_get_and_disable)
../nxtOSEK/ecrobot/../ecrobot/libecrobot.a(nxtosek_splash.obmp)
                              build/ecrobot_base.o (nxtosek_splash_bmp_start)
../nxtOSEK/ecrobot/../ecrobot/libecrobot.a(ecrobot_usb.o)
                              ../nxtOSEK/ecrobot/../ecrobot/libecrobot.a(flash_loader.oram) (ecrobot_init_usb)
../nxtOSEK/ecrobot/../ecrobot/libecrobot.a(flashprog.oram)
                              ../nxtOSEK/ecrobot/../ecrobot/libecrobot.a(flash_loader.oram) (flash_write_page)
../nxtOSEK/ecrobot/../ecrobot/libnxtway_gs_balancer.a(balancer.o)
                              build/BalanceRunner.o (balance_control)
/cygdrive/C/cygwin/GNUARM/bin/../lib/gcc/arm-elf/4.0.2/thumb/interwork/libgcc.a(_udivsi3.o)
                              build/ecrobot_base.o (__udivsi3)
/cygdrive/C/cygwin/GNUARM/bin/../lib/gcc/arm-elf/4.0.2/thumb/interwork/libgcc.a(_divsi3.o)
                              build/Basic.o (__divsi3)
/cygdrive/C/cygwin/GNUARM/bin/../lib/gcc/arm-elf/4.0.2/thumb/interwork/libgcc.a(_umodsi3.o)
                              ../nxtOSEK/ecrobot/../ecrobot/libecrobot.a(display.oram) (__umodsi3)
/cygdrive/C/cygwin/GNUARM/bin/../lib/gcc/arm-elf/4.0.2/thumb/interwork/libgcc.a(_modsi3.o)
                              build/LookUpRunner.o (__modsi3)
/cygdrive/C/cygwin/GNUARM/bin/../lib/gcc/arm-elf/4.0.2/thumb/interwork/libgcc.a(_dvmd_tls.o)
                              /cygdrive/C/cygwin/GNUARM/bin/../lib/gcc/arm-elf/4.0.2/thumb/interwork/libgcc.a(_udivsi3.o) (__div0)
/cygdrive/C/cygwin/GNUARM/bin/../lib/gcc/arm-elf/4.0.2/thumb/interwork/libgcc.a(_addsubdf3.o)
                              build/Maimai.o (__subdf3)
[...]
Memory Configuration

Name             Origin             Length             Attributes
header_ram       0x001ffff0         0x00000010
vector_ram       0x00200000         0x00000040
ram              0x00200040         0x0000ffc0
*default*        0x00000000         0xffffffff

Linker script and memory map

LOAD build/kernel/alarm.o
LOAD build/kernel/event.o
LOAD build/kernel/interrupt.o
LOAD build/kernel/osctl.o
LOAD build/kernel/resource.o
LOAD build/kernel/task.o
LOAD build/kernel/task_manage.o
LOAD build/config/at91sam7s-gnu/cpu_config.o
LOAD build/config/at91sam7s-gnu/lego_nxt/sys_config.o
LOAD build/./kernel_cfg.o
LOAD build/syscalls.o
LOAD build/ecrobot_bluetooth.o
LOAD build/ecrobot_base.o
LOAD build/ecrobot.o
LOAD build/balancer_param.o
LOAD build/LineTracer.o
LOAD build/UI.o
LOAD build/ColorJudgement.o
LOAD build/BalanceRunner.o
LOAD build/TouchSensor.o
LOAD build/GyroSensor.o
LOAD build/LightSensor.o
LOAD build/Motor.o
LOAD build/model_impl.o
LOAD build/GarageIn.o
LOAD build/Basic.o
LOAD build/SeeSaw.o
LOAD build/LineReturn.o
LOAD build/SonarSensor.o
LOAD build/LookUpGate.o
LOAD build/LookUpRunner.o
LOAD build/Maimai.o
LOAD build/TailRunner.o
LOAD build/syslib/at91sam7s-gnu/lego_nxt/hw_sys_timer.oram
LOAD build/nxtvm/platform/nxt/vectors.o
LOAD build/config/at91sam7s-gnu/debug.o
LOAD build/config/at91sam7s-gnu/lego_nxt/sys_support.o
LOAD build/nxt_binary_header.o
LOAD build/nxt_entry_point.o
LOAD build/ecrobot_init.o
LOAD build/config/at91sam7s-gnu/cpu_support.oram
LOAD build/config/at91sam7s-gnu/irq.oram
LOAD ../nxtOSEK/ecrobot/../c++/liblejososek.a
LOAD ../nxtOSEK/ecrobot/../ecrobot/libecrobot.a
LOAD ../nxtOSEK/ecrobot/../ecrobot/libnxtway_gs_balancer.a
LOAD /cygdrive/C/cygwin/GNUARM/bin/../lib/gcc/arm-elf/4.0.2/../../../../arm-elf/lib/thumb/interwork/libstdc++.a
LOAD /cygdrive/C/cygwin/GNUARM/bin/../lib/gcc/arm-elf/4.0.2/../../../../arm-elf/lib/thumb/interwork/libm.a
LOAD /cygdrive/C/cygwin/GNUARM/bin/../lib/gcc/arm-elf/4.0.2/thumb/interwork/libgcc.a
LOAD /cygdrive/C/cygwin/GNUARM/bin/../lib/gcc/arm-elf/4.0.2/../../../../arm-elf/lib/thumb/interwork/libc.a
LOAD /cygdrive/C/cygwin/GNUARM/bin/../lib/gcc/arm-elf/4.0.2/thumb/interwork/libgcc.a
                0x00200000                RAM_BASE = 0x200000
                0x00010000                RAM_SIZE = 0x10000

.header         0x001ffff0       0x10
 *nxt_binary_header.o(*.text *.text.*)
 .text          0x001ffff0       0x10 build/nxt_binary_header.o
                0x00200000                . = ALIGN (0x10)

.vectors        0x00200000       0x40
 vectors.o(*.text *.text.*)
 .text          0x00200000       0x38 build/nxtvm/platform/nxt/vectors.o
                0x00200040                . = ALIGN (0x10)
 *fill*         0x00200038        0x8 00
                0x00200000                __vectors_ram_start__ = ADDR (.vectors)
                0x00200040                __vectors_ram_end__ = (ADDR (.vectors) + SIZEOF (.vectors))
                0x00200000                __vectors_load_start__ = LOADADDR (.vectors)
                0x00200040                __vectors_load_end__ = (LOADADDR (.vectors) + SIZEOF (.vectors))

.entry          0x00200040       0x40
 *nxt_entry_point.o(*.text *.text.*)
 .text          0x00200040       0x38 build/nxt_entry_point.o
                0x00200040                NXT_Entry_Point
                0x00200080                . = ALIGN (0x10)
 *fill*         0x00200078        0x8 00

.init           0x00200080      0x280
 *ecrobot_init.o(*.text *.text.*)
 .text          0x00200080      0x280 build/ecrobot_init.o
                0x002001ec                undef_handler
                0x002001f4                prefetch_abort_handler
                0x002001f8                data_abort_handler
                0x002001f0                swi_handler
                0x00200080                start
                0x00200214                reserved_handler
                0x00200300                . = ALIGN (0x10)

.ram_text       0x00200300     0x3810
                0x00200300                . = ALIGN (0x10)
 *.oram(*.text *.text.* *.glue*)
 .text.systick_isr_C1
                0x00200300       0x28 build/syslib/at91sam7s-gnu/lego_nxt/hw_sys_timer.oram
                0x00200300                systick_isr_C1
 *fill*         0x00200328        0x8 00
 .text          0x00200330      0x230 build/config/at91sam7s-gnu/cpu_support.oram
                0x00200510                enable_int
                0x002003b0                start_dispatch
                0x00200370                activate_r
                0x00200508                disable_int
                0x00200330                dispatch
                0x002004dc                int_return
                0x0020046c                _interrupt
                0x002003a0                exit_and_dispatch
                0x00200518                nop
 .text          0x00200560      0x2c0 build/config/at91sam7s-gnu/irq.oram
                0x00200560                default_isr
                0x002006ec                uart_isr_entry_0
                0x0020066c                twi_isr_entry
                0x0020072c                uart_isr_entry_1
                0x0020062c                spi_isr_entry
                0x002005ac                systick_low_priority_entry
                0x0020076c                nxt_motor_isr_entry
                0x002007ac                i2c_timer_isr_entry
                0x00200560                default_fiq
                0x00200564                systick_isr_entry
                0x00200560                spurious_isr
                0x002006ac                sound_isr_entry
                0x002005ec                udp_isr_entry
 .text.uart_process_isr
                0x00200820       0x88 ../nxtOSEK/ecrobot/../ecrobot/libecrobot.a(uart.oram)
 .text.uart_isr_C_0
                0x002008a8        0xc ../nxtOSEK/ecrobot/../ecrobot/libecrobot.a(uart.oram)
                0x002008a8                uart_isr_C_0
 .text.uart_isr_C_1
                0x002008b4        0xc ../nxtOSEK/ecrobot/../ecrobot/libecrobot.a(uart.oram)
                0x002008b4                uart_isr_C_1
 .text.systick_low_priority_C
                0x002008c0       0x1c ../nxtOSEK/ecrobot/../ecrobot/libecrobot.a(systick.oram)
                0x002008c0                systick_low_priority_C
 .text.systick_isr_C
                0x002008dc       0x24 ../nxtOSEK/ecrobot/../ecrobot/libecrobot.a(systick.oram)
                0x002008dc                systick_isr_C
 .text.systick_get_ms
                0x00200900        0xc ../nxtOSEK/ecrobot/../ecrobot/libecrobot.a(systick.oram)
                0x00200900                systick_get_ms
 .text.systick_wait_ms
                0x0020090c       0x1c ../nxtOSEK/ecrobot/../ecrobot/libecrobot.a(systick.oram)
                0x0020090c                systick_wait_ms
 .text.systick_wait_ns
                0x00200928       0x1c ../nxtOSEK/ecrobot/../ecrobot/libecrobot.a(systick.oram)
                0x00200928                systick_wait_ns
 .text.systick_init
                0x00200944       0x58 ../nxtOSEK/ecrobot/../ecrobot/libecrobot.a(systick.oram)
                0x00200944                systick_init
 .text.systick_suspend
                0x0020099c        0xc ../nxtOSEK/ecrobot/../ecrobot/libecrobot.a(systick.oram)
                0x0020099c                systick_suspend
 .text.systick_resume
                0x002009a8        0xc ../nxtOSEK/ecrobot/../ecrobot/libecrobot.a(systick.oram)
                0x002009a8                systick_resume
 .text.byte_fifo_put
                0x002009b4       0x58 ../nxtOSEK/ecrobot/../ecrobot/libecrobot.a(byte_fifo.oram)
                0x002009b4                byte_fifo_put
 .text.byte_fifo_get
                0x00200a0c       0x2c ../nxtOSEK/ecrobot/../ecrobot/libecrobot.a(byte_fifo.oram)
                0x00200a0c                byte_fifo_get
 .text.aic_initialise
                0x00200a38       0x5c ../nxtOSEK/ecrobot/../ecrobot/libecrobot.a(aic.oram)
                0x00200a38                aic_initialise
 .text.aic_set_vector
                0x00200a94       0x30 ../nxtOSEK/ecrobot/../ecrobot/libecrobot.a(aic.oram)
                0x00200a94                aic_set_vector
 .text.aic_mask_on
                0x00200ac4       0x24 ../nxtOSEK/ecrobot/../ecrobot/libecrobot.a(aic.oram)
                0x00200ac4                aic_mask_on
 .text.aic_mask_off
                0x00200ae8       0x24 ../nxtOSEK/ecrobot/../ecrobot/libecrobot.a(aic.oram)
                0x00200ae8                aic_mask_off
 .text.aic_clear
                0x00200b0c       0x24 ../nxtOSEK/ecrobot/../ecrobot/libecrobot.a(aic.oram)
                0x00200b0c                aic_clear
 .text.reset    0x00200b30       0x4c ../nxtOSEK/ecrobot/../ecrobot/libecrobot.a(udp.oram)
 .text.udp_send_null
                0x00200b7c       0x2c ../nxtOSEK/ecrobot/../ecrobot/libecrobot.a(udp.oram)
 .text.udp_send_stall
                0x00200ba8       0x2c ../nxtOSEK/ecrobot/../ecrobot/libecrobot.a(udp.oram)
 .text.udp_send_control
                0x00200bd4       0x60 ../nxtOSEK/ecrobot/../ecrobot/libecrobot.a(udp.oram)
 .text.udp_isr_C
                0x00200c34      0x7d0 ../nxtOSEK/ecrobot/../ecrobot/libecrobot.a(udp.oram)
                0x00200c34                udp_isr_C
 .text.twi_status
                0x00201404       0x20 ../nxtOSEK/ecrobot/../ecrobot/libecrobot.a(twi.oram)
                0x00201404                twi_status
 .text.twi_isr_C
                0x00201424       0xc4 ../nxtOSEK/ecrobot/../ecrobot/libecrobot.a(twi.oram)
                0x00201424                twi_isr_C
 .text.twi_reset
                0x002014e8       0xb4 ../nxtOSEK/ecrobot/../ecrobot/libecrobot.a(twi.oram)
                0x002014e8                twi_reset
 .text.twi_init
                0x0020159c       0x4c ../nxtOSEK/ecrobot/../ecrobot/libecrobot.a(twi.oram)
                0x0020159c                twi_init
 .text.twi_start_read
                0x002015e8       0x60 ../nxtOSEK/ecrobot/../ecrobot/libecrobot.a(twi.oram)
                0x002015e8                twi_start_read
 .text.twi_start_write
                0x00201648       0x64 ../nxtOSEK/ecrobot/../ecrobot/libecrobot.a(twi.oram)
                0x00201648                twi_start_write
 .text.spi_set_mode
                0x002016ac       0x40 ../nxtOSEK/ecrobot/../ecrobot/libecrobot.a(nxt_spi.oram)
 .text.spi_isr_C
                0x002016ec       0x8c ../nxtOSEK/ecrobot/../ecrobot/libecrobot.a(nxt_spi.oram)
                0x002016ec                spi_isr_C
 .text.nxt_spi_init
                0x00201778      0x12c ../nxtOSEK/ecrobot/../ecrobot/libecrobot.a(nxt_spi.oram)
                0x00201778                nxt_spi_init
 .text.nxt_spi_write
                0x002018a4       0x44 ../nxtOSEK/ecrobot/../ecrobot/libecrobot.a(nxt_spi.oram)
                0x002018a4                nxt_spi_write
 .text.nxt_spi_set_display
                0x002018e8       0x10 ../nxtOSEK/ecrobot/../ecrobot/libecrobot.a(nxt_spi.oram)
                0x002018e8                nxt_spi_set_display
 .text.nxt_spi_refresh
                0x002018f8       0x24 ../nxtOSEK/ecrobot/../ecrobot/libecrobot.a(nxt_spi.oram)
                0x002018f8                nxt_spi_refresh
 .text.nxt_motor_get_count
                0x0020191c       0x14 ../nxtOSEK/ecrobot/../ecrobot/libecrobot.a(nxt_motors.oram)
                0x0020191c                nxt_motor_get_count
 .text.nxt_motor_set_count
                0x00201930       0x10 ../nxtOSEK/ecrobot/../ecrobot/libecrobot.a(nxt_motors.oram)
                0x00201930                nxt_motor_set_count
 .text.nxt_motor_set_speed
                0x00201940       0x34 ../nxtOSEK/ecrobot/../ecrobot/libecrobot.a(nxt_motors.oram)
                0x00201940                nxt_motor_set_speed
 .text.nxt_motor_1kHz_process
                0x00201974       0x28 ../nxtOSEK/ecrobot/../ecrobot/libecrobot.a(nxt_motors.oram)
                0x00201974                nxt_motor_1kHz_process
 .text.nxt_motor_quad_decode
                0x0020199c       0x30 ../nxtOSEK/ecrobot/../ecrobot/libecrobot.a(nxt_motors.oram)
                0x0020199c                nxt_motor_quad_decode
 .text.nxt_motor_isr_C
                0x002019cc       0x88 ../nxtOSEK/ecrobot/../ecrobot/libecrobot.a(nxt_motors.oram)
                0x002019cc                nxt_motor_isr_C
 .text.nxt_motor_init
                0x00201a54       0x68 ../nxtOSEK/ecrobot/../ecrobot/libecrobot.a(nxt_motors.oram)
                0x00201a54                nxt_motor_init
 .text.data_abort_C
                0x00201abc       0x7c ../nxtOSEK/ecrobot/../ecrobot/libecrobot.a(data_abort.oram)
                0x00201abc                data_abort_C
 .text.display_update
                0x00201b38       0x14 ../nxtOSEK/ecrobot/../ecrobot/libecrobot.a(display.oram)
                0x00201b38                display_update
 .text.display_force_update
                0x00201b4c        0xc ../nxtOSEK/ecrobot/../ecrobot/libecrobot.a(display.oram)
                0x00201b4c                display_force_update
 .text.display_clear
                0x00201b58       0x24 ../nxtOSEK/ecrobot/../ecrobot/libecrobot.a(display.oram)
                0x00201b58                display_clear
 .text.display_goto_xy
                0x00201b7c       0x14 ../nxtOSEK/ecrobot/../ecrobot/libecrobot.a(display.oram)
                0x00201b7c                display_goto_xy
 .text.display_char
                0x00201b90       0x60 ../nxtOSEK/ecrobot/../ecrobot/libecrobot.a(display.oram)
                0x00201b90                display_char
 .text.display_string
                0x00201bf0       0x3c ../nxtOSEK/ecrobot/../ecrobot/libecrobot.a(display.oram)
                0x00201bf0                display_string
 .text.display_hex
                0x00201c2c       0x50 ../nxtOSEK/ecrobot/../ecrobot/libecrobot.a(display.oram)
                0x00201c2c                display_hex
 .text.display_unsigned_worker
                0x00201c7c       0x70 ../nxtOSEK/ecrobot/../ecrobot/libecrobot.a(display.oram)
 .text.display_unsigned
                0x00201cec        0xc ../nxtOSEK/ecrobot/../ecrobot/libecrobot.a(display.oram)
                0x00201cec                display_unsigned
 .text.display_int
                0x00201cf8       0x14 ../nxtOSEK/ecrobot/../ecrobot/libecrobot.a(display.oram)
                0x00201cf8                display_int
 .text.display_bitmap_copy
                0x00201d0c       0x5c ../nxtOSEK/ecrobot/../ecrobot/libecrobot.a(display.oram)
                0x00201d0c                display_bitmap_copy
 .text.display_init
                0x00201d68       0x50 ../nxtOSEK/ecrobot/../ecrobot/libecrobot.a(display.oram)
                0x00201d68                display_init
 .text.i2c_timer_isr_C
                0x00201db8      0x314 ../nxtOSEK/ecrobot/../ecrobot/libecrobot.a(i2c.oram)
                0x00201db8                i2c_timer_isr_C
 .text.i2c_disable
                0x002020cc       0x20 ../nxtOSEK/ecrobot/../ecrobot/libecrobot.a(i2c.oram)
                0x002020cc                i2c_disable
 .text.i2c_init
                0x002020ec       0xa4 ../nxtOSEK/ecrobot/../ecrobot/libecrobot.a(i2c.oram)
                0x002020ec                i2c_init
 .text.i2c_busy
                0x00202190       0x24 ../nxtOSEK/ecrobot/../ecrobot/libecrobot.a(i2c.oram)
                0x00202190                i2c_busy
 .text.i2c_start_transaction
                0x002021b4      0x108 ../nxtOSEK/ecrobot/../ecrobot/libecrobot.a(i2c.oram)
                0x002021b4                i2c_start_transaction
 .text.set_vol  0x002022bc       0xa4 ../nxtOSEK/ecrobot/../ecrobot/libecrobot.a(sound.oram)
 .text.sound_fill_sample_buffer
                0x00202360       0xe4 ../nxtOSEK/ecrobot/../ecrobot/libecrobot.a(sound.oram)
                0x00202360                sound_fill_sample_buffer
 .text.sound_freq_vol
                0x00202444      0x1e4 ../nxtOSEK/ecrobot/../ecrobot/libecrobot.a(sound.oram)
                0x00202444                sound_freq_vol
 .text.sound_init
                0x00202628       0xa0 ../nxtOSEK/ecrobot/../ecrobot/libecrobot.a(sound.oram)
                0x00202628                sound_init
 .text.sound_isr_C
                0x002026c8      0x144 ../nxtOSEK/ecrobot/../ecrobot/libecrobot.a(sound.oram)
                0x002026c8                sound_isr_C
 .text.bt_init  0x0020280c      0x1c0 ../nxtOSEK/ecrobot/../ecrobot/libecrobot.a(bt.oram)
                0x0020280c                bt_init
 .text.bt_send  0x002029cc       0x5c ../nxtOSEK/ecrobot/../ecrobot/libecrobot.a(bt.oram)
                0x002029cc                bt_send
 .text.bt_write
                0x00202a28       0x70 ../nxtOSEK/ecrobot/../ecrobot/libecrobot.a(bt.oram)
                0x00202a28                bt_write
 .text.bt_pending
                0x00202a98       0x50 ../nxtOSEK/ecrobot/../ecrobot/libecrobot.a(bt.oram)
                0x00202a98                bt_pending
 .text.bt_clear_arm7_cmd
                0x00202ae8       0x10 ../nxtOSEK/ecrobot/../ecrobot/libecrobot.a(bt.oram)
                0x00202ae8                bt_clear_arm7_cmd
 .text.bt_set_arm7_cmd
                0x00202af8       0x10 ../nxtOSEK/ecrobot/../ecrobot/libecrobot.a(bt.oram)
                0x00202af8                bt_set_arm7_cmd
 .text.bt_receive
                0x00202b08      0x160 ../nxtOSEK/ecrobot/../ecrobot/libecrobot.a(bt.oram)
                0x00202b08                bt_receive
 .text.bt_read  0x00202c68      0x140 ../nxtOSEK/ecrobot/../ecrobot/libecrobot.a(bt.oram)
                0x00202c68                bt_read
 .text.bt_reset
                0x00202da8       0x84 ../nxtOSEK/ecrobot/../ecrobot/libecrobot.a(bt.oram)
                0x00202da8                bt_reset
 .text.nxt_avr_power_down
                0x00202e2c       0x10 ../nxtOSEK/ecrobot/../ecrobot/libecrobot.a(nxt_avr.oram)
                0x00202e2c                nxt_avr_power_down
 .text.nxt_avr_link_init
                0x00202e3c       0x20 ../nxtOSEK/ecrobot/../ecrobot/libecrobot.a(nxt_avr.oram)
                0x00202e3c                nxt_avr_link_init
 .text.nxt_avr_init
                0x00202e5c       0x6c ../nxtOSEK/ecrobot/../ecrobot/libecrobot.a(nxt_avr.oram)
                0x00202e5c                nxt_avr_init
 .text.nxt_avr_1kHz_update
                0x00202ec8      0x1cc ../nxtOSEK/ecrobot/../ecrobot/libecrobot.a(nxt_avr.oram)
                0x00202ec8                nxt_avr_1kHz_update
 .text.buttons_get
                0x00203094        0xc ../nxtOSEK/ecrobot/../ecrobot/libecrobot.a(nxt_avr.oram)
                0x00203094                buttons_get
 .text.battery_voltage
                0x002030a0       0x28 ../nxtOSEK/ecrobot/../ecrobot/libecrobot.a(nxt_avr.oram)
                0x002030a0                battery_voltage
 .text.sensor_adc
                0x002030c8       0x20 ../nxtOSEK/ecrobot/../ecrobot/libecrobot.a(nxt_avr.oram)
                0x002030c8                sensor_adc
 .text.nxt_avr_set_motor
                0x002030e8       0x34 ../nxtOSEK/ecrobot/../ecrobot/libecrobot.a(nxt_avr.oram)
                0x002030e8                nxt_avr_set_motor
 .text.nxt_avr_set_input_power
                0x0020311c       0x3c ../nxtOSEK/ecrobot/../ecrobot/libecrobot.a(nxt_avr.oram)
                0x0020311c                nxt_avr_set_input_power
 .text.unset_digi0
                0x00203158       0x44 ../nxtOSEK/ecrobot/../ecrobot/libecrobot.a(sensors.oram)
                0x00203158                unset_digi0
 .text.unset_digi1
                0x0020319c       0x44 ../nxtOSEK/ecrobot/../ecrobot/libecrobot.a(sensors.oram)
                0x0020319c                unset_digi1
 .text.init_sensors
                0x002031e0       0x4c ../nxtOSEK/ecrobot/../ecrobot/libecrobot.a(sensors.oram)
                0x002031e0                init_sensors
 .text.set_digi0
                0x0020322c       0x44 ../nxtOSEK/ecrobot/../ecrobot/libecrobot.a(sensors.oram)
                0x0020322c                set_digi0
 .text.nxt_lcd_command
                0x00203270       0x18 ../nxtOSEK/ecrobot/../ecrobot/libecrobot.a(nxt_lcd.oram)
                0x00203270                nxt_lcd_command
 .text.nxt_lcd_set_col
                0x00203288       0x24 ../nxtOSEK/ecrobot/../ecrobot/libecrobot.a(nxt_lcd.oram)
                0x00203288                nxt_lcd_set_col
 .text.nxt_lcd_set_multiplex_rate
                0x002032ac       0x18 ../nxtOSEK/ecrobot/../ecrobot/libecrobot.a(nxt_lcd.oram)
                0x002032ac                nxt_lcd_set_multiplex_rate
 .text.nxt_lcd_set_page_address
                0x002032c4       0x18 ../nxtOSEK/ecrobot/../ecrobot/libecrobot.a(nxt_lcd.oram)
                0x002032c4                nxt_lcd_set_page_address
 .text.nxt_lcd_set_pot
                0x002032dc       0x1c ../nxtOSEK/ecrobot/../ecrobot/libecrobot.a(nxt_lcd.oram)
                0x002032dc                nxt_lcd_set_pot
 .text.nxt_lcd_set_ram_address_control
                0x002032f8       0x18 ../nxtOSEK/ecrobot/../ecrobot/libecrobot.a(nxt_lcd.oram)
                0x002032f8                nxt_lcd_set_ram_address_control
 .text.nxt_lcd_enable
                0x00203310       0x14 ../nxtOSEK/ecrobot/../ecrobot/libecrobot.a(nxt_lcd.oram)
                0x00203310                nxt_lcd_enable
 .text.nxt_lcd_set_map_control
                0x00203324       0x18 ../nxtOSEK/ecrobot/../ecrobot/libecrobot.a(nxt_lcd.oram)
                0x00203324                nxt_lcd_set_map_control
 .text.nxt_lcd_reset
                0x0020333c        0xc ../nxtOSEK/ecrobot/../ecrobot/libecrobot.a(nxt_lcd.oram)
                0x0020333c                nxt_lcd_reset
 .text.nxt_lcd_set_bias_ratio
                0x00203348       0x18 ../nxtOSEK/ecrobot/../ecrobot/libecrobot.a(nxt_lcd.oram)
                0x00203348                nxt_lcd_set_bias_ratio
 .text.nxt_lcd_force_update
                0x00203360       0x30 ../nxtOSEK/ecrobot/../ecrobot/libecrobot.a(nxt_lcd.oram)
                0x00203360                nxt_lcd_force_update
 .text.nxt_lcd_update
                0x00203390        0xc ../nxtOSEK/ecrobot/../ecrobot/libecrobot.a(nxt_lcd.oram)
                0x00203390                nxt_lcd_update
 .text.nxt_lcd_power_up
                0x0020339c       0x48 ../nxtOSEK/ecrobot/../ecrobot/libecrobot.a(nxt_lcd.oram)
                0x0020339c                nxt_lcd_power_up
 .text.nxt_lcd_power_down
                0x002033e4        0xc ../nxtOSEK/ecrobot/../ecrobot/libecrobot.a(nxt_lcd.oram)
                0x002033e4                nxt_lcd_power_down
 .text.nxt_lcd_init
                0x002033f0       0x18 ../nxtOSEK/ecrobot/../ecrobot/libecrobot.a(nxt_lcd.oram)
                0x002033f0                nxt_lcd_init
 .text.verify_flash_page
                0x00203408       0x34 ../nxtOSEK/ecrobot/../ecrobot/libecrobot.a(flash_loader.oram)
 .text.set_flash_request
                0x0020343c       0x38 ../nxtOSEK/ecrobot/../ecrobot/libecrobot.a(flash_loader.oram)
                0x0020343c                set_flash_request
 .text.nxt_device_init
                0x00203474       0x38 ../nxtOSEK/ecrobot/../ecrobot/libecrobot.a(flash_loader.oram)
                0x00203474                nxt_device_init
 .text          0x002034ac       0x68 ../nxtOSEK/ecrobot/../ecrobot/libecrobot.a(interrupts.oram)
                0x00203504                fiq_enable
                0x002034ac                interrupts_get_and_disable
                0x002034e0                fiq_get_and_disable
                0x002034d0                interrupts_enable
 .text.flash_write_page
                0x00203514       0xc0 ../nxtOSEK/ecrobot/../ecrobot/libecrobot.a(flashprog.oram)
                0x00203514                flash_write_page
                0x002035e0                . = ALIGN (0x10)
 *fill*         0x002035d4        0xc 00
 *.oram(*.rodata *.rodata.*)
 .rodata.ld     0x002035e0        0x4 ../nxtOSEK/ecrobot/../ecrobot/libecrobot.a(udp.oram)
 .rodata.cfd    0x002035e4       0x20 ../nxtOSEK/ecrobot/../ecrobot/libecrobot.a(udp.oram)
 .rodata.dd     0x00203604       0x12 ../nxtOSEK/ecrobot/../ecrobot/libecrobot.a(udp.oram)
 *fill*         0x00203616        0x2 00
 .rodata.str1.4
                0x00203618       0x22 ../nxtOSEK/ecrobot/../ecrobot/libecrobot.a(data_abort.oram)
                                 0x24 (size before relaxing)
 .rodata.font   0x0020363a      0x280 ../nxtOSEK/ecrobot/../ecrobot/libecrobot.a(display.oram)
 *fill*         0x002038ba        0x2 00
 .rodata.str1.4
                0x002038bc       0x76 ../nxtOSEK/ecrobot/../ecrobot/libecrobot.a(display.oram)
                                 0x78 (size before relaxing)
 *fill*         0x00203932        0x2 00
 .rodata.i2c_pin
                0x00203934       0x20 ../nxtOSEK/ecrobot/../ecrobot/libecrobot.a(i2c.oram)
 .rodata.i2c_timer_isr_C
                0x00203954       0x38 ../nxtOSEK/ecrobot/../ecrobot/libecrobot.a(i2c.oram)
 .rodata.logvol
                0x0020398c        0xc ../nxtOSEK/ecrobot/../ecrobot/libecrobot.a(sound.oram)
                0x0020398c                logvol
 .rodata.silence
                0x00203998       0x40 ../nxtOSEK/ecrobot/../ecrobot/libecrobot.a(sound.oram)
                0x00203998                silence
 .rodata.sine   0x002039d8       0x10 ../nxtOSEK/ecrobot/../ecrobot/libecrobot.a(sound.oram)
                0x002039d8                sine
 .rodata.sample_pattern
                0x002039e8       0x84 ../nxtOSEK/ecrobot/../ecrobot/libecrobot.a(sound.oram)
                0x002039e8                sample_pattern
 .rodata        0x00203a6c        0xc ../nxtOSEK/ecrobot/../ecrobot/libecrobot.a(sound.oram)
 .rodata.avr_brainwash_string
                0x00203a78       0x30 ../nxtOSEK/ecrobot/../ecrobot/libecrobot.a(nxt_avr.oram)
                0x00203a78                avr_brainwash_string
 .rodata.nxt_avr_1kHz_update
                0x00203aa8       0x14 ../nxtOSEK/ecrobot/../ecrobot/libecrobot.a(nxt_avr.oram)
 .rodata.C.33.1823
                0x00203abc       0x10 ../nxtOSEK/ecrobot/../ecrobot/libecrobot.a(sensors.oram)
 .rodata.C.37.1857
                0x00203acc       0x10 ../nxtOSEK/ecrobot/../ecrobot/libecrobot.a(sensors.oram)
 .rodata.C.31.1806
                0x00203adc       0x10 ../nxtOSEK/ecrobot/../ecrobot/libecrobot.a(sensors.oram)
 .rodata.str1.4
                0x00203aec       0x23 ../nxtOSEK/ecrobot/../ecrobot/libecrobot.a(flash_loader.oram)
                                 0x24 (size before relaxing)
                0x00203b10                . = ALIGN (0x10)
 *fill*         0x00203b0f        0x1 00
                0x00200300                __ramtext_ram_start__ = ADDR (.ram_text)
                0x00203b10                __ramtext_ram_end__ = (ADDR (.ram_text) + SIZEOF (.ram_text))
                0x00200300                __ramtext_load_start__ = LOADADDR (.ram_text)
                0x00203b10                __ramtext_load_end__ = (__ramtext_load_start__ + SIZEOF (.ram_text))

.wav_data       0x00203b10        0x0
 *.owav(*.data *.data.*)
                0x00203b10                . = ALIGN (0x10)

.bmp_data       0x00203b10      0x440
 *.obmp(*.data *.data.*)
 .data          0x00203b10      0x43e ../nxtOSEK/ecrobot/../ecrobot/libecrobot.a(nxtosek_splash.obmp)
                0x00203b10                nxtosek_splash_bmp_start
                0x00203f4e                nxtosek_splash_bmp_end
                0x00203f50                . = ALIGN (0x10)
 *fill*         0x00203f4e        0x2 00

.spr_data       0x00203f50        0x0
 *.ospr(*.data *.data.*)
                0x00203f50                . = ALIGN (0x10)

.data           0x00203f50       0x90
 *(*.data *.data.*)
 .data.bt_status
                0x00203f50        0x1 build/ecrobot_bluetooth.o
 *fill*         0x00203f51        0x3 00
 .data.K_THETADOT
                0x00203f54        0x4 build/balancer_param.o
                0x00203f54                K_THETADOT
 .data.K_PHIDOT
                0x00203f58        0x4 build/balancer_param.o
                0x00203f58                K_PHIDOT
 .data.K_I      0x00203f5c        0x4 build/balancer_param.o
                0x00203f5c                K_I
 .data.K_F      0x00203f60       0x10 build/balancer_param.o
                0x00203f60                K_F
 .data.A_R      0x00203f70        0x4 build/balancer_param.o
                0x00203f70                A_R
 .data.A_D      0x00203f74        0x4 build/balancer_param.o
                0x00203f74                A_D
 .data.distance_state
                0x00203f78       0x10 ../nxtOSEK/ecrobot/../ecrobot/libecrobot.a(ecrobot_interface.o)
 .data.deviceStatus
                0x00203f88        0x1 ../nxtOSEK/ecrobot/../ecrobot/libecrobot.a(ecrobot_interface.o)
 .bss.data.2701
                0x00203f89        0x4 ../nxtOSEK/ecrobot/../ecrobot/libecrobot.a(ecrobot_interface.o)
 .data.named    0x00203f8d       0x22 ../nxtOSEK/ecrobot/../ecrobot/libecrobot.a(udp.oram)
 .data.snd      0x00203faf       0x1a ../nxtOSEK/ecrobot/../ecrobot/libecrobot.a(udp.oram)
 *fill*         0x00203fc9        0x3 00
 .data.configured
                0x00203fcc        0x4 ../nxtOSEK/ecrobot/../ecrobot/libecrobot.a(udp.oram)
 .data.mode     0x00203fd0        0x1 ../nxtOSEK/ecrobot/../ecrobot/libecrobot.a(nxt_spi.oram)
                0x00203fd0                mode
 *fill*         0x00203fd1        0x3 00
 .bss.data      0x00203fd4        0x4 ../nxtOSEK/ecrobot/../ecrobot/libecrobot.a(nxt_spi.oram)
                0x00203fd4                data
 .data.display_auto_update
                0x00203fd8        0x4 ../nxtOSEK/ecrobot/../ecrobot/libecrobot.a(display.oram)
                0x00203fd8                display_auto_update
 .data.display_buffer
                0x00203fdc        0x4 ../nxtOSEK/ecrobot/../ecrobot/libecrobot.a(display.oram)
                0x00203fe0                . = ALIGN (0x10)
                0x00203f50                __data_ram_start__ = ADDR (.data)
                0x00203fe0                __data_ram_end__ = (ADDR (.data) + SIZEOF (.data))
                0x00203f50                __data_load_start__ = LOADADDR (.data)
                0x00203fe0                __data_load_end__ = (__data_load_start__ + SIZEOF (.data))

.text           0x00203fe0     0x3450
                0x00203fe0                . = ALIGN (0x10)
 *(*.text *.text.* *.glue*)
 .text.StartOS  0x00203fe0       0x58 build/kernel/osctl.o
                0x00203fe0                StartOS
 .text.call_pretaskhook
                0x00204038       0x24 build/kernel/osctl.o
                0x00204038                call_pretaskhook
 .text.call_posttaskhook
                0x0020405c       0x24 build/kernel/osctl.o
                0x0020405c                call_posttaskhook
 .text.make_runnable
                0x00204080       0xac build/kernel/task.o
                0x00204080                make_runnable
 .text.make_active
                0x0020412c       0x78 build/kernel/task.o
                0x0020412c                make_active
 .text.task_initialize
                0x002041a4       0x90 build/kernel/task.o
                0x002041a4                task_initialize
 .text.cpu_initialize
                0x00204234        0x4 build/config/at91sam7s-gnu/cpu_config.o
                0x00204234                cpu_initialize
 .text.sys_initialize
                0x00204238        0x4 build/config/at91sam7s-gnu/lego_nxt/sys_config.o
                0x00204238                sys_initialize
 .text.object_initialize
                0x0020423c        0xc build/./kernel_cfg.o
                0x0020423c                object_initialize
 .text.ecrobot_get_bt_status
                0x00204248       0x10 build/ecrobot_bluetooth.o
                0x00204248                ecrobot_get_bt_status
 .text.close_bt_stream
                0x00204258       0x2c build/ecrobot_bluetooth.o
 .text.ecrobot_send_bt_packet
                0x00204284       0x54 build/ecrobot_bluetooth.o
                0x00204284                ecrobot_send_bt_packet
 .text.ecrobot_send_bt
                0x002042d8       0x40 build/ecrobot_bluetooth.o
                0x002042d8                ecrobot_send_bt
 .text.ecrobot_read_bt
                0x00204318       0x24 build/ecrobot_bluetooth.o
                0x00204318                ecrobot_read_bt
 .text.send_bt_command
                0x0020433c       0x40 build/ecrobot_bluetooth.o
 .text.ecrobot_term_bt_connection
                0x0020437c       0x48 build/ecrobot_bluetooth.o
                0x0020437c                ecrobot_term_bt_connection
 .text.ecrobot_set_bt_device_name
                0x002043c4       0x4c build/ecrobot_bluetooth.o
                0x002043c4                ecrobot_set_bt_device_name
 .text.read_bt_command
                0x00204410       0x5c build/ecrobot_bluetooth.o
 .text.open_bt_stream
                0x0020446c       0x50 build/ecrobot_bluetooth.o
 .text.ecrobot_get_bt_device_address
                0x002044bc       0x6c build/ecrobot_bluetooth.o
                0x002044bc                ecrobot_get_bt_device_address
 .text.ecrobot_init_bt_slave
                0x00204528      0x12c build/ecrobot_bluetooth.o
                0x00204528                ecrobot_init_bt_slave
 .text.init_OS_flag
                0x00204654        0xc build/ecrobot_base.o
                0x00204654                init_OS_flag
 .text.set_OS_flag
                0x00204660        0xc build/ecrobot_base.o
                0x00204660                set_OS_flag
 .text.get_OS_flag
                0x0020466c        0xc build/ecrobot_base.o
                0x0020466c                get_OS_flag
 .text.cpp_constructor
                0x00204678       0x28 build/ecrobot_base.o
                0x00204678                cpp_constructor
 .text.cpp_destructor
                0x002046a0       0x28 build/ecrobot_base.o
                0x002046a0                cpp_destructor
 .text.execution_mode
                0x002046c8       0x24 build/ecrobot_base.o
                0x002046c8                execution_mode
 .text.show_main_screen
                0x002046ec       0x48 build/ecrobot_base.o
                0x002046ec                show_main_screen
 .text.display_status_bar
                0x00204734       0x5c build/ecrobot_base.o
                0x00204734                display_status_bar
 .text.check_NXT_buttons
                0x00204790       0x7c build/ecrobot_base.o
                0x00204790                check_NXT_buttons
 .text.show_bd_addr
                0x0020480c       0x44 build/ecrobot_base.o
                0x0020480c                show_bd_addr
 .text.show_bd_addr_err
                0x00204850       0x3c build/ecrobot_base.o
                0x00204850                show_bd_addr_err
 .text.add_status_info
                0x0020488c       0x68 build/ecrobot_base.o
                0x0020488c                add_status_info
 .text.show_splash_screen
                0x002048f4       0x90 build/ecrobot_base.o
                0x002048f4                show_splash_screen
 .text.main     0x00204984      0x10c build/ecrobot.o
                0x00204984                main
 .text.LineTracer_init
                0x00204a90       0x34 build/LineTracer.o
                0x00204a90                LineTracer_init
 .text.pid      0x00204ac4       0xdc build/LineTracer.o
 .text.LineTracer_trace
                0x00204ba0       0x3c build/LineTracer.o
                0x00204ba0                LineTracer_trace
 .text.LineTracer_trace_nonbalance
                0x00204bdc       0x3c build/LineTracer.o
                0x00204bdc                LineTracer_trace_nonbalance
 .text.LineTracer_changePID
                0x00204c18       0x14 build/LineTracer.o
                0x00204c18                LineTracer_changePID
 .text.get_TARGET_tail
                0x00204c2c        0x4 build/LineTracer.o
                0x00204c2c                get_TARGET_tail
 .text.UI_init  0x00204c30        0x4 build/UI.o
                0x00204c30                UI_init
 .text.UI_waitStart
                0x00204c34      0x194 build/UI.o
                0x00204c34                UI_waitStart
 .text.UI_isEmergency
                0x00204dc8       0x1c build/UI.o
                0x00204dc8                UI_isEmergency
 .text.ColorJudgement_init
                0x00204de4        0x8 build/ColorJudgement.o
                0x00204de4                ColorJudgement_init
 .text.BalanceRunner_init
                0x00204dec       0x10 build/BalanceRunner.o
                0x00204dec                BalanceRunner_init
 .text.BalanceRunner_run
                0x00204dfc       0xf0 build/BalanceRunner.o
                0x00204dfc                BalanceRunner_run
 .text.NonBalanceRunner_run
                0x00204eec       0x48 build/BalanceRunner.o
                0x00204eec                NonBalanceRunner_run
 .text.TouchSensor_init
                0x00204f34        0x4 build/TouchSensor.o
                0x00204f34                TouchSensor_init
 .text.TouchSensor_isPressed
                0x00204f38        0xc build/TouchSensor.o
                0x00204f38                TouchSensor_isPressed
 .text.GyroSensor_init
                0x00204f44        0xc build/GyroSensor.o
                0x00204f44                GyroSensor_init
 .text.GyroSensor_getAngularVelocity
                0x00204f50        0xc build/GyroSensor.o
                0x00204f50                GyroSensor_getAngularVelocity
 .text.GyroSensor_getOffset
                0x00204f5c        0x4 build/GyroSensor.o
                0x00204f5c                GyroSensor_getOffset
 .text.LightSensor_init
                0x00204f60        0x8 build/LightSensor.o
                0x00204f60                LightSensor_init
 .text.LightSensor_getBrightness
                0x00204f68        0xc build/LightSensor.o
                0x00204f68                LightSensor_getBrightness
 .text.LightSensor_switch
                0x00204f74       0x2c build/LightSensor.o
                0x00204f74                LightSensor_switch
 .text.Motor_init
                0x00204fa0        0x4 build/Motor.o
                0x00204fa0                Motor_init
 .text.Motor_resetAngle
                0x00204fa4       0x10 build/Motor.o
                0x00204fa4                Motor_resetAngle
 .text.Motor_getAngle
                0x00204fb4        0xc build/Motor.o
                0x00204fb4                Motor_getAngle
 .text.Motor_rotate
                0x00204fc0       0x10 build/Motor.o
                0x00204fc0                Motor_rotate
 .text.Motor_tailControl
                0x00204fd0       0x60 build/Motor.o
                0x00204fd0                Motor_tailControl
 .text.ecrobot_link
                0x00205030       0xe4 build/model_impl.o
                0x00205030                ecrobot_link
 .text.ecrobot_device_initialize
                0x00205114       0x28 build/model_impl.o
                0x00205114                ecrobot_device_initialize
 .text.ecrobot_device_terminate
                0x0020513c       0x18 build/model_impl.o
                0x0020513c                ecrobot_device_terminate
 .text.user_1ms_isr_type2
                0x00205154        0x4 build/model_impl.o
                0x00205154                user_1ms_isr_type2
 .text.ecrobot_init
                0x00205158       0xc0 build/model_impl.o
                0x00205158                ecrobot_init
 .text.TaskMainTaskMain
                0x00205218       0x98 build/model_impl.o
                0x00205218                TaskMainTaskMain
 .text.Basic_init
                0x002052b0       0x40 build/Basic.o
                0x002052b0                Basic_init
 .text.LineReturn_init
                0x002052f0        0x8 build/LineReturn.o
                0x002052f0                LineReturn_init
 .text.SonarSensor_init
                0x002052f8        0x4 build/SonarSensor.o
                0x002052f8                SonarSensor_init
 .text.SonarSensor_sonarAlert
                0x002052fc       0x44 build/SonarSensor.o
                0x002052fc                SonarSensor_sonarAlert
 .text.LookUpGate_init
                0x00205340        0x8 build/LookUpGate.o
                0x00205340                LookUpGate_init
 .text.LookUpRunner_init
                0x00205348       0x14 build/LookUpRunner.o
                0x00205348                LookUpRunner_init
 .text.Maimai_init
                0x0020535c       0x18 build/Maimai.o
                0x0020535c                Maimai_init
 .text.Maimai_store
                0x00205374       0x34 build/Maimai.o
                0x00205374                Maimai_store
 .text.Maimai_calc
                0x002053a8      0x108 build/Maimai.o
                0x002053a8                Maimai_calc
 .text.TailRunner_init
                0x002054b0        0xc build/TailRunner.o
                0x002054b0                TailRunner_init
 .text.TailRunner_set_tailMotor
                0x002054bc      0x124 build/TailRunner.o
                0x002054bc                TailRunner_set_tailMotor
 .text.TailRunner_run
                0x002055e0       0x20 build/TailRunner.o
                0x002055e0                TailRunner_run
 .text.ecrobot_get_gyro_sensor
                0x00205600       0x14 ../nxtOSEK/ecrobot/../ecrobot/libecrobot.a(ecrobot_HiTechnic.o)
                0x00205600                ecrobot_get_gyro_sensor
 .text.ecrobot_set_light_sensor_active
                0x00205614       0x10 ../nxtOSEK/ecrobot/../ecrobot/libecrobot.a(ecrobot_interface.o)
                0x00205614                ecrobot_set_light_sensor_active
 .text.ecrobot_set_light_sensor_inactive
                0x00205624       0x10 ../nxtOSEK/ecrobot/../ecrobot/libecrobot.a(ecrobot_interface.o)
                0x00205624                ecrobot_set_light_sensor_inactive
 .text.ecrobot_get_light_sensor
                0x00205634       0x14 ../nxtOSEK/ecrobot/../ecrobot/libecrobot.a(ecrobot_interface.o)
                0x00205634                ecrobot_get_light_sensor
 .text.ecrobot_get_touch_sensor
                0x00205648       0x20 ../nxtOSEK/ecrobot/../ecrobot/libecrobot.a(ecrobot_interface.o)
                0x00205648                ecrobot_get_touch_sensor
 .text.getDistance
                0x00205668       0x20 ../nxtOSEK/ecrobot/../ecrobot/libecrobot.a(ecrobot_interface.o)
 .text.ecrobot_get_sonar_sensor
                0x00205688       0x48 ../nxtOSEK/ecrobot/../ecrobot/libecrobot.a(ecrobot_interface.o)
                0x00205688                ecrobot_get_sonar_sensor
 .text.ecrobot_term_sonar_sensor
                0x002056d0       0x20 ../nxtOSEK/ecrobot/../ecrobot/libecrobot.a(ecrobot_interface.o)
                0x002056d0                ecrobot_term_sonar_sensor
 .text.ecrobot_get_battery_voltage
                0x002056f0        0xc ../nxtOSEK/ecrobot/../ecrobot/libecrobot.a(ecrobot_interface.o)
                0x002056f0                ecrobot_get_battery_voltage
 .text.ecrobot_get_button_state
                0x002056fc        0xc ../nxtOSEK/ecrobot/../ecrobot/libecrobot.a(ecrobot_interface.o)
                0x002056fc                ecrobot_get_button_state
 .text.ecrobot_init_nxtstate
                0x00205708       0x28 ../nxtOSEK/ecrobot/../ecrobot/libecrobot.a(ecrobot_interface.o)
                0x00205708                ecrobot_init_nxtstate
 .text.ecrobot_poll_nxtstate
                0x00205730       0x64 ../nxtOSEK/ecrobot/../ecrobot/libecrobot.a(ecrobot_interface.o)
                0x00205730                ecrobot_poll_nxtstate
 .text.ecrobot_setDeviceInitialized
                0x00205794       0x18 ../nxtOSEK/ecrobot/../ecrobot/libecrobot.a(ecrobot_interface.o)
                0x00205794                ecrobot_setDeviceInitialized
 .text.ecrobot_initDeviceStatus
                0x002057ac        0xc ../nxtOSEK/ecrobot/../ecrobot/libecrobot.a(ecrobot_interface.o)
                0x002057ac                ecrobot_initDeviceStatus
 .text.ecrobot_bt_data_logger
                0x002057b8       0x84 ../nxtOSEK/ecrobot/../ecrobot/libecrobot.a(ecrobot_interface.o)
                0x002057b8                ecrobot_bt_data_logger
 .text.ecrobot_bmp2lcd
                0x0020583c      0x1c8 ../nxtOSEK/ecrobot/../ecrobot/libecrobot.a(ecrobot_interface.o)
                0x0020583c                ecrobot_bmp2lcd
 .text.ecrobot_sound_tone
                0x00205a04        0xc ../nxtOSEK/ecrobot/../ecrobot/libecrobot.a(ecrobot_interface.o)
                0x00205a04                ecrobot_sound_tone
 .text.StartupHook
                0x00205a10        0x4 ../nxtOSEK/ecrobot/../ecrobot/libecrobot.a(osek_hook.o)
                0x00205a10                StartupHook
 .text.PreTaskHook
                0x00205a14        0x4 ../nxtOSEK/ecrobot/../ecrobot/libecrobot.a(osek_hook.o)
                0x00205a14                PreTaskHook
 .text.PostTaskHook
                0x00205a18        0x4 ../nxtOSEK/ecrobot/../ecrobot/libecrobot.a(osek_hook.o)
                0x00205a18                PostTaskHook
 .text.balance_control
                0x00205a1c      0x254 ../nxtOSEK/ecrobot/../ecrobot/libnxtway_gs_balancer.a(balancer.o)
                0x00205a1c                balance_control
 .text.balance_init
                0x00205c70       0x30 ../nxtOSEK/ecrobot/../ecrobot/libnxtway_gs_balancer.a(balancer.o)
                0x00205c70                balance_init
 .text          0x00205ca0       0x8c /cygdrive/C/cygwin/GNUARM/bin/../lib/gcc/arm-elf/4.0.2/thumb/interwork/libgcc.a(_udivsi3.o)
                0x00205ca0                __udivsi3
                0x00205d1c                __aeabi_uidivmod
 .text          0x00205d2c       0xa4 /cygdrive/C/cygwin/GNUARM/bin/../lib/gcc/arm-elf/4.0.2/thumb/interwork/libgcc.a(_divsi3.o)
                0x00205d2c                __divsi3
                0x00205dc0                __aeabi_idivmod
 .text          0x00205dd0       0xc8 /cygdrive/C/cygwin/GNUARM/bin/../lib/gcc/arm-elf/4.0.2/thumb/interwork/libgcc.a(_umodsi3.o)
                0x00205dd0                __umodsi3
 .text          0x00205e98       0xd8 /cygdrive/C/cygwin/GNUARM/bin/../lib/gcc/arm-elf/4.0.2/thumb/interwork/libgcc.a(_modsi3.o)
                0x00205e98                __modsi3
 .text          0x00205f70        0x4 /cygdrive/C/cygwin/GNUARM/bin/../lib/gcc/arm-elf/4.0.2/thumb/interwork/libgcc.a(_dvmd_tls.o)
                0x00205f70                __aeabi_ldiv0
                0x00205f70                __div0
                0x00205f70                __aeabi_idiv0
 .text          0x00205f74      0x430 /cygdrive/C/cygwin/GNUARM/bin/../lib/gcc/arm-elf/4.0.2/thumb/interwork/libgcc.a(_addsubdf3.o)
                0x00206338                __floatdidf
                0x002062b8                __floatsidf
                0x00206290                __aeabi_ui2d
                0x00205f74                __aeabi_drsub
                0x002062e4                __extendsfdf2
                0x00205f80                __adddf3
                0x00206290                __floatunsidf
                0x00205f80                __aeabi_dadd
                0x00206324                __aeabi_ul2d
                0x00205f7c                __aeabi_dsub
                0x00206324                __floatundidf
                0x002062b8                __aeabi_i2d
                0x00206338                __aeabi_l2d
                0x002062e4                __aeabi_f2d
                0x00205f7c                __subdf3
 .text          0x002063a4      0x49c /cygdrive/C/cygwin/GNUARM/bin/../lib/gcc/arm-elf/4.0.2/thumb/interwork/libgcc.a(_muldivdf3.o)
                0x00206634                __aeabi_ddiv
                0x002063a4                __aeabi_dmul
                0x00206634                __divdf3
                0x002063a4                __muldf3
 .text          0x00206840       0xa0 /cygdrive/C/cygwin/GNUARM/bin/../lib/gcc/arm-elf/4.0.2/thumb/interwork/libgcc.a(_truncdfsf2.o)
                0x00206840                __aeabi_d2f
                0x00206840                __truncdfsf2
 .text          0x002068e0      0x2ac /cygdrive/C/cygwin/GNUARM/bin/../lib/gcc/arm-elf/4.0.2/thumb/interwork/libgcc.a(_addsubsf3.o)
                0x002068ec                __aeabi_fadd
                0x002068e8                __subsf3
                0x00206ab0                __aeabi_i2f
                0x002068e8                __aeabi_fsub
                0x00206ae0                __floatdisf
                0x00206ab0                __floatsisf
                0x00206ad0                __floatundisf
                0x00206aa8                __aeabi_ui2f
                0x00206ae0                __aeabi_l2f
                0x00206ad0                __aeabi_ul2f
                0x002068e0                __aeabi_frsub
                0x00206aa8                __floatunsisf
                0x002068ec                __addsf3
 .text          0x00206b8c      0x2f8 /cygdrive/C/cygwin/GNUARM/bin/../lib/gcc/arm-elf/4.0.2/thumb/interwork/libgcc.a(_muldivsf3.o)
                0x00206d24                __divsf3
                0x00206d24                __aeabi_fdiv
                0x00206b8c                __mulsf3
                0x00206b8c                __aeabi_fmul
 .text          0x00206e84      0x110 /cygdrive/C/cygwin/GNUARM/bin/../lib/gcc/arm-elf/4.0.2/thumb/interwork/libgcc.a(_cmpsf2.o)
                0x00206f7c                __aeabi_fcmpgt
                0x00206e8c                __lesf2
                0x00206e94                __nesf2
                0x00206f64                __aeabi_fcmpge
                0x00206e84                __gtsf2
                0x00206f4c                __aeabi_fcmple
                0x00206e94                __eqsf2
                0x00206e94                __cmpsf2
                0x00206e8c                __ltsf2
                0x00206f04                __aeabi_cfcmple
                0x00206e84                __gesf2
                0x00206f1c                __aeabi_fcmpeq
                0x00206ef4                __aeabi_cfrcmple
                0x00206f34                __aeabi_fcmplt
                0x00206f04                __aeabi_cfcmpeq
 .text          0x00206f94       0x5c /cygdrive/C/cygwin/GNUARM/bin/../lib/gcc/arm-elf/4.0.2/thumb/interwork/libgcc.a(_fixsfsi.o)
                0x00206f94                __fixsfsi
                0x00206f94                __aeabi_f2iz
 .text          0x00206ff0       0x54 /cygdrive/C/cygwin/GNUARM/bin/../lib/gcc/arm-elf/4.0.2/thumb/interwork/libgcc.a(_fixunssfsi.o)
                0x00206ff0                __aeabi_f2uiz
                0x00206ff0                __fixunssfsi
 .text          0x00207044       0x68 /cygdrive/C/cygwin/GNUARM/bin/../lib/gcc/arm-elf/4.0.2/../../../../arm-elf/lib/thumb/interwork/libc.a(memcpy.o)
                0x00207044                memcpy
 .text          0x002070ac       0x68 /cygdrive/C/cygwin/GNUARM/bin/../lib/gcc/arm-elf/4.0.2/../../../../arm-elf/lib/thumb/interwork/libc.a(memset.o)
                0x002070ac                memset
 .text          0x00207114       0x60 /cygdrive/C/cygwin/GNUARM/bin/../lib/gcc/arm-elf/4.0.2/../../../../arm-elf/lib/thumb/interwork/libc.a(strcpy.o)
                0x00207114                strcpy
 .text          0x00207174       0x48 /cygdrive/C/cygwin/GNUARM/bin/../lib/gcc/arm-elf/4.0.2/../../../../arm-elf/lib/thumb/interwork/libc.a(strlen.o)
                0x00207174                strlen
 .text          0x002071bc       0x84 /cygdrive/C/cygwin/GNUARM/bin/../lib/gcc/arm-elf/4.0.2/../../../../arm-elf/lib/thumb/interwork/libc.a(strncpy.o)
                0x002071bc                strncpy
 .glue_7        0x00207240       0x30 /cygdrive/C/cygwin/GNUARM/bin/../lib/gcc/arm-elf/4.0.2/../../../../arm-elf/lib/thumb/interwork/libc.a(strncpy.o)
                0x00207258                __call_posttaskhook_from_arm
                0x00207241                __ecrobot_debug1_from_arm
                0x0020724d                __ecrobot_debug2_from_arm
                0x00207264                __call_pretaskhook_from_arm
 .glue_7t       0x00207270       0xe8 /cygdrive/C/cygwin/GNUARM/bin/../lib/gcc/arm-elf/4.0.2/../../../../arm-elf/lib/thumb/interwork/libc.a(strncpy.o)
                0x0020729c                __start_change_to_arm
                0x00207330                __interrupts_get_and_disable_from_thumb
                0x00207350                ____lesf2_from_thumb
                0x00207329                ____gtdf2_from_thumb
                0x00207291                __exit_and_dispatch_from_thumb
                0x00207320                ____divsf3_from_thumb
                0x0020734c                ____gesf2_change_to_arm
                0x00207318                ____subdf3_from_thumb
                0x00207304                ____fixsfsi_change_to_arm
                0x002072dc                ____addsf3_change_to_arm
                0x0020731c                ____subdf3_change_to_arm
                0x00207300                ____fixsfsi_from_thumb
                0x002072c8                ____floatsisf_from_thumb
                0x002072a0                ____extendsfdf2_from_thumb
                0x00207294                __exit_and_dispatch_change_to_arm
                0x00207270                __disable_int_from_thumb
                0x00207348                ____gesf2_from_thumb
                0x00207288                __start_dispatch_from_thumb
                0x002072f0                ____ltsf2_from_thumb
                0x00207311                ____fixdfsi_from_thumb
                0x002072e4                ____divdf3_change_to_arm
                0x00207354                ____lesf2_change_to_arm
                0x00207298                __start_from_thumb
                0x002072c0                ____truncdfsf2_from_thumb
                0x002072b4                ____muldf3_change_to_arm
                0x00207324                ____divsf3_change_to_arm
                0x00207314                ____fixdfsi_change_to_arm
                0x002072e0                ____divdf3_from_thumb
                0x00207278                __enable_int_from_thumb
                0x00207281                __dispatch_from_thumb
                0x0020733c                __interrupts_enable_change_to_arm
                0x002072e8                ____gtsf2_from_thumb
                0x00207334                __interrupts_get_and_disable_change_to_arm
                0x00207284                __dispatch_change_to_arm
                0x002072d4                ____mulsf3_change_to_arm
                0x002072bc                ____adddf3_change_to_arm
                0x0020732c                ____gtdf2_change_to_arm
                0x002072c4                ____truncdfsf2_change_to_arm
                0x002072a4                ____extendsfdf2_change_to_arm
                0x002072a8                ____floatsidf_from_thumb
                0x002072cc                ____floatsisf_change_to_arm
                0x00207341                __display_bios_status_from_thumb
                0x00207308                ____subsf3_from_thumb
                0x002072b8                ____adddf3_from_thumb
                0x002072ec                ____gtsf2_change_to_arm
                0x00207274                __disable_int_change_to_arm
                0x002072fc                ____fixunssfsi_change_to_arm
                0x002072f4                ____ltsf2_change_to_arm
                0x002072d0                ____mulsf3_from_thumb
                0x002072d8                ____addsf3_from_thumb
                0x002072b0                ____muldf3_from_thumb
                0x002072f8                ____fixunssfsi_from_thumb
                0x0020730c                ____subsf3_change_to_arm
                0x0020727c                __enable_int_change_to_arm
                0x002072ac                ____floatsidf_change_to_arm
                0x00207338                __interrupts_enable_from_thumb
                0x00207344                __display_bios_status_change_to_arm
                0x0020728c                __start_dispatch_change_to_arm
                0x00207360                . = ALIGN (0x10)
 *fill*         0x00207358        0x8 00
 *(*.rodata *.rodata.*)
 .rodata.tinib_stksz
                0x00207360        0x2 build/./kernel_cfg.o
                0x00207360                tinib_stksz
 *fill*         0x00207362        0x2 00
 .rodata.tinib_stk
                0x00207364        0x4 build/./kernel_cfg.o
                0x00207364                tinib_stk
 .rodata.tinib_task
                0x00207368        0x4 build/./kernel_cfg.o
                0x00207368                tinib_task
 .rodata.tinib_autoact
                0x0020736c        0x1 build/./kernel_cfg.o
                0x0020736c                tinib_autoact
 .rodata.tinib_exepri
                0x0020736d        0x1 build/./kernel_cfg.o
                0x0020736d                tinib_exepri
 .rodata.tinib_inipri
                0x0020736e        0x1 build/./kernel_cfg.o
                0x0020736e                tinib_inipri
 .rodata.tnum_exttask
                0x0020736f        0x1 build/./kernel_cfg.o
                0x0020736f                tnum_exttask
 .rodata.tnum_task
                0x00207370        0x1 build/./kernel_cfg.o
                0x00207370                tnum_task
 *fill*         0x00207371        0x3 00
 .rodata.exec_addr
                0x00207374        0x4 build/ecrobot_base.o
                0x00207374                exec_addr
 .rodata.str1.4
                0x00207378       0x80 build/ecrobot_base.o
 .rodata.BATTERY_OFFSET
                0x002073f8        0x4 build/balancer_param.o
                0x002073f8                BATTERY_OFFSET
 .rodata.BATTERY_GAIN
                0x002073fc        0x4 build/balancer_param.o
                0x002073fc                BATTERY_GAIN
 .rodata.str1.4
                0x00207400        0xf build/UI.o
                                 0x10 (size before relaxing)
 *fill*         0x0020740f        0x1 00
 .rodata.str1.4
                0x00207410       0x13 build/model_impl.o
                                 0x14 (size before relaxing)
                0x00207430                . = ALIGN (0x10)
 *fill*         0x00207423        0xd 00
 *(*.gnu.linkonce.* .gcc_except_table)
                0x00207430                . = ALIGN (0x10)

.tors           0x00207430        0x0
                0x00207430                . = ALIGN (0x10)
                0x00207430                __ctor_begin = .
 *(*.ctors*)
                0x00207430                __ctor_end = .
                0x00207430                . = ALIGN (0x10)
                0x00207430                __dtor_begin = .
 *(*.dtors*)
                0x00207430                __dtor_end = .
                0x00207430                . = ALIGN (0x10)

.bss            0x00207430     0x1770
 *(*.bss *.bss.*)
 .bss.ready_primap
                0x00207430        0x2 build/kernel/task.o
 .bss.ready_queue_last
                0x00207432       0x10 build/kernel/task.o
 .bss.ready_queue_first
                0x00207442       0x10 build/kernel/task.o
 *fill*         0x00207452        0x2 00
 .bss._stack_TaskMain
                0x00207454      0x200 build/./kernel_cfg.o
 .bss.receiveBuf
                0x00207654       0x80 build/ecrobot_bluetooth.o
 .bss.sendBuf   0x002076d4      0x100 build/ecrobot_bluetooth.o
 .bss.handle    0x002077d4        0x1 build/ecrobot_bluetooth.o
 *fill*         0x002077d5        0x3 00
 .bss.status_bar_position
                0x002077d8        0x4 build/ecrobot_base.o
 .bss.last_act_time.2701
                0x002077dc        0x4 build/ecrobot_base.o
 .bss.lcd.2630  0x002077e0      0x320 build/ecrobot_base.o
 .bss.OS_flag   0x00207b00        0x4 build/ecrobot_base.o
 .bss.status_bar
                0x00207b04       0x10 build/ecrobot_base.o
 .bss.alert.2230
                0x00207b14        0x4 build/SonarSensor.o
 .bss.counter.2229
                0x00207b18        0x4 build/SonarSensor.o
 .bss.buttons_i
                0x00207b1c        0x4 ../nxtOSEK/ecrobot/../ecrobot/libecrobot.a(ecrobot_interface.o)
 .bss.buttons_states
                0x00207b20       0x14 ../nxtOSEK/ecrobot/../ecrobot/libecrobot.a(ecrobot_interface.o)
 .bss.ecrobot_inputs
                0x00207b34        0x8 ../nxtOSEK/ecrobot/../ecrobot/libecrobot.a(ecrobot_interface.o)
 .bss.systick_ms
                0x00207b3c        0x4 ../nxtOSEK/ecrobot/../ecrobot/libecrobot.a(systick.oram)
 .bss.delayedEnable
                0x00207b40        0x1 ../nxtOSEK/ecrobot/../ecrobot/libecrobot.a(udp.oram)
 *fill*         0x00207b41        0x3 00
 .bss.outCnt    0x00207b44        0x4 ../nxtOSEK/ecrobot/../ecrobot/libecrobot.a(udp.oram)
 .bss.outPtr    0x00207b48        0x4 ../nxtOSEK/ecrobot/../ecrobot/libecrobot.a(udp.oram)
 .bss.newAddress
                0x00207b4c        0x4 ../nxtOSEK/ecrobot/../ecrobot/libecrobot.a(udp.oram)
 .bss.currentRxBank
                0x00207b50        0x4 ../nxtOSEK/ecrobot/../ecrobot/libecrobot.a(udp.oram)
 .bss.currentFeatures
                0x00207b54        0x4 ../nxtOSEK/ecrobot/../ecrobot/libecrobot.a(udp.oram)
 .bss.currentConfig
                0x00207b58        0x1 ../nxtOSEK/ecrobot/../ecrobot/libecrobot.a(udp.oram)
 *fill*         0x00207b59        0x3 00
 .bss.twi_mask  0x00207b5c        0x4 ../nxtOSEK/ecrobot/../ecrobot/libecrobot.a(twi.oram)
 .bss.twi_ptr   0x00207b60        0x4 ../nxtOSEK/ecrobot/../ecrobot/libecrobot.a(twi.oram)
 .bss.twi_pending
                0x00207b64        0x4 ../nxtOSEK/ecrobot/../ecrobot/libecrobot.a(twi.oram)
 .bss.twi_state
                0x00207b68        0x4 ../nxtOSEK/ecrobot/../ecrobot/libecrobot.a(twi.oram)
 .bss.page      0x00207b6c        0x1 ../nxtOSEK/ecrobot/../ecrobot/libecrobot.a(nxt_spi.oram)
                0x00207b6c                page
 .bss.dirty     0x00207b6d        0x1 ../nxtOSEK/ecrobot/../ecrobot/libecrobot.a(nxt_spi.oram)
                0x00207b6d                dirty
 *fill*         0x00207b6e        0x2 00
 .bss.display   0x00207b70        0x4 ../nxtOSEK/ecrobot/../ecrobot/libecrobot.a(nxt_spi.oram)
                0x00207b70                display
 .bss.interrupts_this_period
                0x00207b74        0x4 ../nxtOSEK/ecrobot/../ecrobot/libecrobot.a(nxt_motors.oram)
 .bss.nxt_motor_initialised
                0x00207b78        0x4 ../nxtOSEK/ecrobot/../ecrobot/libecrobot.a(nxt_motors.oram)
 .bss.motor     0x00207b7c       0x30 ../nxtOSEK/ecrobot/../ecrobot/libecrobot.a(nxt_motors.oram)
 .bss.display_tick
                0x00207bac        0x4 ../nxtOSEK/ecrobot/../ecrobot/libecrobot.a(display.oram)
                0x00207bac                display_tick
 .bss.display_array
                0x00207bb0      0x388 ../nxtOSEK/ecrobot/../ecrobot/libecrobot.a(display.oram)
 .bss.i2c_int_count
                0x00207f38        0x4 ../nxtOSEK/ecrobot/../ecrobot/libecrobot.a(i2c.oram)
 .bss.i2c_port  0x00207f3c      0x170 ../nxtOSEK/ecrobot/../ecrobot/libecrobot.a(i2c.oram)
 .bss.sound_mode
                0x002080ac        0x1 ../nxtOSEK/ecrobot/../ecrobot/libecrobot.a(sound.oram)
                0x002080ac                sound_mode
 *fill*         0x002080ad        0x3 00
 .bss.in_buf_idx
                0x002080b0        0x4 ../nxtOSEK/ecrobot/../ecrobot/libecrobot.a(bt.oram)
 .bss.buf_ptr   0x002080b4        0x4 ../nxtOSEK/ecrobot/../ecrobot/libecrobot.a(bt.oram)
 .bss.out_buf   0x002080b8      0x200 ../nxtOSEK/ecrobot/../ecrobot/libecrobot.a(bt.oram)
 .bss.out_buf_ptr
                0x002082b8        0x1 ../nxtOSEK/ecrobot/../ecrobot/libecrobot.a(bt.oram)
 .bss.in_buf_in_ptr
                0x002082b9        0x1 ../nxtOSEK/ecrobot/../ecrobot/libecrobot.a(bt.oram)
 .bss.in_buf    0x002082ba      0x100 ../nxtOSEK/ecrobot/../ecrobot/libecrobot.a(bt.oram)
 *fill*         0x002083ba        0x2 00
 .bss.link_state
                0x002083bc        0x4 ../nxtOSEK/ecrobot/../ecrobot/libecrobot.a(nxt_avr.oram)
 .bss.update_count
                0x002083c0        0x4 ../nxtOSEK/ecrobot/../ecrobot/libecrobot.a(nxt_avr.oram)
 .bss.nxt_avr_stats
                0x002083c4       0x14 ../nxtOSEK/ecrobot/../ecrobot/libecrobot.a(nxt_avr.oram)
 .bss.debounce_cnt
                0x002083d8        0x2 ../nxtOSEK/ecrobot/../ecrobot/libecrobot.a(nxt_avr.oram)
 .bss.debounce_state
                0x002083da        0x2 ../nxtOSEK/ecrobot/../ecrobot/libecrobot.a(nxt_avr.oram)
 .bss.button_state
                0x002083dc        0x2 ../nxtOSEK/ecrobot/../ecrobot/libecrobot.a(nxt_avr.oram)
 .bss.prev_buttons
                0x002083de        0x2 ../nxtOSEK/ecrobot/../ecrobot/libecrobot.a(nxt_avr.oram)
 .bss.from_buf  0x002083e0        0x4 ../nxtOSEK/ecrobot/../ecrobot/libecrobot.a(nxt_avr.oram)
 .bss.io_from_avr
                0x002083e4        0x4 ../nxtOSEK/ecrobot/../ecrobot/libecrobot.a(nxt_avr.oram)
 .bss.data_from_avr
                0x002083e8       0x1a ../nxtOSEK/ecrobot/../ecrobot/libecrobot.a(nxt_avr.oram)
 .bss.data_to_avr
                0x00208402        0x9 ../nxtOSEK/ecrobot/../ecrobot/libecrobot.a(nxt_avr.oram)
 .bss.io_to_avr
                0x0020840b        0x8 ../nxtOSEK/ecrobot/../ecrobot/libecrobot.a(nxt_avr.oram)
 *fill*         0x00208413        0x1 00
 .bss.display   0x00208414        0x4 ../nxtOSEK/ecrobot/../ecrobot/libecrobot.a(nxt_lcd.oram)
 .bss.ud_thetadot_cmd_lpf
                0x00208418        0x4 ../nxtOSEK/ecrobot/../ecrobot/libnxtway_gs_balancer.a(balancer.o)
 .bss.ud_theta_ref
                0x0020841c        0x4 ../nxtOSEK/ecrobot/../ecrobot/libnxtway_gs_balancer.a(balancer.o)
 .bss.ud_theta_lpf
                0x00208420        0x4 ../nxtOSEK/ecrobot/../ecrobot/libnxtway_gs_balancer.a(balancer.o)
 .bss.ud_psi    0x00208424        0x4 ../nxtOSEK/ecrobot/../ecrobot/libnxtway_gs_balancer.a(balancer.o)
 .bss.ud_err_theta
                0x00208428        0x4 ../nxtOSEK/ecrobot/../ecrobot/libnxtway_gs_balancer.a(balancer.o)
                0x00208430                . = ALIGN (0x10)
 *fill*         0x0020842c        0x4 00
                0x00208430                __bss_end__ = .
 COMMON         0x00208430        0x2 build/kernel/interrupt.o
                0x00208430                runisr
                0x00208431                sus_all_cnt
 *fill*         0x00208432        0x2 00
 COMMON         0x00208434       0x10 build/kernel/osctl.o
                0x00208434                callevel
                0x00208435                _errorhook_svcid
                0x00208436                appmode
                0x00208438                _errorhook_par1
                0x0020843c                _errorhook_par3
                0x00208440                _errorhook_par2
 COMMON         0x00208444        0x3 build/kernel/task.o
                0x00208444                runtsk
                0x00208445                schedtsk
                0x00208446                nextpri
 *fill*         0x00208447        0x1 00
 COMMON         0x00208448       0x2c build/./kernel_cfg.o
                0x00208448                tcb_waievt
                0x0020844c                rescb_prevpri
                0x0020844d                almcb_prev
                0x0020844e                tcb_lastres
                0x00208450                almcb_almval
                0x00208454                tcxb_pc
                0x00208458                tcb_next
                0x00208459                tcb_curpri
                0x0020845a                tcb_tstat
                0x0020845b                isrcb_lastres
                0x0020845c                cntcb_almque
                0x0020845d                rescb_prevres
                0x0020845e                tcb_actcnt
                0x00208460                tcb_curevt
                0x00208464                almcb_cycle
                0x00208468                tcxb_sp
                0x0020846c                almcb_next
                0x00208470                cntcb_curval
 COMMON         0x00208474      0x3c0 build/model_impl.o
                0x00208474                maimai
                0x0020848c                rightMotor
                0x00208490                tailMotor
                0x00208494                sonarSensor
                0x00208498                basic
                0x002086bc                garageIn
                0x002086cc                lookUpGate
                0x002086e0                gyroSensor
                0x002086e8                lookUpRunner
                0x00208710                leftMotor
                0x00208714                touchSensor
                0x00208718                balanceRunner
                0x00208730                lightSensor
                0x00208738                lineTracer
                0x0020876c                tailRunner
                0x00208780                lineReturn
                0x00208794                ui
                0x0020882c                colorJudgement
 COMMON         0x00208834       0x44 ../nxtOSEK/ecrobot/../ecrobot/libecrobot.a(uart.oram)
                0x00208834                uart
 COMMON         0x00208878        0x4 ../nxtOSEK/ecrobot/../ecrobot/libecrobot.a(data_abort.oram)
                0x00208878                data_abort_pc
 COMMON         0x0020887c        0x8 ../nxtOSEK/ecrobot/../ecrobot/libecrobot.a(display.oram)
                0x0020887c                display_x
                0x00208880                display_y
 COMMON         0x00208884      0x31c ../nxtOSEK/ecrobot/../ecrobot/libecrobot.a(sound.oram)
                0x00208884                sample
                0x00207430                __bss_start__ = ADDR (.bss)
                0x00208ba0                __bss_end__ = (ADDR (.bss) + SIZEOF (.bss))
                0x00208ba0                PROVIDE (end, .)

.heap_area      0x00208ba0     0x6fd8
                0x0020fb78                . = (. + (0x20fb78 - end))
 *fill*         0x00208ba0     0x6fd8 00

.stack          0x0020fb78      0x488
                0x0020fbf8                . = (. + 0x80)
 *fill*         0x0020fb78       0x80 00
                0x0020fc00                . = ALIGN (0x10)
 *fill*         0x0020fbf8        0x8 00
                0x0020fc00                __irq_stack__ = .
                0x0020fc00                __system_stack_bottom__ = .
                0x00210000                . = (. + 0x400)
 *fill*         0x0020fc00      0x400 00
                0x00210000                . = ALIGN (0x10)
                0x00210000                __system_stack__ = .
                0x00210000                __system_stack_top__ = .
                0x0020fb78                __stack_start__ = ADDR (.stack)
                0x00210000                __stack_end__ = (ADDR (.stack) + SIZEOF (.stack))
OUTPUT(maimai_rxe.elf elf32-littlearm)

.comment        0x00000000      0x4c8
 .comment       0x00000000       0x12 build/kernel/alarm.o
 .comment       0x00000012       0x12 build/kernel/event.o
 .comment       0x00000024       0x12 build/kernel/interrupt.o
 .comment       0x00000036       0x12 build/kernel/osctl.o
 .comment       0x00000048       0x12 build/kernel/resource.o
 .comment       0x0000005a       0x12 build/kernel/task.o
 .comment       0x0000006c       0x12 build/kernel/task_manage.o
 .comment       0x0000007e       0x12 build/config/at91sam7s-gnu/cpu_config.o
 .comment       0x00000090       0x12 build/config/at91sam7s-gnu/lego_nxt/sys_config.o
 .comment       0x000000a2       0x12 build/./kernel_cfg.o
 .comment       0x000000b4       0x12 build/syscalls.o
 .comment       0x000000c6       0x12 build/ecrobot_bluetooth.o
 .comment       0x000000d8       0x12 build/ecrobot_base.o
 .comment       0x000000ea       0x12 build/ecrobot.o
 .comment       0x000000fc       0x12 build/balancer_param.o
 .comment       0x0000010e       0x12 build/LineTracer.o
 .comment       0x00000120       0x12 build/UI.o
 .comment       0x00000132       0x12 build/ColorJudgement.o
 .comment       0x00000144       0x12 build/BalanceRunner.o
 .comment       0x00000156       0x12 build/TouchSensor.o
 .comment       0x00000168       0x12 build/GyroSensor.o
 .comment       0x0000017a       0x12 build/LightSensor.o
 .comment       0x0000018c       0x12 build/Motor.o
 .comment       0x0000019e       0x12 build/model_impl.o
 .comment       0x000001b0       0x12 build/GarageIn.o
 .comment       0x000001c2       0x12 build/Basic.o
 .comment       0x000001d4       0x12 build/SeeSaw.o
 .comment       0x000001e6       0x12 build/LineReturn.o
 .comment       0x000001f8       0x12 build/SonarSensor.o
 .comment       0x0000020a       0x12 build/LookUpGate.o
 .comment       0x0000021c       0x12 build/LookUpRunner.o
 .comment       0x0000022e       0x12 build/Maimai.o
 .comment       0x00000240       0x12 build/TailRunner.o
 .comment       0x00000252       0x12 build/syslib/at91sam7s-gnu/lego_nxt/hw_sys_timer.oram
 .comment       0x00000264       0x12 ../nxtOSEK/ecrobot/../ecrobot/libecrobot.a(ecrobot_HiTechnic.o)
 .comment       0x00000276       0x12 ../nxtOSEK/ecrobot/../ecrobot/libecrobot.a(ecrobot_interface.o)
 .comment       0x00000288       0x12 ../nxtOSEK/ecrobot/../ecrobot/libecrobot.a(colorsensor.o)
 .comment       0x0000029a       0x12 ../nxtOSEK/ecrobot/../ecrobot/libecrobot.a(osek_hook.o)
 .comment       0x000002ac       0x12 ../nxtOSEK/ecrobot/../ecrobot/libecrobot.a(uart.oram)
 .comment       0x000002be       0x12 ../nxtOSEK/ecrobot/../ecrobot/libecrobot.a(systick.oram)
 .comment       0x000002d0       0x12 ../nxtOSEK/ecrobot/../ecrobot/libecrobot.a(byte_fifo.oram)
 .comment       0x000002e2       0x12 ../nxtOSEK/ecrobot/../ecrobot/libecrobot.a(aic.oram)
 .comment       0x000002f4       0x12 ../nxtOSEK/ecrobot/../ecrobot/libecrobot.a(udp.oram)
 .comment       0x00000306       0x12 ../nxtOSEK/ecrobot/../ecrobot/libecrobot.a(twi.oram)
 .comment       0x00000318       0x12 ../nxtOSEK/ecrobot/../ecrobot/libecrobot.a(nxt_spi.oram)
 .comment       0x0000032a       0x12 ../nxtOSEK/ecrobot/../ecrobot/libecrobot.a(nxt_motors.oram)
 .comment       0x0000033c       0x12 ../nxtOSEK/ecrobot/../ecrobot/libecrobot.a(data_abort.oram)
 .comment       0x0000034e       0x12 ../nxtOSEK/ecrobot/../ecrobot/libecrobot.a(display.oram)
 .comment       0x00000360       0x12 ../nxtOSEK/ecrobot/../ecrobot/libecrobot.a(i2c.oram)
 .comment       0x00000372       0x12 ../nxtOSEK/ecrobot/../ecrobot/libecrobot.a(sound.oram)
 .comment       0x00000384       0x12 ../nxtOSEK/ecrobot/../ecrobot/libecrobot.a(bt.oram)
 .comment       0x00000396       0x12 ../nxtOSEK/ecrobot/../ecrobot/libecrobot.a(nxt_avr.oram)
 .comment       0x000003a8       0x12 ../nxtOSEK/ecrobot/../ecrobot/libecrobot.a(sensors.oram)
 .comment       0x000003ba       0x12 ../nxtOSEK/ecrobot/../ecrobot/libecrobot.a(sensors1.oram)
 .comment       0x000003cc       0x12 ../nxtOSEK/ecrobot/../ecrobot/libecrobot.a(nxt_lcd.oram)
 .comment       0x000003de       0x12 ../nxtOSEK/ecrobot/../ecrobot/libecrobot.a(flash_loader.oram)
 .comment       0x000003f0       0x12 ../nxtOSEK/ecrobot/../ecrobot/libecrobot.a(ecrobot_usb.o)
 .comment       0x00000402       0x12 ../nxtOSEK/ecrobot/../ecrobot/libecrobot.a(flashprog.oram)
 .comment       0x00000414       0x12 ../nxtOSEK/ecrobot/../ecrobot/libnxtway_gs_balancer.a(balancer.o)
 .comment       0x00000426       0x12 /cygdrive/C/cygwin/GNUARM/bin/../lib/gcc/arm-elf/4.0.2/thumb/interwork/libgcc.a(_muldi3.o)
 .comment       0x00000438       0x12 /cygdrive/C/cygwin/GNUARM/bin/../lib/gcc/arm-elf/4.0.2/thumb/interwork/libgcc.a(_divdi3.o)
 .comment       0x0000044a       0x12 /cygdrive/C/cygwin/GNUARM/bin/../lib/gcc/arm-elf/4.0.2/thumb/interwork/libgcc.a(_clz.o)
 .comment       0x0000045c       0x12 /cygdrive/C/cygwin/GNUARM/bin/../lib/gcc/arm-elf/4.0.2/../../../../arm-elf/lib/thumb/interwork/libc.a(memcpy.o)
 .comment       0x0000046e       0x12 /cygdrive/C/cygwin/GNUARM/bin/../lib/gcc/arm-elf/4.0.2/../../../../arm-elf/lib/thumb/interwork/libc.a(memset.o)
 .comment       0x00000480       0x12 /cygdrive/C/cygwin/GNUARM/bin/../lib/gcc/arm-elf/4.0.2/../../../../arm-elf/lib/thumb/interwork/libc.a(strcmp.o)
 .comment       0x00000492       0x12 /cygdrive/C/cygwin/GNUARM/bin/../lib/gcc/arm-elf/4.0.2/../../../../arm-elf/lib/thumb/interwork/libc.a(strcpy.o)
 .comment       0x000004a4       0x12 /cygdrive/C/cygwin/GNUARM/bin/../lib/gcc/arm-elf/4.0.2/../../../../arm-elf/lib/thumb/interwork/libc.a(strlen.o)
 .comment       0x000004b6       0x12 /cygdrive/C/cygwin/GNUARM/bin/../lib/gcc/arm-elf/4.0.2/../../../../arm-elf/lib/thumb/interwork/libc.a(strncpy.o)

.debug_line     0x00000000     0x1004
 .debug_line    0x00000000       0x70 /cygdrive/C/cygwin/GNUARM/bin/../lib/gcc/arm-elf/4.0.2/thumb/interwork/libgcc.a(_udivsi3.o)
 .debug_line    0x00000070       0x7c /cygdrive/C/cygwin/GNUARM/bin/../lib/gcc/arm-elf/4.0.2/thumb/interwork/libgcc.a(_divsi3.o)
 .debug_line    0x000000ec       0x68 /cygdrive/C/cygwin/GNUARM/bin/../lib/gcc/arm-elf/4.0.2/thumb/interwork/libgcc.a(_umodsi3.o)
 .debug_line    0x00000154       0x71 /cygdrive/C/cygwin/GNUARM/bin/../lib/gcc/arm-elf/4.0.2/thumb/interwork/libgcc.a(_modsi3.o)
 .debug_line    0x000001c5       0x5a /cygdrive/C/cygwin/GNUARM/bin/../lib/gcc/arm-elf/4.0.2/thumb/interwork/libgcc.a(_dvmd_tls.o)
 .debug_line    0x0000021f      0x162 /cygdrive/C/cygwin/GNUARM/bin/../lib/gcc/arm-elf/4.0.2/thumb/interwork/libgcc.a(_addsubdf3.o)
 .debug_line    0x00000381      0x177 /cygdrive/C/cygwin/GNUARM/bin/../lib/gcc/arm-elf/4.0.2/thumb/interwork/libgcc.a(_muldivdf3.o)
 .debug_line    0x000004f8       0xa4 /cygdrive/C/cygwin/GNUARM/bin/../lib/gcc/arm-elf/4.0.2/thumb/interwork/libgcc.a(_cmpdf2.o)
 .debug_line    0x0000059c       0x6f /cygdrive/C/cygwin/GNUARM/bin/../lib/gcc/arm-elf/4.0.2/thumb/interwork/libgcc.a(_fixdfsi.o)
 .debug_line    0x0000060b       0x80 /cygdrive/C/cygwin/GNUARM/bin/../lib/gcc/arm-elf/4.0.2/thumb/interwork/libgcc.a(_truncdfsf2.o)
 .debug_line    0x0000068b      0x110 /cygdrive/C/cygwin/GNUARM/bin/../lib/gcc/arm-elf/4.0.2/thumb/interwork/libgcc.a(_addsubsf3.o)
 .debug_line    0x0000079b      0x11a /cygdrive/C/cygwin/GNUARM/bin/../lib/gcc/arm-elf/4.0.2/thumb/interwork/libgcc.a(_muldivsf3.o)
 .debug_line    0x000008b5       0x98 /cygdrive/C/cygwin/GNUARM/bin/../lib/gcc/arm-elf/4.0.2/thumb/interwork/libgcc.a(_cmpsf2.o)
 .debug_line    0x0000094d       0x6f /cygdrive/C/cygwin/GNUARM/bin/../lib/gcc/arm-elf/4.0.2/thumb/interwork/libgcc.a(_fixsfsi.o)
 .debug_line    0x000009bc       0x6d /cygdrive/C/cygwin/GNUARM/bin/../lib/gcc/arm-elf/4.0.2/thumb/interwork/libgcc.a(_fixunssfsi.o)
 .debug_line    0x00000a29       0x61 /cygdrive/C/cygwin/GNUARM/bin/../lib/gcc/arm-elf/4.0.2/thumb/interwork/libgcc.a(_muldi3.o)
 .debug_line    0x00000a8a      0x122 /cygdrive/C/cygwin/GNUARM/bin/../lib/gcc/arm-elf/4.0.2/thumb/interwork/libgcc.a(_divdi3.o)
 .debug_line    0x00000bac       0x48 /cygdrive/C/cygwin/GNUARM/bin/../lib/gcc/arm-elf/4.0.2/thumb/interwork/libgcc.a(_clz.o)
 .debug_line    0x00000bf4       0xc3 /cygdrive/C/cygwin/GNUARM/bin/../lib/gcc/arm-elf/4.0.2/../../../../arm-elf/lib/thumb/interwork/libc.a(memcpy.o)
 .debug_line    0x00000cb7       0xd4 /cygdrive/C/cygwin/GNUARM/bin/../lib/gcc/arm-elf/4.0.2/../../../../arm-elf/lib/thumb/interwork/libc.a(memset.o)
 .debug_line    0x00000d8b       0x88 /cygdrive/C/cygwin/GNUARM/bin/../lib/gcc/arm-elf/4.0.2/../../../../arm-elf/lib/thumb/interwork/libc.a(strcmp.o)
 .debug_line    0x00000e13       0x80 /cygdrive/C/cygwin/GNUARM/bin/../lib/gcc/arm-elf/4.0.2/../../../../arm-elf/lib/thumb/interwork/libc.a(strcpy.o)
 .debug_line    0x00000e93       0xaf /cygdrive/C/cygwin/GNUARM/bin/../lib/gcc/arm-elf/4.0.2/../../../../arm-elf/lib/thumb/interwork/libc.a(strlen.o)
 .debug_line    0x00000f42       0xc2 /cygdrive/C/cygwin/GNUARM/bin/../lib/gcc/arm-elf/4.0.2/../../../../arm-elf/lib/thumb/interwork/libc.a(strncpy.o)

.debug_info     0x00000000     0x1659
 .debug_info    0x00000000       0x6a /cygdrive/C/cygwin/GNUARM/bin/../lib/gcc/arm-elf/4.0.2/thumb/interwork/libgcc.a(_udivsi3.o)
 .debug_info    0x0000006a       0x6a /cygdrive/C/cygwin/GNUARM/bin/../lib/gcc/arm-elf/4.0.2/thumb/interwork/libgcc.a(_divsi3.o)
 .debug_info    0x000000d4       0x6a /cygdrive/C/cygwin/GNUARM/bin/../lib/gcc/arm-elf/4.0.2/thumb/interwork/libgcc.a(_umodsi3.o)
 .debug_info    0x0000013e       0x6a /cygdrive/C/cygwin/GNUARM/bin/../lib/gcc/arm-elf/4.0.2/thumb/interwork/libgcc.a(_modsi3.o)
 .debug_info    0x000001a8       0x6a /cygdrive/C/cygwin/GNUARM/bin/../lib/gcc/arm-elf/4.0.2/thumb/interwork/libgcc.a(_dvmd_tls.o)
 .debug_info    0x00000212       0x69 /cygdrive/C/cygwin/GNUARM/bin/../lib/gcc/arm-elf/4.0.2/thumb/interwork/libgcc.a(_addsubdf3.o)
 .debug_info    0x0000027b       0x69 /cygdrive/C/cygwin/GNUARM/bin/../lib/gcc/arm-elf/4.0.2/thumb/interwork/libgcc.a(_muldivdf3.o)
 .debug_info    0x000002e4       0x69 /cygdrive/C/cygwin/GNUARM/bin/../lib/gcc/arm-elf/4.0.2/thumb/interwork/libgcc.a(_cmpdf2.o)
 .debug_info    0x0000034d       0x69 /cygdrive/C/cygwin/GNUARM/bin/../lib/gcc/arm-elf/4.0.2/thumb/interwork/libgcc.a(_fixdfsi.o)
 .debug_info    0x000003b6       0x69 /cygdrive/C/cygwin/GNUARM/bin/../lib/gcc/arm-elf/4.0.2/thumb/interwork/libgcc.a(_truncdfsf2.o)
 .debug_info    0x0000041f       0x69 /cygdrive/C/cygwin/GNUARM/bin/../lib/gcc/arm-elf/4.0.2/thumb/interwork/libgcc.a(_addsubsf3.o)
 .debug_info    0x00000488       0x69 /cygdrive/C/cygwin/GNUARM/bin/../lib/gcc/arm-elf/4.0.2/thumb/interwork/libgcc.a(_muldivsf3.o)
 .debug_info    0x000004f1       0x69 /cygdrive/C/cygwin/GNUARM/bin/../lib/gcc/arm-elf/4.0.2/thumb/interwork/libgcc.a(_cmpsf2.o)
 .debug_info    0x0000055a       0x69 /cygdrive/C/cygwin/GNUARM/bin/../lib/gcc/arm-elf/4.0.2/thumb/interwork/libgcc.a(_fixsfsi.o)
 .debug_info    0x000005c3       0x69 /cygdrive/C/cygwin/GNUARM/bin/../lib/gcc/arm-elf/4.0.2/thumb/interwork/libgcc.a(_fixunssfsi.o)
 .debug_info    0x0000062c      0x20e /cygdrive/C/cygwin/GNUARM/bin/../lib/gcc/arm-elf/4.0.2/thumb/interwork/libgcc.a(_muldi3.o)
 .debug_info    0x0000083a      0x758 /cygdrive/C/cygwin/GNUARM/bin/../lib/gcc/arm-elf/4.0.2/thumb/interwork/libgcc.a(_divdi3.o)
 .debug_info    0x00000f92       0xc9 /cygdrive/C/cygwin/GNUARM/bin/../lib/gcc/arm-elf/4.0.2/thumb/interwork/libgcc.a(_clz.o)
 .debug_info    0x0000105b      0x10d /cygdrive/C/cygwin/GNUARM/bin/../lib/gcc/arm-elf/4.0.2/../../../../arm-elf/lib/thumb/interwork/libc.a(memcpy.o)
 .debug_info    0x00001168      0x111 /cygdrive/C/cygwin/GNUARM/bin/../lib/gcc/arm-elf/4.0.2/../../../../arm-elf/lib/thumb/interwork/libc.a(memset.o)
 .debug_info    0x00001279       0xd9 /cygdrive/C/cygwin/GNUARM/bin/../lib/gcc/arm-elf/4.0.2/../../../../arm-elf/lib/thumb/interwork/libc.a(strcmp.o)
 .debug_info    0x00001352      0x10c /cygdrive/C/cygwin/GNUARM/bin/../lib/gcc/arm-elf/4.0.2/../../../../arm-elf/lib/thumb/interwork/libc.a(strcpy.o)
 .debug_info    0x0000145e       0xd5 /cygdrive/C/cygwin/GNUARM/bin/../lib/gcc/arm-elf/4.0.2/../../../../arm-elf/lib/thumb/interwork/libc.a(strlen.o)
 .debug_info    0x00001533      0x126 /cygdrive/C/cygwin/GNUARM/bin/../lib/gcc/arm-elf/4.0.2/../../../../arm-elf/lib/thumb/interwork/libc.a(strncpy.o)

.debug_abbrev   0x00000000      0x729
 .debug_abbrev  0x00000000       0x14 /cygdrive/C/cygwin/GNUARM/bin/../lib/gcc/arm-elf/4.0.2/thumb/interwork/libgcc.a(_udivsi3.o)
 .debug_abbrev  0x00000014       0x14 /cygdrive/C/cygwin/GNUARM/bin/../lib/gcc/arm-elf/4.0.2/thumb/interwork/libgcc.a(_divsi3.o)
 .debug_abbrev  0x00000028       0x14 /cygdrive/C/cygwin/GNUARM/bin/../lib/gcc/arm-elf/4.0.2/thumb/interwork/libgcc.a(_umodsi3.o)
 .debug_abbrev  0x0000003c       0x14 /cygdrive/C/cygwin/GNUARM/bin/../lib/gcc/arm-elf/4.0.2/thumb/interwork/libgcc.a(_modsi3.o)
 .debug_abbrev  0x00000050       0x14 /cygdrive/C/cygwin/GNUARM/bin/../lib/gcc/arm-elf/4.0.2/thumb/interwork/libgcc.a(_dvmd_tls.o)
 .debug_abbrev  0x00000064       0x14 /cygdrive/C/cygwin/GNUARM/bin/../lib/gcc/arm-elf/4.0.2/thumb/interwork/libgcc.a(_addsubdf3.o)
 .debug_abbrev  0x00000078       0x14 /cygdrive/C/cygwin/GNUARM/bin/../lib/gcc/arm-elf/4.0.2/thumb/interwork/libgcc.a(_muldivdf3.o)
 .debug_abbrev  0x0000008c       0x14 /cygdrive/C/cygwin/GNUARM/bin/../lib/gcc/arm-elf/4.0.2/thumb/interwork/libgcc.a(_cmpdf2.o)
 .debug_abbrev  0x000000a0       0x14 /cygdrive/C/cygwin/GNUARM/bin/../lib/gcc/arm-elf/4.0.2/thumb/interwork/libgcc.a(_fixdfsi.o)
 .debug_abbrev  0x000000b4       0x14 /cygdrive/C/cygwin/GNUARM/bin/../lib/gcc/arm-elf/4.0.2/thumb/interwork/libgcc.a(_truncdfsf2.o)
 .debug_abbrev  0x000000c8       0x14 /cygdrive/C/cygwin/GNUARM/bin/../lib/gcc/arm-elf/4.0.2/thumb/interwork/libgcc.a(_addsubsf3.o)
 .debug_abbrev  0x000000dc       0x14 /cygdrive/C/cygwin/GNUARM/bin/../lib/gcc/arm-elf/4.0.2/thumb/interwork/libgcc.a(_muldivsf3.o)
 .debug_abbrev  0x000000f0       0x14 /cygdrive/C/cygwin/GNUARM/bin/../lib/gcc/arm-elf/4.0.2/thumb/interwork/libgcc.a(_cmpsf2.o)
 .debug_abbrev  0x00000104       0x14 /cygdrive/C/cygwin/GNUARM/bin/../lib/gcc/arm-elf/4.0.2/thumb/interwork/libgcc.a(_fixsfsi.o)
 .debug_abbrev  0x00000118       0x14 /cygdrive/C/cygwin/GNUARM/bin/../lib/gcc/arm-elf/4.0.2/thumb/interwork/libgcc.a(_fixunssfsi.o)
 .debug_abbrev  0x0000012c       0xec /cygdrive/C/cygwin/GNUARM/bin/../lib/gcc/arm-elf/4.0.2/thumb/interwork/libgcc.a(_muldi3.o)
 .debug_abbrev  0x00000218      0x174 /cygdrive/C/cygwin/GNUARM/bin/../lib/gcc/arm-elf/4.0.2/thumb/interwork/libgcc.a(_divdi3.o)
 .debug_abbrev  0x0000038c       0x61 /cygdrive/C/cygwin/GNUARM/bin/../lib/gcc/arm-elf/4.0.2/thumb/interwork/libgcc.a(_clz.o)
 .debug_abbrev  0x000003ed       0x99 /cygdrive/C/cygwin/GNUARM/bin/../lib/gcc/arm-elf/4.0.2/../../../../arm-elf/lib/thumb/interwork/libc.a(memcpy.o)
 .debug_abbrev  0x00000486       0x9a /cygdrive/C/cygwin/GNUARM/bin/../lib/gcc/arm-elf/4.0.2/../../../../arm-elf/lib/thumb/interwork/libc.a(memset.o)
 .debug_abbrev  0x00000520       0x71 /cygdrive/C/cygwin/GNUARM/bin/../lib/gcc/arm-elf/4.0.2/../../../../arm-elf/lib/thumb/interwork/libc.a(strcmp.o)
 .debug_abbrev  0x00000591       0x80 /cygdrive/C/cygwin/GNUARM/bin/../lib/gcc/arm-elf/4.0.2/../../../../arm-elf/lib/thumb/interwork/libc.a(strcpy.o)
 .debug_abbrev  0x00000611       0x8b /cygdrive/C/cygwin/GNUARM/bin/../lib/gcc/arm-elf/4.0.2/../../../../arm-elf/lib/thumb/interwork/libc.a(strlen.o)
 .debug_abbrev  0x0000069c       0x8d /cygdrive/C/cygwin/GNUARM/bin/../lib/gcc/arm-elf/4.0.2/../../../../arm-elf/lib/thumb/interwork/libc.a(strncpy.o)

.debug_aranges  0x00000000      0x2e0
 .debug_aranges
                0x00000000       0x20 /cygdrive/C/cygwin/GNUARM/bin/../lib/gcc/arm-elf/4.0.2/thumb/interwork/libgcc.a(_udivsi3.o)
 .debug_aranges
                0x00000020       0x20 /cygdrive/C/cygwin/GNUARM/bin/../lib/gcc/arm-elf/4.0.2/thumb/interwork/libgcc.a(_divsi3.o)
 .debug_aranges
                0x00000040       0x20 /cygdrive/C/cygwin/GNUARM/bin/../lib/gcc/arm-elf/4.0.2/thumb/interwork/libgcc.a(_umodsi3.o)
 .debug_aranges
                0x00000060       0x20 /cygdrive/C/cygwin/GNUARM/bin/../lib/gcc/arm-elf/4.0.2/thumb/interwork/libgcc.a(_modsi3.o)
 .debug_aranges
                0x00000080       0x20 /cygdrive/C/cygwin/GNUARM/bin/../lib/gcc/arm-elf/4.0.2/thumb/interwork/libgcc.a(_dvmd_tls.o)
 .debug_aranges
                0x000000a0       0x20 /cygdrive/C/cygwin/GNUARM/bin/../lib/gcc/arm-elf/4.0.2/thumb/interwork/libgcc.a(_addsubdf3.o)
 .debug_aranges
                0x000000c0       0x20 /cygdrive/C/cygwin/GNUARM/bin/../lib/gcc/arm-elf/4.0.2/thumb/interwork/libgcc.a(_muldivdf3.o)
 .debug_aranges
                0x000000e0       0x20 /cygdrive/C/cygwin/GNUARM/bin/../lib/gcc/arm-elf/4.0.2/thumb/interwork/libgcc.a(_cmpdf2.o)
 .debug_aranges
                0x00000100       0x20 /cygdrive/C/cygwin/GNUARM/bin/../lib/gcc/arm-elf/4.0.2/thumb/interwork/libgcc.a(_fixdfsi.o)
 .debug_aranges
                0x00000120       0x20 /cygdrive/C/cygwin/GNUARM/bin/../lib/gcc/arm-elf/4.0.2/thumb/interwork/libgcc.a(_truncdfsf2.o)
 .debug_aranges
                0x00000140       0x20 /cygdrive/C/cygwin/GNUARM/bin/../lib/gcc/arm-elf/4.0.2/thumb/interwork/libgcc.a(_addsubsf3.o)
 .debug_aranges
                0x00000160       0x20 /cygdrive/C/cygwin/GNUARM/bin/../lib/gcc/arm-elf/4.0.2/thumb/interwork/libgcc.a(_muldivsf3.o)
 .debug_aranges
                0x00000180       0x20 /cygdrive/C/cygwin/GNUARM/bin/../lib/gcc/arm-elf/4.0.2/thumb/interwork/libgcc.a(_cmpsf2.o)
 .debug_aranges
                0x000001a0       0x20 /cygdrive/C/cygwin/GNUARM/bin/../lib/gcc/arm-elf/4.0.2/thumb/interwork/libgcc.a(_fixsfsi.o)
 .debug_aranges
                0x000001c0       0x20 /cygdrive/C/cygwin/GNUARM/bin/../lib/gcc/arm-elf/4.0.2/thumb/interwork/libgcc.a(_fixunssfsi.o)
 .debug_aranges
                0x000001e0       0x20 /cygdrive/C/cygwin/GNUARM/bin/../lib/gcc/arm-elf/4.0.2/thumb/interwork/libgcc.a(_muldi3.o)
 .debug_aranges
                0x00000200       0x20 /cygdrive/C/cygwin/GNUARM/bin/../lib/gcc/arm-elf/4.0.2/thumb/interwork/libgcc.a(_divdi3.o)
 .debug_aranges
                0x00000220       0x20 /cygdrive/C/cygwin/GNUARM/bin/../lib/gcc/arm-elf/4.0.2/../../../../arm-elf/lib/thumb/interwork/libc.a(memcpy.o)
 .debug_aranges
                0x00000240       0x20 /cygdrive/C/cygwin/GNUARM/bin/../lib/gcc/arm-elf/4.0.2/../../../../arm-elf/lib/thumb/interwork/libc.a(memset.o)
 .debug_aranges
                0x00000260       0x20 /cygdrive/C/cygwin/GNUARM/bin/../lib/gcc/arm-elf/4.0.2/../../../../arm-elf/lib/thumb/interwork/libc.a(strcmp.o)
 .debug_aranges
                0x00000280       0x20 /cygdrive/C/cygwin/GNUARM/bin/../lib/gcc/arm-elf/4.0.2/../../../../arm-elf/lib/thumb/interwork/libc.a(strcpy.o)
 .debug_aranges
                0x000002a0       0x20 /cygdrive/C/cygwin/GNUARM/bin/../lib/gcc/arm-elf/4.0.2/../../../../arm-elf/lib/thumb/interwork/libc.a(strlen.o)
 .debug_aranges
                0x000002c0       0x20 /cygdrive/C/cygwin/GNUARM/bin/../lib/gcc/arm-elf/4.0.2/../../../../arm-elf/lib/thumb/interwork/libc.a(strncpy.o)

.debug_frame    0x00000000      0x180
 .debug_frame   0x00000000       0x38 /cygdrive/C/cygwin/GNUARM/bin/../lib/gcc/arm-elf/4.0.2/thumb/interwork/libgcc.a(_muldi3.o)
 .debug_frame   0x00000038       0x3c /cygdrive/C/cygwin/GNUARM/bin/../lib/gcc/arm-elf/4.0.2/thumb/interwork/libgcc.a(_divdi3.o)
 .debug_frame   0x00000074       0x2c /cygdrive/C/cygwin/GNUARM/bin/../lib/gcc/arm-elf/4.0.2/../../../../arm-elf/lib/thumb/interwork/libc.a(memcpy.o)
 .debug_frame   0x000000a0       0x2c /cygdrive/C/cygwin/GNUARM/bin/../lib/gcc/arm-elf/4.0.2/../../../../arm-elf/lib/thumb/interwork/libc.a(memset.o)
 .debug_frame   0x000000cc       0x2c /cygdrive/C/cygwin/GNUARM/bin/../lib/gcc/arm-elf/4.0.2/../../../../arm-elf/lib/thumb/interwork/libc.a(strcmp.o)
 .debug_frame   0x000000f8       0x2c /cygdrive/C/cygwin/GNUARM/bin/../lib/gcc/arm-elf/4.0.2/../../../../arm-elf/lib/thumb/interwork/libc.a(strcpy.o)
 .debug_frame   0x00000124       0x2c /cygdrive/C/cygwin/GNUARM/bin/../lib/gcc/arm-elf/4.0.2/../../../../arm-elf/lib/thumb/interwork/libc.a(strlen.o)
 .debug_frame   0x00000150       0x30 /cygdrive/C/cygwin/GNUARM/bin/../lib/gcc/arm-elf/4.0.2/../../../../arm-elf/lib/thumb/interwork/libc.a(strncpy.o)

.debug_loc      0x00000000     0x13c0
 .debug_loc     0x00000000      0x156 /cygdrive/C/cygwin/GNUARM/bin/../lib/gcc/arm-elf/4.0.2/thumb/interwork/libgcc.a(_muldi3.o)
 .debug_loc     0x00000156      0xd45 /cygdrive/C/cygwin/GNUARM/bin/../lib/gcc/arm-elf/4.0.2/thumb/interwork/libgcc.a(_divdi3.o)
 .debug_loc     0x00000e9b      0x127 /cygdrive/C/cygwin/GNUARM/bin/../lib/gcc/arm-elf/4.0.2/../../../../arm-elf/lib/thumb/interwork/libc.a(memcpy.o)
 .debug_loc     0x00000fc2      0x12a /cygdrive/C/cygwin/GNUARM/bin/../lib/gcc/arm-elf/4.0.2/../../../../arm-elf/lib/thumb/interwork/libc.a(memset.o)
 .debug_loc     0x000010ec       0x8e /cygdrive/C/cygwin/GNUARM/bin/../lib/gcc/arm-elf/4.0.2/../../../../arm-elf/lib/thumb/interwork/libc.a(strcmp.o)
 .debug_loc     0x0000117a       0xb4 /cygdrive/C/cygwin/GNUARM/bin/../lib/gcc/arm-elf/4.0.2/../../../../arm-elf/lib/thumb/interwork/libc.a(strcpy.o)
 .debug_loc     0x0000122e       0x3c /cygdrive/C/cygwin/GNUARM/bin/../lib/gcc/arm-elf/4.0.2/../../../../arm-elf/lib/thumb/interwork/libc.a(strlen.o)
 .debug_loc     0x0000126a      0x156 /cygdrive/C/cygwin/GNUARM/bin/../lib/gcc/arm-elf/4.0.2/../../../../arm-elf/lib/thumb/interwork/libc.a(strncpy.o)

.debug_pubnames
                0x00000000      0x10d
 .debug_pubnames
                0x00000000       0x1f /cygdrive/C/cygwin/GNUARM/bin/../lib/gcc/arm-elf/4.0.2/thumb/interwork/libgcc.a(_muldi3.o)
 .debug_pubnames
                0x0000001f       0x1f /cygdrive/C/cygwin/GNUARM/bin/../lib/gcc/arm-elf/4.0.2/thumb/interwork/libgcc.a(_divdi3.o)
 .debug_pubnames
                0x0000003e       0x20 /cygdrive/C/cygwin/GNUARM/bin/../lib/gcc/arm-elf/4.0.2/thumb/interwork/libgcc.a(_clz.o)
 .debug_pubnames
                0x0000005e       0x1d /cygdrive/C/cygwin/GNUARM/bin/../lib/gcc/arm-elf/4.0.2/../../../../arm-elf/lib/thumb/interwork/libc.a(memcpy.o)
 .debug_pubnames
                0x0000007b       0x1d /cygdrive/C/cygwin/GNUARM/bin/../lib/gcc/arm-elf/4.0.2/../../../../arm-elf/lib/thumb/interwork/libc.a(memset.o)
 .debug_pubnames
                0x00000098       0x1d /cygdrive/C/cygwin/GNUARM/bin/../lib/gcc/arm-elf/4.0.2/../../../../arm-elf/lib/thumb/interwork/libc.a(strcmp.o)
 .debug_pubnames
                0x000000b5       0x1d /cygdrive/C/cygwin/GNUARM/bin/../lib/gcc/arm-elf/4.0.2/../../../../arm-elf/lib/thumb/interwork/libc.a(strcpy.o)
 .debug_pubnames
                0x000000d2       0x1d /cygdrive/C/cygwin/GNUARM/bin/../lib/gcc/arm-elf/4.0.2/../../../../arm-elf/lib/thumb/interwork/libc.a(strlen.o)
 .debug_pubnames
                0x000000ef       0x1e /cygdrive/C/cygwin/GNUARM/bin/../lib/gcc/arm-elf/4.0.2/../../../../arm-elf/lib/thumb/interwork/libc.a(strncpy.o)

.debug_ranges   0x00000000      0x1d8
 .debug_ranges  0x00000000       0x30 /cygdrive/C/cygwin/GNUARM/bin/../lib/gcc/arm-elf/4.0.2/thumb/interwork/libgcc.a(_muldi3.o)
 .debug_ranges  0x00000030      0x1a8 /cygdrive/C/cygwin/GNUARM/bin/../lib/gcc/arm-elf/4.0.2/thumb/interwork/libgcc.a(_divdi3.o)

.debug_str      0x00000000      0x38b
 .debug_str     0x00000000       0xfb /cygdrive/C/cygwin/GNUARM/bin/../lib/gcc/arm-elf/4.0.2/thumb/interwork/libgcc.a(_muldi3.o)
                                0x14f (size before relaxing)
 .debug_str     0x000000fb       0x5d /cygdrive/C/cygwin/GNUARM/bin/../lib/gcc/arm-elf/4.0.2/thumb/interwork/libgcc.a(_divdi3.o)
                                0x1a3 (size before relaxing)
 .debug_str     0x00000158        0x0 /cygdrive/C/cygwin/GNUARM/bin/../lib/gcc/arm-elf/4.0.2/thumb/interwork/libgcc.a(_clz.o)
                                0x104 (size before relaxing)