Archive member included because of file (symbol)

../nxtOSEK/ecrobot/../ecrobot/libecrobot.a(ecrobot_HiTechnic.o)
                              build/UI.o (ecrobot_get_gyro_sensor)
../nxtOSEK/ecrobot/../ecrobot/libecrobot.a(ecrobot_interface.o)
                              build/LightSensor.o (ecrobot_set_light_sensor_active)
../nxtOSEK/ecrobot/../ecrobot/libecrobot.a(colorsensor.o)
                              ../nxtOSEK/ecrobot/../ecrobot/libecrobot.a(ecrobot_interface.o) (colorsensor_init)
../nxtOSEK/ecrobot/../ecrobot/libecrobot.a(osek_hook.o)
                              build/kernel/osctl.o (StartupHook)
../nxtOSEK/ecrobot/../ecrobot/libecrobot.a(uart.oram)
                              build/config/at91sam7s-gnu/irq.oram (uart_isr_C_0)
../nxtOSEK/ecrobot/../ecrobot/libecrobot.a(systick.oram)
                              build/syslib/at91sam7s-gnu/lego_nxt/hw_sys_timer.oram (systick_low_priority_C)
../nxtOSEK/ecrobot/../ecrobot/libecrobot.a(byte_fifo.oram)
                              ../nxtOSEK/ecrobot/../ecrobot/libecrobot.a(uart.oram) (byte_fifo_put)
../nxtOSEK/ecrobot/../ecrobot/libecrobot.a(aic.oram)
                              ../nxtOSEK/ecrobot/../ecrobot/libecrobot.a(uart.oram) (aic_set_vector)
../nxtOSEK/ecrobot/../ecrobot/libecrobot.a(udp.oram)
                              build/config/at91sam7s-gnu/irq.oram (udp_isr_C)
../nxtOSEK/ecrobot/../ecrobot/libecrobot.a(twi.oram)
                              build/config/at91sam7s-gnu/irq.oram (twi_isr_C)
../nxtOSEK/ecrobot/../ecrobot/libecrobot.a(nxt_spi.oram)
                              build/config/at91sam7s-gnu/irq.oram (spi_isr_C)
../nxtOSEK/ecrobot/../ecrobot/libecrobot.a(nxt_motors.oram)
                              build/Motor.o (nxt_motor_get_count)
../nxtOSEK/ecrobot/../ecrobot/libecrobot.a(data_abort.oram)
                              build/ecrobot_init.o (data_abort_C)
../nxtOSEK/ecrobot/../ecrobot/libecrobot.a(display.oram)
                              build/ecrobot_base.o (display_update)
../nxtOSEK/ecrobot/../ecrobot/libecrobot.a(i2c.oram)
                              build/config/at91sam7s-gnu/irq.oram (i2c_timer_isr_C)
../nxtOSEK/ecrobot/../ecrobot/libecrobot.a(sound.oram)
                              ../nxtOSEK/ecrobot/../ecrobot/libecrobot.a(ecrobot_interface.o) (sound_get_time)
../nxtOSEK/ecrobot/../ecrobot/libecrobot.a(bt.oram)
                              build/ecrobot_bluetooth.o (bt_send)
../nxtOSEK/ecrobot/../ecrobot/libecrobot.a(nxt_avr.oram)
                              build/ecrobot_base.o (nxt_avr_power_down)
../nxtOSEK/ecrobot/../ecrobot/libecrobot.a(sensors.oram)
                              ../nxtOSEK/ecrobot/../ecrobot/libecrobot.a(ecrobot_interface.o) (unset_digi0)
../nxtOSEK/ecrobot/../ecrobot/libecrobot.a(sensors1.oram)
                              ../nxtOSEK/ecrobot/../ecrobot/libecrobot.a(colorsensor.o) (sensor_pins)
../nxtOSEK/ecrobot/../ecrobot/libecrobot.a(nxt_lcd.oram)
                              ../nxtOSEK/ecrobot/../ecrobot/libecrobot.a(display.oram) (nxt_lcd_force_update)
../nxtOSEK/ecrobot/../ecrobot/libecrobot.a(flash_loader.oram)
                              build/ecrobot.o (set_flash_request)
../nxtOSEK/ecrobot/../ecrobot/libecrobot.a(interrupts.oram)
                              ../nxtOSEK/ecrobot/../ecrobot/libecrobot.a(uart.oram) (interrupts_get_and_disable)
../nxtOSEK/ecrobot/../ecrobot/libecrobot.a(nxtosek_splash.obmp)
                              build/ecrobot_base.o (nxtosek_splash_bmp_start)
../nxtOSEK/ecrobot/../ecrobot/libecrobot.a(ecrobot_usb.o)
                              ../nxtOSEK/ecrobot/../ecrobot/libecrobot.a(flash_loader.oram) (ecrobot_init_usb)
../nxtOSEK/ecrobot/../ecrobot/libecrobot.a(flashprog.oram)
                              ../nxtOSEK/ecrobot/../ecrobot/libecrobot.a(flash_loader.oram) (flash_write_page)
../nxtOSEK/ecrobot/../ecrobot/libnxtway_gs_balancer.a(balancer.o)
                              build/BalanceRunner.o (balance_control)
/cygdrive/C/cygwin/GNUARM/bin/../lib/gcc/arm-elf/4.0.2/thumb/interwork/libgcc.a(_udivsi3.o)
                              build/ecrobot_base.o (__udivsi3)
/cygdrive/C/cygwin/GNUARM/bin/../lib/gcc/arm-elf/4.0.2/thumb/interwork/libgcc.a(_divsi3.o)
                              build/Basic.o (__divsi3)
/cygdrive/C/cygwin/GNUARM/bin/../lib/gcc/arm-elf/4.0.2/thumb/interwork/libgcc.a(_umodsi3.o)
                              ../nxtOSEK/ecrobot/../ecrobot/libecrobot.a(display.oram) (__umodsi3)
/cygdrive/C/cygwin/GNUARM/bin/../lib/gcc/arm-elf/4.0.2/thumb/interwork/libgcc.a(_modsi3.o)
                              build/LookUpRunner.o (__modsi3)
/cygdrive/C/cygwin/GNUARM/bin/../lib/gcc/arm-elf/4.0.2/thumb/interwork/libgcc.a(_dvmd_tls.o)
                              /cygdrive/C/cygwin/GNUARM/bin/../lib/gcc/arm-elf/4.0.2/thumb/interwork/libgcc.a(_udivsi3.o) (__div0)
/cygdrive/C/cygwin/GNUARM/bin/../lib/gcc/arm-elf/4.0.2/thumb/interwork/libgcc.a(_addsubdf3.o)
                              build/Maimai.o (__subdf3)
[...]
Memory Configuration

Name             Origin             Length             Attributes
rom              0x00108000         0x00038000
vector_ram       0x00200000         0x00000040
ram              0x00200040         0x0000ffc0
*default*        0x00000000         0xffffffff

Linker script and memory map

LOAD build/kernel/alarm.o
LOAD build/kernel/event.o
LOAD build/kernel/interrupt.o
LOAD build/kernel/osctl.o
LOAD build/kernel/resource.o
LOAD build/kernel/task.o
LOAD build/kernel/task_manage.o
LOAD build/config/at91sam7s-gnu/cpu_config.o
LOAD build/config/at91sam7s-gnu/lego_nxt/sys_config.o
LOAD build/./kernel_cfg.o
LOAD build/syscalls.o
LOAD build/ecrobot_bluetooth.o
LOAD build/ecrobot_base.o
LOAD build/ecrobot.o
LOAD build/balancer_param.o
LOAD build/LineTracer.o
LOAD build/UI.o
LOAD build/ColorJudgement.o
LOAD build/BalanceRunner.o
LOAD build/TouchSensor.o
LOAD build/GyroSensor.o
LOAD build/LightSensor.o
LOAD build/Motor.o
LOAD build/model_impl.o
LOAD build/GarageIn.o
LOAD build/Basic.o
LOAD build/SeeSaw.o
LOAD build/LineReturn.o
LOAD build/SonarSensor.o
LOAD build/LookUpGate.o
LOAD build/LookUpRunner.o
LOAD build/Maimai.o
LOAD build/TailRunner.o
LOAD build/syslib/at91sam7s-gnu/lego_nxt/hw_sys_timer.oram
LOAD build/nxtvm/platform/nxt/vectors.o
LOAD build/config/at91sam7s-gnu/debug.o
LOAD build/config/at91sam7s-gnu/lego_nxt/sys_support.o
LOAD build/nxt_binary_header.o
LOAD build/nxt_entry_point.o
LOAD build/ecrobot_init.o
LOAD build/config/at91sam7s-gnu/cpu_support.oram
LOAD build/config/at91sam7s-gnu/irq.oram
LOAD ../nxtOSEK/ecrobot/../c++/liblejososek.a
LOAD ../nxtOSEK/ecrobot/../ecrobot/libecrobot.a
LOAD ../nxtOSEK/ecrobot/../ecrobot/libnxtway_gs_balancer.a
LOAD /cygdrive/C/cygwin/GNUARM/bin/../lib/gcc/arm-elf/4.0.2/../../../../arm-elf/lib/thumb/interwork/libstdc++.a
LOAD /cygdrive/C/cygwin/GNUARM/bin/../lib/gcc/arm-elf/4.0.2/../../../../arm-elf/lib/thumb/interwork/libm.a
LOAD /cygdrive/C/cygwin/GNUARM/bin/../lib/gcc/arm-elf/4.0.2/thumb/interwork/libgcc.a
LOAD /cygdrive/C/cygwin/GNUARM/bin/../lib/gcc/arm-elf/4.0.2/../../../../arm-elf/lib/thumb/interwork/libc.a
LOAD /cygdrive/C/cygwin/GNUARM/bin/../lib/gcc/arm-elf/4.0.2/thumb/interwork/libgcc.a
                0x00108000                ROM_BASE = 0x108000
                0x00038000                ROM_SIZE = 0x38000
                0x00200000                RAM_BASE = 0x200000
                0x00010000                RAM_SIZE = 0x10000

.vectors        0x00200000       0x40 load address 0x00108000
 vectors.o(*.text *.text.*)
 .text          0x00200000       0x38 build/nxtvm/platform/nxt/vectors.o
                0x00200040                . = ALIGN (0x10)
 *fill*         0x00200038        0x8 00
                0x00200000                __vectors_ram_start__ = ADDR (.vectors)
                0x00200040                __vectors_ram_end__ = (ADDR (.vectors) + SIZEOF (.vectors))
                0x00108000                __vectors_load_start__ = LOADADDR (.vectors)
                0x00108040                __vectors_load_end__ = (LOADADDR (.vectors) + SIZEOF (.vectors))

.init           0x00108040      0x280
 *ecrobot_init.o(*.text *.text.*)
 .text          0x00108040      0x280 build/ecrobot_init.o
                0x001081ac                undef_handler
                0x001081b4                prefetch_abort_handler
                0x001081b8                data_abort_handler
                0x001081b0                swi_handler
                0x00108040                start
                0x001081d4                reserved_handler
                0x001082c0                . = ALIGN (0x10)

.ram_text       0x00200040     0x3810 load address 0x001082c0
                0x00200040                . = ALIGN (0x10)
 *.oram(*.text *.text.* *.glue*)
 .text.systick_isr_C1
                0x00200040       0x28 build/syslib/at91sam7s-gnu/lego_nxt/hw_sys_timer.oram
                0x00200040                systick_isr_C1
 *fill*         0x00200068        0x8 00
 .text          0x00200070      0x230 build/config/at91sam7s-gnu/cpu_support.oram
                0x00200250                enable_int
                0x002000f0                start_dispatch
                0x002000b0                activate_r
                0x00200248                disable_int
                0x00200070                dispatch
                0x0020021c                int_return
                0x002001ac                _interrupt
                0x002000e0                exit_and_dispatch
                0x00200258                nop
 .text          0x002002a0      0x2c0 build/config/at91sam7s-gnu/irq.oram
                0x002002a0                default_isr
                0x0020042c                uart_isr_entry_0
                0x002003ac                twi_isr_entry
                0x0020046c                uart_isr_entry_1
                0x0020036c                spi_isr_entry
                0x002002ec                systick_low_priority_entry
                0x002004ac                nxt_motor_isr_entry
                0x002004ec                i2c_timer_isr_entry
                0x002002a0                default_fiq
                0x002002a4                systick_isr_entry
                0x002002a0                spurious_isr
                0x002003ec                sound_isr_entry
                0x0020032c                udp_isr_entry
 .text.uart_process_isr
                0x00200560       0x88 ../nxtOSEK/ecrobot/../ecrobot/libecrobot.a(uart.oram)
 .text.uart_isr_C_0
                0x002005e8        0xc ../nxtOSEK/ecrobot/../ecrobot/libecrobot.a(uart.oram)
                0x002005e8                uart_isr_C_0
 .text.uart_isr_C_1
                0x002005f4        0xc ../nxtOSEK/ecrobot/../ecrobot/libecrobot.a(uart.oram)
                0x002005f4                uart_isr_C_1
 .text.systick_low_priority_C
                0x00200600       0x1c ../nxtOSEK/ecrobot/../ecrobot/libecrobot.a(systick.oram)
                0x00200600                systick_low_priority_C
 .text.systick_isr_C
                0x0020061c       0x24 ../nxtOSEK/ecrobot/../ecrobot/libecrobot.a(systick.oram)
                0x0020061c                systick_isr_C
 .text.systick_get_ms
                0x00200640        0xc ../nxtOSEK/ecrobot/../ecrobot/libecrobot.a(systick.oram)
                0x00200640                systick_get_ms
 .text.systick_wait_ms
                0x0020064c       0x1c ../nxtOSEK/ecrobot/../ecrobot/libecrobot.a(systick.oram)
                0x0020064c                systick_wait_ms
 .text.systick_wait_ns
                0x00200668       0x1c ../nxtOSEK/ecrobot/../ecrobot/libecrobot.a(systick.oram)
                0x00200668                systick_wait_ns
 .text.systick_init
                0x00200684       0x58 ../nxtOSEK/ecrobot/../ecrobot/libecrobot.a(systick.oram)
                0x00200684                systick_init
 .text.systick_suspend
                0x002006dc        0xc ../nxtOSEK/ecrobot/../ecrobot/libecrobot.a(systick.oram)
                0x002006dc                systick_suspend
 .text.systick_resume
                0x002006e8        0xc ../nxtOSEK/ecrobot/../ecrobot/libecrobot.a(systick.oram)
                0x002006e8                systick_resume
 .text.byte_fifo_put
                0x002006f4       0x58 ../nxtOSEK/ecrobot/../ecrobot/libecrobot.a(byte_fifo.oram)
                0x002006f4                byte_fifo_put
 .text.byte_fifo_get
                0x0020074c       0x2c ../nxtOSEK/ecrobot/../ecrobot/libecrobot.a(byte_fifo.oram)
                0x0020074c                byte_fifo_get
 .text.aic_initialise
                0x00200778       0x5c ../nxtOSEK/ecrobot/../ecrobot/libecrobot.a(aic.oram)
                0x00200778                aic_initialise
 .text.aic_set_vector
                0x002007d4       0x30 ../nxtOSEK/ecrobot/../ecrobot/libecrobot.a(aic.oram)
                0x002007d4                aic_set_vector
 .text.aic_mask_on
                0x00200804       0x24 ../nxtOSEK/ecrobot/../ecrobot/libecrobot.a(aic.oram)
                0x00200804                aic_mask_on
 .text.aic_mask_off
                0x00200828       0x24 ../nxtOSEK/ecrobot/../ecrobot/libecrobot.a(aic.oram)
                0x00200828                aic_mask_off
 .text.aic_clear
                0x0020084c       0x24 ../nxtOSEK/ecrobot/../ecrobot/libecrobot.a(aic.oram)
                0x0020084c                aic_clear
 .text.reset    0x00200870       0x4c ../nxtOSEK/ecrobot/../ecrobot/libecrobot.a(udp.oram)
 .text.udp_send_null
                0x002008bc       0x2c ../nxtOSEK/ecrobot/../ecrobot/libecrobot.a(udp.oram)
 .text.udp_send_stall
                0x002008e8       0x2c ../nxtOSEK/ecrobot/../ecrobot/libecrobot.a(udp.oram)
 .text.udp_send_control
                0x00200914       0x60 ../nxtOSEK/ecrobot/../ecrobot/libecrobot.a(udp.oram)
 .text.udp_isr_C
                0x00200974      0x7d0 ../nxtOSEK/ecrobot/../ecrobot/libecrobot.a(udp.oram)
                0x00200974                udp_isr_C
 .text.twi_status
                0x00201144       0x20 ../nxtOSEK/ecrobot/../ecrobot/libecrobot.a(twi.oram)
                0x00201144                twi_status
 .text.twi_isr_C
                0x00201164       0xc4 ../nxtOSEK/ecrobot/../ecrobot/libecrobot.a(twi.oram)
                0x00201164                twi_isr_C
 .text.twi_reset
                0x00201228       0xb4 ../nxtOSEK/ecrobot/../ecrobot/libecrobot.a(twi.oram)
                0x00201228                twi_reset
 .text.twi_init
                0x002012dc       0x4c ../nxtOSEK/ecrobot/../ecrobot/libecrobot.a(twi.oram)
                0x002012dc                twi_init
 .text.twi_start_read
                0x00201328       0x60 ../nxtOSEK/ecrobot/../ecrobot/libecrobot.a(twi.oram)
                0x00201328                twi_start_read
 .text.twi_start_write
                0x00201388       0x64 ../nxtOSEK/ecrobot/../ecrobot/libecrobot.a(twi.oram)
                0x00201388                twi_start_write
 .text.spi_set_mode
                0x002013ec       0x40 ../nxtOSEK/ecrobot/../ecrobot/libecrobot.a(nxt_spi.oram)
 .text.spi_isr_C
                0x0020142c       0x8c ../nxtOSEK/ecrobot/../ecrobot/libecrobot.a(nxt_spi.oram)
                0x0020142c                spi_isr_C
 .text.nxt_spi_init
                0x002014b8      0x12c ../nxtOSEK/ecrobot/../ecrobot/libecrobot.a(nxt_spi.oram)
                0x002014b8                nxt_spi_init
 .text.nxt_spi_write
                0x002015e4       0x44 ../nxtOSEK/ecrobot/../ecrobot/libecrobot.a(nxt_spi.oram)
                0x002015e4                nxt_spi_write
 .text.nxt_spi_set_display
                0x00201628       0x10 ../nxtOSEK/ecrobot/../ecrobot/libecrobot.a(nxt_spi.oram)
                0x00201628                nxt_spi_set_display
 .text.nxt_spi_refresh
                0x00201638       0x24 ../nxtOSEK/ecrobot/../ecrobot/libecrobot.a(nxt_spi.oram)
                0x00201638                nxt_spi_refresh
 .text.nxt_motor_get_count
                0x0020165c       0x14 ../nxtOSEK/ecrobot/../ecrobot/libecrobot.a(nxt_motors.oram)
                0x0020165c                nxt_motor_get_count
 .text.nxt_motor_set_count
                0x00201670       0x10 ../nxtOSEK/ecrobot/../ecrobot/libecrobot.a(nxt_motors.oram)
                0x00201670                nxt_motor_set_count
 .text.nxt_motor_set_speed
                0x00201680       0x34 ../nxtOSEK/ecrobot/../ecrobot/libecrobot.a(nxt_motors.oram)
                0x00201680                nxt_motor_set_speed
 .text.nxt_motor_1kHz_process
                0x002016b4       0x28 ../nxtOSEK/ecrobot/../ecrobot/libecrobot.a(nxt_motors.oram)
                0x002016b4                nxt_motor_1kHz_process
 .text.nxt_motor_quad_decode
                0x002016dc       0x30 ../nxtOSEK/ecrobot/../ecrobot/libecrobot.a(nxt_motors.oram)
                0x002016dc                nxt_motor_quad_decode
 .text.nxt_motor_isr_C
                0x0020170c       0x88 ../nxtOSEK/ecrobot/../ecrobot/libecrobot.a(nxt_motors.oram)
                0x0020170c                nxt_motor_isr_C
 .text.nxt_motor_init
                0x00201794       0x68 ../nxtOSEK/ecrobot/../ecrobot/libecrobot.a(nxt_motors.oram)
                0x00201794                nxt_motor_init
 .text.data_abort_C
                0x002017fc       0x7c ../nxtOSEK/ecrobot/../ecrobot/libecrobot.a(data_abort.oram)
                0x002017fc                data_abort_C
 .text.display_update
                0x00201878       0x14 ../nxtOSEK/ecrobot/../ecrobot/libecrobot.a(display.oram)
                0x00201878                display_update
 .text.display_force_update
                0x0020188c        0xc ../nxtOSEK/ecrobot/../ecrobot/libecrobot.a(display.oram)
                0x0020188c                display_force_update
 .text.display_clear
                0x00201898       0x24 ../nxtOSEK/ecrobot/../ecrobot/libecrobot.a(display.oram)
                0x00201898                display_clear
 .text.display_goto_xy
                0x002018bc       0x14 ../nxtOSEK/ecrobot/../ecrobot/libecrobot.a(display.oram)
                0x002018bc                display_goto_xy
 .text.display_char
                0x002018d0       0x60 ../nxtOSEK/ecrobot/../ecrobot/libecrobot.a(display.oram)
                0x002018d0                display_char
 .text.display_string
                0x00201930       0x3c ../nxtOSEK/ecrobot/../ecrobot/libecrobot.a(display.oram)
                0x00201930                display_string
 .text.display_hex
                0x0020196c       0x50 ../nxtOSEK/ecrobot/../ecrobot/libecrobot.a(display.oram)
                0x0020196c                display_hex
 .text.display_unsigned_worker
                0x002019bc       0x70 ../nxtOSEK/ecrobot/../ecrobot/libecrobot.a(display.oram)
 .text.display_unsigned
                0x00201a2c        0xc ../nxtOSEK/ecrobot/../ecrobot/libecrobot.a(display.oram)
                0x00201a2c                display_unsigned
 .text.display_int
                0x00201a38       0x14 ../nxtOSEK/ecrobot/../ecrobot/libecrobot.a(display.oram)
                0x00201a38                display_int
 .text.display_bitmap_copy
                0x00201a4c       0x5c ../nxtOSEK/ecrobot/../ecrobot/libecrobot.a(display.oram)
                0x00201a4c                display_bitmap_copy
 .text.display_init
                0x00201aa8       0x50 ../nxtOSEK/ecrobot/../ecrobot/libecrobot.a(display.oram)
                0x00201aa8                display_init
 .text.i2c_timer_isr_C
                0x00201af8      0x314 ../nxtOSEK/ecrobot/../ecrobot/libecrobot.a(i2c.oram)
                0x00201af8                i2c_timer_isr_C
 .text.i2c_disable
                0x00201e0c       0x20 ../nxtOSEK/ecrobot/../ecrobot/libecrobot.a(i2c.oram)
                0x00201e0c                i2c_disable
 .text.i2c_init
                0x00201e2c       0xa4 ../nxtOSEK/ecrobot/../ecrobot/libecrobot.a(i2c.oram)
                0x00201e2c                i2c_init
 .text.i2c_busy
                0x00201ed0       0x24 ../nxtOSEK/ecrobot/../ecrobot/libecrobot.a(i2c.oram)
                0x00201ed0                i2c_busy
 .text.i2c_start_transaction
                0x00201ef4      0x108 ../nxtOSEK/ecrobot/../ecrobot/libecrobot.a(i2c.oram)
                0x00201ef4                i2c_start_transaction
 .text.set_vol  0x00201ffc       0xa4 ../nxtOSEK/ecrobot/../ecrobot/libecrobot.a(sound.oram)
 .text.sound_fill_sample_buffer
                0x002020a0       0xe4 ../nxtOSEK/ecrobot/../ecrobot/libecrobot.a(sound.oram)
                0x002020a0                sound_fill_sample_buffer
 .text.sound_freq_vol
                0x00202184      0x1e4 ../nxtOSEK/ecrobot/../ecrobot/libecrobot.a(sound.oram)
                0x00202184                sound_freq_vol
 .text.sound_init
                0x00202368       0xa0 ../nxtOSEK/ecrobot/../ecrobot/libecrobot.a(sound.oram)
                0x00202368                sound_init
 .text.sound_isr_C
                0x00202408      0x144 ../nxtOSEK/ecrobot/../ecrobot/libecrobot.a(sound.oram)
                0x00202408                sound_isr_C
 .text.bt_init  0x0020254c      0x1c0 ../nxtOSEK/ecrobot/../ecrobot/libecrobot.a(bt.oram)
                0x0020254c                bt_init
 .text.bt_send  0x0020270c       0x5c ../nxtOSEK/ecrobot/../ecrobot/libecrobot.a(bt.oram)
                0x0020270c                bt_send
 .text.bt_write
                0x00202768       0x70 ../nxtOSEK/ecrobot/../ecrobot/libecrobot.a(bt.oram)
                0x00202768                bt_write
 .text.bt_pending
                0x002027d8       0x50 ../nxtOSEK/ecrobot/../ecrobot/libecrobot.a(bt.oram)
                0x002027d8                bt_pending
 .text.bt_clear_arm7_cmd
                0x00202828       0x10 ../nxtOSEK/ecrobot/../ecrobot/libecrobot.a(bt.oram)
                0x00202828                bt_clear_arm7_cmd
 .text.bt_set_arm7_cmd
                0x00202838       0x10 ../nxtOSEK/ecrobot/../ecrobot/libecrobot.a(bt.oram)
                0x00202838                bt_set_arm7_cmd
 .text.bt_receive
                0x00202848      0x160 ../nxtOSEK/ecrobot/../ecrobot/libecrobot.a(bt.oram)
                0x00202848                bt_receive
 .text.bt_read  0x002029a8      0x140 ../nxtOSEK/ecrobot/../ecrobot/libecrobot.a(bt.oram)
                0x002029a8                bt_read
 .text.bt_reset
                0x00202ae8       0x84 ../nxtOSEK/ecrobot/../ecrobot/libecrobot.a(bt.oram)
                0x00202ae8                bt_reset
 .text.nxt_avr_power_down
                0x00202b6c       0x10 ../nxtOSEK/ecrobot/../ecrobot/libecrobot.a(nxt_avr.oram)
                0x00202b6c                nxt_avr_power_down
 .text.nxt_avr_link_init
                0x00202b7c       0x20 ../nxtOSEK/ecrobot/../ecrobot/libecrobot.a(nxt_avr.oram)
                0x00202b7c                nxt_avr_link_init
 .text.nxt_avr_init
                0x00202b9c       0x6c ../nxtOSEK/ecrobot/../ecrobot/libecrobot.a(nxt_avr.oram)
                0x00202b9c                nxt_avr_init
 .text.nxt_avr_1kHz_update
                0x00202c08      0x1cc ../nxtOSEK/ecrobot/../ecrobot/libecrobot.a(nxt_avr.oram)
                0x00202c08                nxt_avr_1kHz_update
 .text.buttons_get
                0x00202dd4        0xc ../nxtOSEK/ecrobot/../ecrobot/libecrobot.a(nxt_avr.oram)
                0x00202dd4                buttons_get
 .text.battery_voltage
                0x00202de0       0x28 ../nxtOSEK/ecrobot/../ecrobot/libecrobot.a(nxt_avr.oram)
                0x00202de0                battery_voltage
 .text.sensor_adc
                0x00202e08       0x20 ../nxtOSEK/ecrobot/../ecrobot/libecrobot.a(nxt_avr.oram)
                0x00202e08                sensor_adc
 .text.nxt_avr_set_motor
                0x00202e28       0x34 ../nxtOSEK/ecrobot/../ecrobot/libecrobot.a(nxt_avr.oram)
                0x00202e28                nxt_avr_set_motor
 .text.nxt_avr_set_input_power
                0x00202e5c       0x3c ../nxtOSEK/ecrobot/../ecrobot/libecrobot.a(nxt_avr.oram)
                0x00202e5c                nxt_avr_set_input_power
 .text.unset_digi0
                0x00202e98       0x44 ../nxtOSEK/ecrobot/../ecrobot/libecrobot.a(sensors.oram)
                0x00202e98                unset_digi0
 .text.unset_digi1
                0x00202edc       0x44 ../nxtOSEK/ecrobot/../ecrobot/libecrobot.a(sensors.oram)
                0x00202edc                unset_digi1
 .text.init_sensors
                0x00202f20       0x4c ../nxtOSEK/ecrobot/../ecrobot/libecrobot.a(sensors.oram)
                0x00202f20                init_sensors
 .text.set_digi0
                0x00202f6c       0x44 ../nxtOSEK/ecrobot/../ecrobot/libecrobot.a(sensors.oram)
                0x00202f6c                set_digi0
 .text.nxt_lcd_command
                0x00202fb0       0x18 ../nxtOSEK/ecrobot/../ecrobot/libecrobot.a(nxt_lcd.oram)
                0x00202fb0                nxt_lcd_command
 .text.nxt_lcd_set_col
                0x00202fc8       0x24 ../nxtOSEK/ecrobot/../ecrobot/libecrobot.a(nxt_lcd.oram)
                0x00202fc8                nxt_lcd_set_col
 .text.nxt_lcd_set_multiplex_rate
                0x00202fec       0x18 ../nxtOSEK/ecrobot/../ecrobot/libecrobot.a(nxt_lcd.oram)
                0x00202fec                nxt_lcd_set_multiplex_rate
 .text.nxt_lcd_set_page_address
                0x00203004       0x18 ../nxtOSEK/ecrobot/../ecrobot/libecrobot.a(nxt_lcd.oram)
                0x00203004                nxt_lcd_set_page_address
 .text.nxt_lcd_set_pot
                0x0020301c       0x1c ../nxtOSEK/ecrobot/../ecrobot/libecrobot.a(nxt_lcd.oram)
                0x0020301c                nxt_lcd_set_pot
 .text.nxt_lcd_set_ram_address_control
                0x00203038       0x18 ../nxtOSEK/ecrobot/../ecrobot/libecrobot.a(nxt_lcd.oram)
                0x00203038                nxt_lcd_set_ram_address_control
 .text.nxt_lcd_enable
                0x00203050       0x14 ../nxtOSEK/ecrobot/../ecrobot/libecrobot.a(nxt_lcd.oram)
                0x00203050                nxt_lcd_enable
 .text.nxt_lcd_set_map_control
                0x00203064       0x18 ../nxtOSEK/ecrobot/../ecrobot/libecrobot.a(nxt_lcd.oram)
                0x00203064                nxt_lcd_set_map_control
 .text.nxt_lcd_reset
                0x0020307c        0xc ../nxtOSEK/ecrobot/../ecrobot/libecrobot.a(nxt_lcd.oram)
                0x0020307c                nxt_lcd_reset
 .text.nxt_lcd_set_bias_ratio
                0x00203088       0x18 ../nxtOSEK/ecrobot/../ecrobot/libecrobot.a(nxt_lcd.oram)
                0x00203088                nxt_lcd_set_bias_ratio
 .text.nxt_lcd_force_update
                0x002030a0       0x30 ../nxtOSEK/ecrobot/../ecrobot/libecrobot.a(nxt_lcd.oram)
                0x002030a0                nxt_lcd_force_update
 .text.nxt_lcd_update
                0x002030d0        0xc ../nxtOSEK/ecrobot/../ecrobot/libecrobot.a(nxt_lcd.oram)
                0x002030d0                nxt_lcd_update
 .text.nxt_lcd_power_up
                0x002030dc       0x48 ../nxtOSEK/ecrobot/../ecrobot/libecrobot.a(nxt_lcd.oram)
                0x002030dc                nxt_lcd_power_up
 .text.nxt_lcd_power_down
                0x00203124        0xc ../nxtOSEK/ecrobot/../ecrobot/libecrobot.a(nxt_lcd.oram)
                0x00203124                nxt_lcd_power_down
 .text.nxt_lcd_init
                0x00203130       0x18 ../nxtOSEK/ecrobot/../ecrobot/libecrobot.a(nxt_lcd.oram)
                0x00203130                nxt_lcd_init
 .text.verify_flash_page
                0x00203148       0x34 ../nxtOSEK/ecrobot/../ecrobot/libecrobot.a(flash_loader.oram)
 .text.set_flash_request
                0x0020317c       0x38 ../nxtOSEK/ecrobot/../ecrobot/libecrobot.a(flash_loader.oram)
                0x0020317c                set_flash_request
 .text.nxt_device_init
                0x002031b4       0x38 ../nxtOSEK/ecrobot/../ecrobot/libecrobot.a(flash_loader.oram)
                0x002031b4                nxt_device_init
 .text          0x002031ec       0x68 ../nxtOSEK/ecrobot/../ecrobot/libecrobot.a(interrupts.oram)
                0x00203244                fiq_enable
                0x002031ec                interrupts_get_and_disable
                0x00203220                fiq_get_and_disable
                0x00203210                interrupts_enable
 .text.flash_write_page
                0x00203254       0xc0 ../nxtOSEK/ecrobot/../ecrobot/libecrobot.a(flashprog.oram)
                0x00203254                flash_write_page
                0x00203320                . = ALIGN (0x10)
 *fill*         0x00203314        0xc 00
 *.oram(*.rodata *.rodata.*)
 .rodata.ld     0x00203320        0x4 ../nxtOSEK/ecrobot/../ecrobot/libecrobot.a(udp.oram)
 .rodata.cfd    0x00203324       0x20 ../nxtOSEK/ecrobot/../ecrobot/libecrobot.a(udp.oram)
 .rodata.dd     0x00203344       0x12 ../nxtOSEK/ecrobot/../ecrobot/libecrobot.a(udp.oram)
 *fill*         0x00203356        0x2 00
 .rodata.str1.4
                0x00203358       0x22 ../nxtOSEK/ecrobot/../ecrobot/libecrobot.a(data_abort.oram)
                                 0x24 (size before relaxing)
 .rodata.font   0x0020337a      0x280 ../nxtOSEK/ecrobot/../ecrobot/libecrobot.a(display.oram)
 *fill*         0x002035fa        0x2 00
 .rodata.str1.4
                0x002035fc       0x76 ../nxtOSEK/ecrobot/../ecrobot/libecrobot.a(display.oram)
                                 0x78 (size before relaxing)
 *fill*         0x00203672        0x2 00
 .rodata.i2c_pin
                0x00203674       0x20 ../nxtOSEK/ecrobot/../ecrobot/libecrobot.a(i2c.oram)
 .rodata.i2c_timer_isr_C
                0x00203694       0x38 ../nxtOSEK/ecrobot/../ecrobot/libecrobot.a(i2c.oram)
 .rodata.logvol
                0x002036cc        0xc ../nxtOSEK/ecrobot/../ecrobot/libecrobot.a(sound.oram)
                0x002036cc                logvol
 .rodata.silence
                0x002036d8       0x40 ../nxtOSEK/ecrobot/../ecrobot/libecrobot.a(sound.oram)
                0x002036d8                silence
 .rodata.sine   0x00203718       0x10 ../nxtOSEK/ecrobot/../ecrobot/libecrobot.a(sound.oram)
                0x00203718                sine
 .rodata.sample_pattern
                0x00203728       0x84 ../nxtOSEK/ecrobot/../ecrobot/libecrobot.a(sound.oram)
                0x00203728                sample_pattern
 .rodata        0x002037ac        0xc ../nxtOSEK/ecrobot/../ecrobot/libecrobot.a(sound.oram)
 .rodata.avr_brainwash_string
                0x002037b8       0x30 ../nxtOSEK/ecrobot/../ecrobot/libecrobot.a(nxt_avr.oram)
                0x002037b8                avr_brainwash_string
 .rodata.nxt_avr_1kHz_update
                0x002037e8       0x14 ../nxtOSEK/ecrobot/../ecrobot/libecrobot.a(nxt_avr.oram)
 .rodata.C.33.1823
                0x002037fc       0x10 ../nxtOSEK/ecrobot/../ecrobot/libecrobot.a(sensors.oram)
 .rodata.C.37.1857
                0x0020380c       0x10 ../nxtOSEK/ecrobot/../ecrobot/libecrobot.a(sensors.oram)
 .rodata.C.31.1806
                0x0020381c       0x10 ../nxtOSEK/ecrobot/../ecrobot/libecrobot.a(sensors.oram)
 .rodata.str1.4
                0x0020382c       0x23 ../nxtOSEK/ecrobot/../ecrobot/libecrobot.a(flash_loader.oram)
                                 0x24 (size before relaxing)
                0x00203850                . = ALIGN (0x10)
 *fill*         0x0020384f        0x1 00
                0x00200040                __ramtext_ram_start__ = ADDR (.ram_text)
                0x00203850                __ramtext_ram_end__ = (ADDR (.ram_text) + SIZEOF (.ram_text))
                0x001082c0                __ramtext_load_start__ = LOADADDR (.ram_text)
                0x0010bad0                __ramtext_load_end__ = (__ramtext_load_start__ + SIZEOF (.ram_text))

.wav_data       0x0010bad0        0x0
 *.owav(*.data *.data.*)
                0x0010bad0                . = ALIGN (0x10)

.bmp_data       0x0010bad0      0x440
 *.obmp(*.data *.data.*)
 .data          0x0010bad0      0x43e ../nxtOSEK/ecrobot/../ecrobot/libecrobot.a(nxtosek_splash.obmp)
                0x0010bad0                nxtosek_splash_bmp_start
                0x0010bf0e                nxtosek_splash_bmp_end
                0x0010bf10                . = ALIGN (0x10)
 *fill*         0x0010bf0e        0x2 00

.spr_data       0x0010bf10        0x0
 *.ospr(*.data *.data.*)
                0x0010bf10                . = ALIGN (0x10)

.data           0x00203850       0x90 load address 0x0010bf10
 *(*.data *.data.*)
 .data.bt_status
                0x00203850        0x1 build/ecrobot_bluetooth.o
 *fill*         0x00203851        0x3 00
 .data.K_THETADOT
                0x00203854        0x4 build/balancer_param.o
                0x00203854                K_THETADOT
 .data.K_PHIDOT
                0x00203858        0x4 build/balancer_param.o
                0x00203858                K_PHIDOT
 .data.K_I      0x0020385c        0x4 build/balancer_param.o
                0x0020385c                K_I
 .data.K_F      0x00203860       0x10 build/balancer_param.o
                0x00203860                K_F
 .data.A_R      0x00203870        0x4 build/balancer_param.o
                0x00203870                A_R
 .data.A_D      0x00203874        0x4 build/balancer_param.o
                0x00203874                A_D
 .data.distance_state
                0x00203878       0x10 ../nxtOSEK/ecrobot/../ecrobot/libecrobot.a(ecrobot_interface.o)
 .data.deviceStatus
                0x00203888        0x1 ../nxtOSEK/ecrobot/../ecrobot/libecrobot.a(ecrobot_interface.o)
 .bss.data.2701
                0x00203889        0x4 ../nxtOSEK/ecrobot/../ecrobot/libecrobot.a(ecrobot_interface.o)
 .data.named    0x0020388d       0x22 ../nxtOSEK/ecrobot/../ecrobot/libecrobot.a(udp.oram)
 .data.snd      0x002038af       0x1a ../nxtOSEK/ecrobot/../ecrobot/libecrobot.a(udp.oram)
 *fill*         0x002038c9        0x3 00
 .data.configured
                0x002038cc        0x4 ../nxtOSEK/ecrobot/../ecrobot/libecrobot.a(udp.oram)
 .data.mode     0x002038d0        0x1 ../nxtOSEK/ecrobot/../ecrobot/libecrobot.a(nxt_spi.oram)
                0x002038d0                mode
 *fill*         0x002038d1        0x3 00
 .bss.data      0x002038d4        0x4 ../nxtOSEK/ecrobot/../ecrobot/libecrobot.a(nxt_spi.oram)
                0x002038d4                data
 .data.display_auto_update
                0x002038d8        0x4 ../nxtOSEK/ecrobot/../ecrobot/libecrobot.a(display.oram)
                0x002038d8                display_auto_update
 .data.display_buffer
                0x002038dc        0x4 ../nxtOSEK/ecrobot/../ecrobot/libecrobot.a(display.oram)
                0x002038e0                . = ALIGN (0x10)
                0x00203850                __data_ram_start__ = ADDR (.data)
                0x002038e0                __data_ram_end__ = (ADDR (.data) + SIZEOF (.data))
                0x0010bf10                __data_load_start__ = LOADADDR (.data)
                0x0010bfa0                __data_load_end__ = (__data_load_start__ + SIZEOF (.data))

.text           0x0010bfa0     0x3450
                0x0010bfa0                . = ALIGN (0x10)
 *(*.text *.text.* *.glue*)
 .text.StartOS  0x0010bfa0       0x58 build/kernel/osctl.o
                0x0010bfa0                StartOS
 .text.call_pretaskhook
                0x0010bff8       0x24 build/kernel/osctl.o
                0x0010bff8                call_pretaskhook
 .text.call_posttaskhook
                0x0010c01c       0x24 build/kernel/osctl.o
                0x0010c01c                call_posttaskhook
 .text.make_runnable
                0x0010c040       0xac build/kernel/task.o
                0x0010c040                make_runnable
 .text.make_active
                0x0010c0ec       0x78 build/kernel/task.o
                0x0010c0ec                make_active
 .text.task_initialize
                0x0010c164       0x90 build/kernel/task.o
                0x0010c164                task_initialize
 .text.cpu_initialize
                0x0010c1f4        0x4 build/config/at91sam7s-gnu/cpu_config.o
                0x0010c1f4                cpu_initialize
 .text.sys_initialize
                0x0010c1f8        0x4 build/config/at91sam7s-gnu/lego_nxt/sys_config.o
                0x0010c1f8                sys_initialize
 .text.object_initialize
                0x0010c1fc        0xc build/./kernel_cfg.o
                0x0010c1fc                object_initialize
 .text.ecrobot_get_bt_status
                0x0010c208       0x10 build/ecrobot_bluetooth.o
                0x0010c208                ecrobot_get_bt_status
 .text.close_bt_stream
                0x0010c218       0x2c build/ecrobot_bluetooth.o
 .text.ecrobot_send_bt_packet
                0x0010c244       0x54 build/ecrobot_bluetooth.o
                0x0010c244                ecrobot_send_bt_packet
 .text.ecrobot_send_bt
                0x0010c298       0x40 build/ecrobot_bluetooth.o
                0x0010c298                ecrobot_send_bt
 .text.ecrobot_read_bt
                0x0010c2d8       0x24 build/ecrobot_bluetooth.o
                0x0010c2d8                ecrobot_read_bt
 .text.send_bt_command
                0x0010c2fc       0x40 build/ecrobot_bluetooth.o
 .text.ecrobot_term_bt_connection
                0x0010c33c       0x48 build/ecrobot_bluetooth.o
                0x0010c33c                ecrobot_term_bt_connection
 .text.ecrobot_set_bt_device_name
                0x0010c384       0x4c build/ecrobot_bluetooth.o
                0x0010c384                ecrobot_set_bt_device_name
 .text.read_bt_command
                0x0010c3d0       0x5c build/ecrobot_bluetooth.o
 .text.open_bt_stream
                0x0010c42c       0x50 build/ecrobot_bluetooth.o
 .text.ecrobot_get_bt_device_address
                0x0010c47c       0x6c build/ecrobot_bluetooth.o
                0x0010c47c                ecrobot_get_bt_device_address
 .text.ecrobot_init_bt_slave
                0x0010c4e8      0x12c build/ecrobot_bluetooth.o
                0x0010c4e8                ecrobot_init_bt_slave
 .text.init_OS_flag
                0x0010c614        0xc build/ecrobot_base.o
                0x0010c614                init_OS_flag
 .text.set_OS_flag
                0x0010c620        0xc build/ecrobot_base.o
                0x0010c620                set_OS_flag
 .text.get_OS_flag
                0x0010c62c        0xc build/ecrobot_base.o
                0x0010c62c                get_OS_flag
 .text.cpp_constructor
                0x0010c638       0x28 build/ecrobot_base.o
                0x0010c638                cpp_constructor
 .text.cpp_destructor
                0x0010c660       0x28 build/ecrobot_base.o
                0x0010c660                cpp_destructor
 .text.execution_mode
                0x0010c688       0x24 build/ecrobot_base.o
                0x0010c688                execution_mode
 .text.show_main_screen
                0x0010c6ac       0x48 build/ecrobot_base.o
                0x0010c6ac                show_main_screen
 .text.display_status_bar
                0x0010c6f4       0x5c build/ecrobot_base.o
                0x0010c6f4                display_status_bar
 .text.check_NXT_buttons
                0x0010c750       0x7c build/ecrobot_base.o
                0x0010c750                check_NXT_buttons
 .text.show_bd_addr
                0x0010c7cc       0x44 build/ecrobot_base.o
                0x0010c7cc                show_bd_addr
 .text.show_bd_addr_err
                0x0010c810       0x3c build/ecrobot_base.o
                0x0010c810                show_bd_addr_err
 .text.add_status_info
                0x0010c84c       0x68 build/ecrobot_base.o
                0x0010c84c                add_status_info
 .text.show_splash_screen
                0x0010c8b4       0x90 build/ecrobot_base.o
                0x0010c8b4                show_splash_screen
 .text.main     0x0010c944      0x10c build/ecrobot.o
                0x0010c944                main
 .text.LineTracer_init
                0x0010ca50       0x34 build/LineTracer.o
                0x0010ca50                LineTracer_init
 .text.pid      0x0010ca84       0xdc build/LineTracer.o
 .text.LineTracer_trace
                0x0010cb60       0x3c build/LineTracer.o
                0x0010cb60                LineTracer_trace
 .text.LineTracer_trace_nonbalance
                0x0010cb9c       0x3c build/LineTracer.o
                0x0010cb9c                LineTracer_trace_nonbalance
 .text.LineTracer_changePID
                0x0010cbd8       0x14 build/LineTracer.o
                0x0010cbd8                LineTracer_changePID
 .text.get_TARGET_tail
                0x0010cbec        0x4 build/LineTracer.o
                0x0010cbec                get_TARGET_tail
 .text.UI_init  0x0010cbf0        0x4 build/UI.o
                0x0010cbf0                UI_init
 .text.UI_waitStart
                0x0010cbf4      0x194 build/UI.o
                0x0010cbf4                UI_waitStart
 .text.UI_isEmergency
                0x0010cd88       0x1c build/UI.o
                0x0010cd88                UI_isEmergency
 .text.ColorJudgement_init
                0x0010cda4        0x8 build/ColorJudgement.o
                0x0010cda4                ColorJudgement_init
 .text.BalanceRunner_init
                0x0010cdac       0x10 build/BalanceRunner.o
                0x0010cdac                BalanceRunner_init
 .text.BalanceRunner_run
                0x0010cdbc       0xf0 build/BalanceRunner.o
                0x0010cdbc                BalanceRunner_run
 .text.NonBalanceRunner_run
                0x0010ceac       0x48 build/BalanceRunner.o
                0x0010ceac                NonBalanceRunner_run
 .text.TouchSensor_init
                0x0010cef4        0x4 build/TouchSensor.o
                0x0010cef4                TouchSensor_init
 .text.TouchSensor_isPressed
                0x0010cef8        0xc build/TouchSensor.o
                0x0010cef8                TouchSensor_isPressed
 .text.GyroSensor_init
                0x0010cf04        0xc build/GyroSensor.o
                0x0010cf04                GyroSensor_init
 .text.GyroSensor_getAngularVelocity
                0x0010cf10        0xc build/GyroSensor.o
                0x0010cf10                GyroSensor_getAngularVelocity
 .text.GyroSensor_getOffset
                0x0010cf1c        0x4 build/GyroSensor.o
                0x0010cf1c                GyroSensor_getOffset
 .text.LightSensor_init
                0x0010cf20        0x8 build/LightSensor.o
                0x0010cf20                LightSensor_init
 .text.LightSensor_getBrightness
                0x0010cf28        0xc build/LightSensor.o
                0x0010cf28                LightSensor_getBrightness
 .text.LightSensor_switch
                0x0010cf34       0x2c build/LightSensor.o
                0x0010cf34                LightSensor_switch
 .text.Motor_init
                0x0010cf60        0x4 build/Motor.o
                0x0010cf60                Motor_init
 .text.Motor_resetAngle
                0x0010cf64       0x10 build/Motor.o
                0x0010cf64                Motor_resetAngle
 .text.Motor_getAngle
                0x0010cf74        0xc build/Motor.o
                0x0010cf74                Motor_getAngle
 .text.Motor_rotate
                0x0010cf80       0x10 build/Motor.o
                0x0010cf80                Motor_rotate
 .text.Motor_tailControl
                0x0010cf90       0x60 build/Motor.o
                0x0010cf90                Motor_tailControl
 .text.ecrobot_link
                0x0010cff0       0xe4 build/model_impl.o
                0x0010cff0                ecrobot_link
 .text.ecrobot_device_initialize
                0x0010d0d4       0x28 build/model_impl.o
                0x0010d0d4                ecrobot_device_initialize
 .text.ecrobot_device_terminate
                0x0010d0fc       0x18 build/model_impl.o
                0x0010d0fc                ecrobot_device_terminate
 .text.user_1ms_isr_type2
                0x0010d114        0x4 build/model_impl.o
                0x0010d114                user_1ms_isr_type2
 .text.ecrobot_init
                0x0010d118       0xc0 build/model_impl.o
                0x0010d118                ecrobot_init
 .text.TaskMainTaskMain
                0x0010d1d8       0x98 build/model_impl.o
                0x0010d1d8                TaskMainTaskMain
 .text.Basic_init
                0x0010d270       0x40 build/Basic.o
                0x0010d270                Basic_init
 .text.LineReturn_init
                0x0010d2b0        0x8 build/LineReturn.o
                0x0010d2b0                LineReturn_init
 .text.SonarSensor_init
                0x0010d2b8        0x4 build/SonarSensor.o
                0x0010d2b8                SonarSensor_init
 .text.SonarSensor_sonarAlert
                0x0010d2bc       0x44 build/SonarSensor.o
                0x0010d2bc                SonarSensor_sonarAlert
 .text.LookUpGate_init
                0x0010d300        0x8 build/LookUpGate.o
                0x0010d300                LookUpGate_init
 .text.LookUpRunner_init
                0x0010d308       0x14 build/LookUpRunner.o
                0x0010d308                LookUpRunner_init
 .text.Maimai_init
                0x0010d31c       0x18 build/Maimai.o
                0x0010d31c                Maimai_init
 .text.Maimai_store
                0x0010d334       0x34 build/Maimai.o
                0x0010d334                Maimai_store
 .text.Maimai_calc
                0x0010d368      0x108 build/Maimai.o
                0x0010d368                Maimai_calc
 .text.TailRunner_init
                0x0010d470        0xc build/TailRunner.o
                0x0010d470                TailRunner_init
 .text.TailRunner_set_tailMotor
                0x0010d47c      0x124 build/TailRunner.o
                0x0010d47c                TailRunner_set_tailMotor
 .text.TailRunner_run
                0x0010d5a0       0x20 build/TailRunner.o
                0x0010d5a0                TailRunner_run
 .text.ecrobot_get_gyro_sensor
                0x0010d5c0       0x14 ../nxtOSEK/ecrobot/../ecrobot/libecrobot.a(ecrobot_HiTechnic.o)
                0x0010d5c0                ecrobot_get_gyro_sensor
 .text.ecrobot_set_light_sensor_active
                0x0010d5d4       0x10 ../nxtOSEK/ecrobot/../ecrobot/libecrobot.a(ecrobot_interface.o)
                0x0010d5d4                ecrobot_set_light_sensor_active
 .text.ecrobot_set_light_sensor_inactive
                0x0010d5e4       0x10 ../nxtOSEK/ecrobot/../ecrobot/libecrobot.a(ecrobot_interface.o)
                0x0010d5e4                ecrobot_set_light_sensor_inactive
 .text.ecrobot_get_light_sensor
                0x0010d5f4       0x14 ../nxtOSEK/ecrobot/../ecrobot/libecrobot.a(ecrobot_interface.o)
                0x0010d5f4                ecrobot_get_light_sensor
 .text.ecrobot_get_touch_sensor
                0x0010d608       0x20 ../nxtOSEK/ecrobot/../ecrobot/libecrobot.a(ecrobot_interface.o)
                0x0010d608                ecrobot_get_touch_sensor
 .text.getDistance
                0x0010d628       0x20 ../nxtOSEK/ecrobot/../ecrobot/libecrobot.a(ecrobot_interface.o)
 .text.ecrobot_get_sonar_sensor
                0x0010d648       0x48 ../nxtOSEK/ecrobot/../ecrobot/libecrobot.a(ecrobot_interface.o)
                0x0010d648                ecrobot_get_sonar_sensor
 .text.ecrobot_term_sonar_sensor
                0x0010d690       0x20 ../nxtOSEK/ecrobot/../ecrobot/libecrobot.a(ecrobot_interface.o)
                0x0010d690                ecrobot_term_sonar_sensor
 .text.ecrobot_get_battery_voltage
                0x0010d6b0        0xc ../nxtOSEK/ecrobot/../ecrobot/libecrobot.a(ecrobot_interface.o)
                0x0010d6b0                ecrobot_get_battery_voltage
 .text.ecrobot_get_button_state
                0x0010d6bc        0xc ../nxtOSEK/ecrobot/../ecrobot/libecrobot.a(ecrobot_interface.o)
                0x0010d6bc                ecrobot_get_button_state
 .text.ecrobot_init_nxtstate
                0x0010d6c8       0x28 ../nxtOSEK/ecrobot/../ecrobot/libecrobot.a(ecrobot_interface.o)
                0x0010d6c8                ecrobot_init_nxtstate
 .text.ecrobot_poll_nxtstate
                0x0010d6f0       0x64 ../nxtOSEK/ecrobot/../ecrobot/libecrobot.a(ecrobot_interface.o)
                0x0010d6f0                ecrobot_poll_nxtstate
 .text.ecrobot_setDeviceInitialized
                0x0010d754       0x18 ../nxtOSEK/ecrobot/../ecrobot/libecrobot.a(ecrobot_interface.o)
                0x0010d754                ecrobot_setDeviceInitialized
 .text.ecrobot_initDeviceStatus
                0x0010d76c        0xc ../nxtOSEK/ecrobot/../ecrobot/libecrobot.a(ecrobot_interface.o)
                0x0010d76c                ecrobot_initDeviceStatus
 .text.ecrobot_bt_data_logger
                0x0010d778       0x84 ../nxtOSEK/ecrobot/../ecrobot/libecrobot.a(ecrobot_interface.o)
                0x0010d778                ecrobot_bt_data_logger
 .text.ecrobot_bmp2lcd
                0x0010d7fc      0x1c8 ../nxtOSEK/ecrobot/../ecrobot/libecrobot.a(ecrobot_interface.o)
                0x0010d7fc                ecrobot_bmp2lcd
 .text.ecrobot_sound_tone
                0x0010d9c4        0xc ../nxtOSEK/ecrobot/../ecrobot/libecrobot.a(ecrobot_interface.o)
                0x0010d9c4                ecrobot_sound_tone
 .text.StartupHook
                0x0010d9d0        0x4 ../nxtOSEK/ecrobot/../ecrobot/libecrobot.a(osek_hook.o)
                0x0010d9d0                StartupHook
 .text.PreTaskHook
                0x0010d9d4        0x4 ../nxtOSEK/ecrobot/../ecrobot/libecrobot.a(osek_hook.o)
                0x0010d9d4                PreTaskHook
 .text.PostTaskHook
                0x0010d9d8        0x4 ../nxtOSEK/ecrobot/../ecrobot/libecrobot.a(osek_hook.o)
                0x0010d9d8                PostTaskHook
 .text.balance_control
                0x0010d9dc      0x254 ../nxtOSEK/ecrobot/../ecrobot/libnxtway_gs_balancer.a(balancer.o)
                0x0010d9dc                balance_control
 .text.balance_init
                0x0010dc30       0x30 ../nxtOSEK/ecrobot/../ecrobot/libnxtway_gs_balancer.a(balancer.o)
                0x0010dc30                balance_init
 .text          0x0010dc60       0x8c /cygdrive/C/cygwin/GNUARM/bin/../lib/gcc/arm-elf/4.0.2/thumb/interwork/libgcc.a(_udivsi3.o)
                0x0010dc60                __udivsi3
                0x0010dcdc                __aeabi_uidivmod
 .text          0x0010dcec       0xa4 /cygdrive/C/cygwin/GNUARM/bin/../lib/gcc/arm-elf/4.0.2/thumb/interwork/libgcc.a(_divsi3.o)
                0x0010dcec                __divsi3
                0x0010dd80                __aeabi_idivmod
 .text          0x0010dd90       0xc8 /cygdrive/C/cygwin/GNUARM/bin/../lib/gcc/arm-elf/4.0.2/thumb/interwork/libgcc.a(_umodsi3.o)
                0x0010dd90                __umodsi3
 .text          0x0010de58       0xd8 /cygdrive/C/cygwin/GNUARM/bin/../lib/gcc/arm-elf/4.0.2/thumb/interwork/libgcc.a(_modsi3.o)
                0x0010de58                __modsi3
 .text          0x0010df30        0x4 /cygdrive/C/cygwin/GNUARM/bin/../lib/gcc/arm-elf/4.0.2/thumb/interwork/libgcc.a(_dvmd_tls.o)
                0x0010df30                __aeabi_ldiv0
                0x0010df30                __div0
                0x0010df30                __aeabi_idiv0
 .text          0x0010df34      0x430 /cygdrive/C/cygwin/GNUARM/bin/../lib/gcc/arm-elf/4.0.2/thumb/interwork/libgcc.a(_addsubdf3.o)
                0x0010e2f8                __floatdidf
                0x0010e278                __floatsidf
                0x0010e250                __aeabi_ui2d
                0x0010df34                __aeabi_drsub
                0x0010e2a4                __extendsfdf2
                0x0010df40                __adddf3
                0x0010e250                __floatunsidf
                0x0010df40                __aeabi_dadd
                0x0010e2e4                __aeabi_ul2d
                0x0010df3c                __aeabi_dsub
                0x0010e2e4                __floatundidf
                0x0010e278                __aeabi_i2d
                0x0010e2f8                __aeabi_l2d
                0x0010e2a4                __aeabi_f2d
                0x0010df3c                __subdf3
 .text          0x0010e364      0x49c /cygdrive/C/cygwin/GNUARM/bin/../lib/gcc/arm-elf/4.0.2/thumb/interwork/libgcc.a(_muldivdf3.o)
                0x0010e5f4                __aeabi_ddiv
                0x0010e364                __aeabi_dmul
                0x0010e5f4                __divdf3
                0x0010e364                __muldf3
 .text          0x0010e800       0xa0 /cygdrive/C/cygwin/GNUARM/bin/../lib/gcc/arm-elf/4.0.2/thumb/interwork/libgcc.a(_truncdfsf2.o)
                0x0010e800                __aeabi_d2f
                0x0010e800                __truncdfsf2
 .text          0x0010e8a0      0x2ac /cygdrive/C/cygwin/GNUARM/bin/../lib/gcc/arm-elf/4.0.2/thumb/interwork/libgcc.a(_addsubsf3.o)
                0x0010e8ac                __aeabi_fadd
                0x0010e8a8                __subsf3
                0x0010ea70                __aeabi_i2f
                0x0010e8a8                __aeabi_fsub
                0x0010eaa0                __floatdisf
                0x0010ea70                __floatsisf
                0x0010ea90                __floatundisf
                0x0010ea68                __aeabi_ui2f
                0x0010eaa0                __aeabi_l2f
                0x0010ea90                __aeabi_ul2f
                0x0010e8a0                __aeabi_frsub
                0x0010ea68                __floatunsisf
                0x0010e8ac                __addsf3
 .text          0x0010eb4c      0x2f8 /cygdrive/C/cygwin/GNUARM/bin/../lib/gcc/arm-elf/4.0.2/thumb/interwork/libgcc.a(_muldivsf3.o)
                0x0010ece4                __divsf3
                0x0010ece4                __aeabi_fdiv
                0x0010eb4c                __mulsf3
                0x0010eb4c                __aeabi_fmul
 .text          0x0010ee44      0x110 /cygdrive/C/cygwin/GNUARM/bin/../lib/gcc/arm-elf/4.0.2/thumb/interwork/libgcc.a(_cmpsf2.o)
                0x0010ef3c                __aeabi_fcmpgt
                0x0010ee4c                __lesf2
                0x0010ee54                __nesf2
                0x0010ef24                __aeabi_fcmpge
                0x0010ee44                __gtsf2
                0x0010ef0c                __aeabi_fcmple
                0x0010ee54                __eqsf2
                0x0010ee54                __cmpsf2
                0x0010ee4c                __ltsf2
                0x0010eec4                __aeabi_cfcmple
                0x0010ee44                __gesf2
                0x0010eedc                __aeabi_fcmpeq
                0x0010eeb4                __aeabi_cfrcmple
                0x0010eef4                __aeabi_fcmplt
                0x0010eec4                __aeabi_cfcmpeq
 .text          0x0010ef54       0x5c /cygdrive/C/cygwin/GNUARM/bin/../lib/gcc/arm-elf/4.0.2/thumb/interwork/libgcc.a(_fixsfsi.o)
                0x0010ef54                __fixsfsi
                0x0010ef54                __aeabi_f2iz
 .text          0x0010efb0       0x54 /cygdrive/C/cygwin/GNUARM/bin/../lib/gcc/arm-elf/4.0.2/thumb/interwork/libgcc.a(_fixunssfsi.o)
                0x0010efb0                __aeabi_f2uiz
                0x0010efb0                __fixunssfsi
 .text          0x0010f004       0x68 /cygdrive/C/cygwin/GNUARM/bin/../lib/gcc/arm-elf/4.0.2/../../../../arm-elf/lib/thumb/interwork/libc.a(memcpy.o)
                0x0010f004                memcpy
 .text          0x0010f06c       0x68 /cygdrive/C/cygwin/GNUARM/bin/../lib/gcc/arm-elf/4.0.2/../../../../arm-elf/lib/thumb/interwork/libc.a(memset.o)
                0x0010f06c                memset
 .text          0x0010f0d4       0x60 /cygdrive/C/cygwin/GNUARM/bin/../lib/gcc/arm-elf/4.0.2/../../../../arm-elf/lib/thumb/interwork/libc.a(strcpy.o)
                0x0010f0d4                strcpy
 .text          0x0010f134       0x48 /cygdrive/C/cygwin/GNUARM/bin/../lib/gcc/arm-elf/4.0.2/../../../../arm-elf/lib/thumb/interwork/libc.a(strlen.o)
                0x0010f134                strlen
 .text          0x0010f17c       0x84 /cygdrive/C/cygwin/GNUARM/bin/../lib/gcc/arm-elf/4.0.2/../../../../arm-elf/lib/thumb/interwork/libc.a(strncpy.o)
                0x0010f17c                strncpy
 .glue_7        0x0010f200       0x30 /cygdrive/C/cygwin/GNUARM/bin/../lib/gcc/arm-elf/4.0.2/../../../../arm-elf/lib/thumb/interwork/libc.a(strncpy.o)
                0x0010f218                __call_posttaskhook_from_arm
                0x0010f201                __ecrobot_debug1_from_arm
                0x0010f20d                __ecrobot_debug2_from_arm
                0x0010f224                __call_pretaskhook_from_arm
 .glue_7t       0x0010f230       0xe8 /cygdrive/C/cygwin/GNUARM/bin/../lib/gcc/arm-elf/4.0.2/../../../../arm-elf/lib/thumb/interwork/libc.a(strncpy.o)
                0x0010f25c                __start_change_to_arm
                0x0010f2f0                __interrupts_get_and_disable_from_thumb
                0x0010f310                ____lesf2_from_thumb
                0x0010f2e9                ____gtdf2_from_thumb
                0x0010f251                __exit_and_dispatch_from_thumb
                0x0010f2e0                ____divsf3_from_thumb
                0x0010f30c                ____gesf2_change_to_arm
                0x0010f2d8                ____subdf3_from_thumb
                0x0010f2c4                ____fixsfsi_change_to_arm
                0x0010f29c                ____addsf3_change_to_arm
                0x0010f2dc                ____subdf3_change_to_arm
                0x0010f2c0                ____fixsfsi_from_thumb
                0x0010f288                ____floatsisf_from_thumb
                0x0010f260                ____extendsfdf2_from_thumb
                0x0010f254                __exit_and_dispatch_change_to_arm
                0x0010f230                __disable_int_from_thumb
                0x0010f308                ____gesf2_from_thumb
                0x0010f248                __start_dispatch_from_thumb
                0x0010f2b0                ____ltsf2_from_thumb
                0x0010f2d1                ____fixdfsi_from_thumb
                0x0010f2a4                ____divdf3_change_to_arm
                0x0010f314                ____lesf2_change_to_arm
                0x0010f258                __start_from_thumb
                0x0010f280                ____truncdfsf2_from_thumb
                0x0010f274                ____muldf3_change_to_arm
                0x0010f2e4                ____divsf3_change_to_arm
                0x0010f2d4                ____fixdfsi_change_to_arm
                0x0010f2a0                ____divdf3_from_thumb
                0x0010f238                __enable_int_from_thumb
                0x0010f241                __dispatch_from_thumb
                0x0010f2fc                __interrupts_enable_change_to_arm
                0x0010f2a8                ____gtsf2_from_thumb
                0x0010f2f4                __interrupts_get_and_disable_change_to_arm
                0x0010f244                __dispatch_change_to_arm
                0x0010f294                ____mulsf3_change_to_arm
                0x0010f27c                ____adddf3_change_to_arm
                0x0010f2ec                ____gtdf2_change_to_arm
                0x0010f284                ____truncdfsf2_change_to_arm
                0x0010f264                ____extendsfdf2_change_to_arm
                0x0010f268                ____floatsidf_from_thumb
                0x0010f28c                ____floatsisf_change_to_arm
                0x0010f301                __display_bios_status_from_thumb
                0x0010f2c8                ____subsf3_from_thumb
                0x0010f278                ____adddf3_from_thumb
                0x0010f2ac                ____gtsf2_change_to_arm
                0x0010f234                __disable_int_change_to_arm
                0x0010f2bc                ____fixunssfsi_change_to_arm
                0x0010f2b4                ____ltsf2_change_to_arm
                0x0010f290                ____mulsf3_from_thumb
                0x0010f298                ____addsf3_from_thumb
                0x0010f270                ____muldf3_from_thumb
                0x0010f2b8                ____fixunssfsi_from_thumb
                0x0010f2cc                ____subsf3_change_to_arm
                0x0010f23c                __enable_int_change_to_arm
                0x0010f26c                ____floatsidf_change_to_arm
                0x0010f2f8                __interrupts_enable_from_thumb
                0x0010f304                __display_bios_status_change_to_arm
                0x0010f24c                __start_dispatch_change_to_arm
                0x0010f320                . = ALIGN (0x10)
 *fill*         0x0010f318        0x8 00
 *(*.rodata *.rodata.*)
 .rodata.tinib_stksz
                0x0010f320        0x2 build/./kernel_cfg.o
                0x0010f320                tinib_stksz
 *fill*         0x0010f322        0x2 00
 .rodata.tinib_stk
                0x0010f324        0x4 build/./kernel_cfg.o
                0x0010f324                tinib_stk
 .rodata.tinib_task
                0x0010f328        0x4 build/./kernel_cfg.o
                0x0010f328                tinib_task
 .rodata.tinib_autoact
                0x0010f32c        0x1 build/./kernel_cfg.o
                0x0010f32c                tinib_autoact
 .rodata.tinib_exepri
                0x0010f32d        0x1 build/./kernel_cfg.o
                0x0010f32d                tinib_exepri
 .rodata.tinib_inipri
                0x0010f32e        0x1 build/./kernel_cfg.o
                0x0010f32e                tinib_inipri
 .rodata.tnum_exttask
                0x0010f32f        0x1 build/./kernel_cfg.o
                0x0010f32f                tnum_exttask
 .rodata.tnum_task
                0x0010f330        0x1 build/./kernel_cfg.o
                0x0010f330                tnum_task
 *fill*         0x0010f331        0x3 00
 .rodata.exec_addr
                0x0010f334        0x4 build/ecrobot_base.o
                0x0010f334                exec_addr
 .rodata.str1.4
                0x0010f338       0x80 build/ecrobot_base.o
 .rodata.BATTERY_OFFSET
                0x0010f3b8        0x4 build/balancer_param.o
                0x0010f3b8                BATTERY_OFFSET
 .rodata.BATTERY_GAIN
                0x0010f3bc        0x4 build/balancer_param.o
                0x0010f3bc                BATTERY_GAIN
 .rodata.str1.4
                0x0010f3c0        0xf build/UI.o
                                 0x10 (size before relaxing)
 *fill*         0x0010f3cf        0x1 00
 .rodata.str1.4
                0x0010f3d0       0x13 build/model_impl.o
                                 0x14 (size before relaxing)
                0x0010f3f0                . = ALIGN (0x10)
 *fill*         0x0010f3e3        0xd 00
 *(*.gnu.linkonce.* .gcc_except_table)
                0x0010f3f0                . = ALIGN (0x10)

.tors           0x0010f3f0        0x0
                0x0010f3f0                . = ALIGN (0x10)
                0x0010f3f0                __ctor_begin = .
 *(*.ctors*)
                0x0010f3f0                __ctor_end = .
                0x0010f3f0                . = ALIGN (0x10)
                0x0010f3f0                __dtor_begin = .
 *(*.dtors*)
                0x0010f3f0                __dtor_end = .
                0x0010f3f0                . = ALIGN (0x10)
                0x0010f3f0                __rom_end__ = __dtor_end

.bss            0x002038e0     0x1770
 *(*.bss *.bss.*)
 .bss.ready_primap
                0x002038e0        0x2 build/kernel/task.o
 .bss.ready_queue_last
                0x002038e2       0x10 build/kernel/task.o
 .bss.ready_queue_first
                0x002038f2       0x10 build/kernel/task.o
 *fill*         0x00203902        0x2 00
 .bss._stack_TaskMain
                0x00203904      0x200 build/./kernel_cfg.o
 .bss.receiveBuf
                0x00203b04       0x80 build/ecrobot_bluetooth.o
 .bss.sendBuf   0x00203b84      0x100 build/ecrobot_bluetooth.o
 .bss.handle    0x00203c84        0x1 build/ecrobot_bluetooth.o
 *fill*         0x00203c85        0x3 00
 .bss.status_bar_position
                0x00203c88        0x4 build/ecrobot_base.o
 .bss.last_act_time.2701
                0x00203c8c        0x4 build/ecrobot_base.o
 .bss.lcd.2630  0x00203c90      0x320 build/ecrobot_base.o
 .bss.OS_flag   0x00203fb0        0x4 build/ecrobot_base.o
 .bss.status_bar
                0x00203fb4       0x10 build/ecrobot_base.o
 .bss.alert.2230
                0x00203fc4        0x4 build/SonarSensor.o
 .bss.counter.2229
                0x00203fc8        0x4 build/SonarSensor.o
 .bss.buttons_i
                0x00203fcc        0x4 ../nxtOSEK/ecrobot/../ecrobot/libecrobot.a(ecrobot_interface.o)
 .bss.buttons_states
                0x00203fd0       0x14 ../nxtOSEK/ecrobot/../ecrobot/libecrobot.a(ecrobot_interface.o)
 .bss.ecrobot_inputs
                0x00203fe4        0x8 ../nxtOSEK/ecrobot/../ecrobot/libecrobot.a(ecrobot_interface.o)
 .bss.systick_ms
                0x00203fec        0x4 ../nxtOSEK/ecrobot/../ecrobot/libecrobot.a(systick.oram)
 .bss.delayedEnable
                0x00203ff0        0x1 ../nxtOSEK/ecrobot/../ecrobot/libecrobot.a(udp.oram)
 *fill*         0x00203ff1        0x3 00
 .bss.outCnt    0x00203ff4        0x4 ../nxtOSEK/ecrobot/../ecrobot/libecrobot.a(udp.oram)
 .bss.outPtr    0x00203ff8        0x4 ../nxtOSEK/ecrobot/../ecrobot/libecrobot.a(udp.oram)
 .bss.newAddress
                0x00203ffc        0x4 ../nxtOSEK/ecrobot/../ecrobot/libecrobot.a(udp.oram)
 .bss.currentRxBank
                0x00204000        0x4 ../nxtOSEK/ecrobot/../ecrobot/libecrobot.a(udp.oram)
 .bss.currentFeatures
                0x00204004        0x4 ../nxtOSEK/ecrobot/../ecrobot/libecrobot.a(udp.oram)
 .bss.currentConfig
                0x00204008        0x1 ../nxtOSEK/ecrobot/../ecrobot/libecrobot.a(udp.oram)
 *fill*         0x00204009        0x3 00
 .bss.twi_mask  0x0020400c        0x4 ../nxtOSEK/ecrobot/../ecrobot/libecrobot.a(twi.oram)
 .bss.twi_ptr   0x00204010        0x4 ../nxtOSEK/ecrobot/../ecrobot/libecrobot.a(twi.oram)
 .bss.twi_pending
                0x00204014        0x4 ../nxtOSEK/ecrobot/../ecrobot/libecrobot.a(twi.oram)
 .bss.twi_state
                0x00204018        0x4 ../nxtOSEK/ecrobot/../ecrobot/libecrobot.a(twi.oram)
 .bss.page      0x0020401c        0x1 ../nxtOSEK/ecrobot/../ecrobot/libecrobot.a(nxt_spi.oram)
                0x0020401c                page
 .bss.dirty     0x0020401d        0x1 ../nxtOSEK/ecrobot/../ecrobot/libecrobot.a(nxt_spi.oram)
                0x0020401d                dirty
 *fill*         0x0020401e        0x2 00
 .bss.display   0x00204020        0x4 ../nxtOSEK/ecrobot/../ecrobot/libecrobot.a(nxt_spi.oram)
                0x00204020                display
 .bss.interrupts_this_period
                0x00204024        0x4 ../nxtOSEK/ecrobot/../ecrobot/libecrobot.a(nxt_motors.oram)
 .bss.nxt_motor_initialised
                0x00204028        0x4 ../nxtOSEK/ecrobot/../ecrobot/libecrobot.a(nxt_motors.oram)
 .bss.motor     0x0020402c       0x30 ../nxtOSEK/ecrobot/../ecrobot/libecrobot.a(nxt_motors.oram)
 .bss.display_tick
                0x0020405c        0x4 ../nxtOSEK/ecrobot/../ecrobot/libecrobot.a(display.oram)
                0x0020405c                display_tick
 .bss.display_array
                0x00204060      0x388 ../nxtOSEK/ecrobot/../ecrobot/libecrobot.a(display.oram)
 .bss.i2c_int_count
                0x002043e8        0x4 ../nxtOSEK/ecrobot/../ecrobot/libecrobot.a(i2c.oram)
 .bss.i2c_port  0x002043ec      0x170 ../nxtOSEK/ecrobot/../ecrobot/libecrobot.a(i2c.oram)
 .bss.sound_mode
                0x0020455c        0x1 ../nxtOSEK/ecrobot/../ecrobot/libecrobot.a(sound.oram)
                0x0020455c                sound_mode
 *fill*         0x0020455d        0x3 00
 .bss.in_buf_idx
                0x00204560        0x4 ../nxtOSEK/ecrobot/../ecrobot/libecrobot.a(bt.oram)
 .bss.buf_ptr   0x00204564        0x4 ../nxtOSEK/ecrobot/../ecrobot/libecrobot.a(bt.oram)
 .bss.out_buf   0x00204568      0x200 ../nxtOSEK/ecrobot/../ecrobot/libecrobot.a(bt.oram)
 .bss.out_buf_ptr
                0x00204768        0x1 ../nxtOSEK/ecrobot/../ecrobot/libecrobot.a(bt.oram)
 .bss.in_buf_in_ptr
                0x00204769        0x1 ../nxtOSEK/ecrobot/../ecrobot/libecrobot.a(bt.oram)
 .bss.in_buf    0x0020476a      0x100 ../nxtOSEK/ecrobot/../ecrobot/libecrobot.a(bt.oram)
 *fill*         0x0020486a        0x2 00
 .bss.link_state
                0x0020486c        0x4 ../nxtOSEK/ecrobot/../ecrobot/libecrobot.a(nxt_avr.oram)
 .bss.update_count
                0x00204870        0x4 ../nxtOSEK/ecrobot/../ecrobot/libecrobot.a(nxt_avr.oram)
 .bss.nxt_avr_stats
                0x00204874       0x14 ../nxtOSEK/ecrobot/../ecrobot/libecrobot.a(nxt_avr.oram)
 .bss.debounce_cnt
                0x00204888        0x2 ../nxtOSEK/ecrobot/../ecrobot/libecrobot.a(nxt_avr.oram)
 .bss.debounce_state
                0x0020488a        0x2 ../nxtOSEK/ecrobot/../ecrobot/libecrobot.a(nxt_avr.oram)
 .bss.button_state
                0x0020488c        0x2 ../nxtOSEK/ecrobot/../ecrobot/libecrobot.a(nxt_avr.oram)
 .bss.prev_buttons
                0x0020488e        0x2 ../nxtOSEK/ecrobot/../ecrobot/libecrobot.a(nxt_avr.oram)
 .bss.from_buf  0x00204890        0x4 ../nxtOSEK/ecrobot/../ecrobot/libecrobot.a(nxt_avr.oram)
 .bss.io_from_avr
                0x00204894        0x4 ../nxtOSEK/ecrobot/../ecrobot/libecrobot.a(nxt_avr.oram)
 .bss.data_from_avr
                0x00204898       0x1a ../nxtOSEK/ecrobot/../ecrobot/libecrobot.a(nxt_avr.oram)
 .bss.data_to_avr
                0x002048b2        0x9 ../nxtOSEK/ecrobot/../ecrobot/libecrobot.a(nxt_avr.oram)
 .bss.io_to_avr
                0x002048bb        0x8 ../nxtOSEK/ecrobot/../ecrobot/libecrobot.a(nxt_avr.oram)
 *fill*         0x002048c3        0x1 00
 .bss.display   0x002048c4        0x4 ../nxtOSEK/ecrobot/../ecrobot/libecrobot.a(nxt_lcd.oram)
 .bss.ud_thetadot_cmd_lpf
                0x002048c8        0x4 ../nxtOSEK/ecrobot/../ecrobot/libnxtway_gs_balancer.a(balancer.o)
 .bss.ud_theta_ref
                0x002048cc        0x4 ../nxtOSEK/ecrobot/../ecrobot/libnxtway_gs_balancer.a(balancer.o)
 .bss.ud_theta_lpf
                0x002048d0        0x4 ../nxtOSEK/ecrobot/../ecrobot/libnxtway_gs_balancer.a(balancer.o)
 .bss.ud_psi    0x002048d4        0x4 ../nxtOSEK/ecrobot/../ecrobot/libnxtway_gs_balancer.a(balancer.o)
 .bss.ud_err_theta
                0x002048d8        0x4 ../nxtOSEK/ecrobot/../ecrobot/libnxtway_gs_balancer.a(balancer.o)
                0x002048e0                . = ALIGN (0x10)
 *fill*         0x002048dc        0x4 00
                0x002048e0                __bss_end__ = .
 COMMON         0x002048e0        0x2 build/kernel/interrupt.o
                0x002048e0                runisr
                0x002048e1                sus_all_cnt
 *fill*         0x002048e2        0x2 00
 COMMON         0x002048e4       0x10 build/kernel/osctl.o
                0x002048e4                callevel
                0x002048e5                _errorhook_svcid
                0x002048e6                appmode
                0x002048e8                _errorhook_par1
                0x002048ec                _errorhook_par3
                0x002048f0                _errorhook_par2
 COMMON         0x002048f4        0x3 build/kernel/task.o
                0x002048f4                runtsk
                0x002048f5                schedtsk
                0x002048f6                nextpri
 *fill*         0x002048f7        0x1 00
 COMMON         0x002048f8       0x2c build/./kernel_cfg.o
                0x002048f8                tcb_waievt
                0x002048fc                rescb_prevpri
                0x002048fd                almcb_prev
                0x002048fe                tcb_lastres
                0x00204900                almcb_almval
                0x00204904                tcxb_pc
                0x00204908                tcb_next
                0x00204909                tcb_curpri
                0x0020490a                tcb_tstat
                0x0020490b                isrcb_lastres
                0x0020490c                cntcb_almque
                0x0020490d                rescb_prevres
                0x0020490e                tcb_actcnt
                0x00204910                tcb_curevt
                0x00204914                almcb_cycle
                0x00204918                tcxb_sp
                0x0020491c                almcb_next
                0x00204920                cntcb_curval
 COMMON         0x00204924      0x3c0 build/model_impl.o
                0x00204924                maimai
                0x0020493c                rightMotor
                0x00204940                tailMotor
                0x00204944                sonarSensor
                0x00204948                basic
                0x00204b6c                garageIn
                0x00204b7c                lookUpGate
                0x00204b90                gyroSensor
                0x00204b98                lookUpRunner
                0x00204bc0                leftMotor
                0x00204bc4                touchSensor
                0x00204bc8                balanceRunner
                0x00204be0                lightSensor
                0x00204be8                lineTracer
                0x00204c1c                tailRunner
                0x00204c30                lineReturn
                0x00204c44                ui
                0x00204cdc                colorJudgement
 COMMON         0x00204ce4       0x44 ../nxtOSEK/ecrobot/../ecrobot/libecrobot.a(uart.oram)
                0x00204ce4                uart
 COMMON         0x00204d28        0x4 ../nxtOSEK/ecrobot/../ecrobot/libecrobot.a(data_abort.oram)
                0x00204d28                data_abort_pc
 COMMON         0x00204d2c        0x8 ../nxtOSEK/ecrobot/../ecrobot/libecrobot.a(display.oram)
                0x00204d2c                display_x
                0x00204d30                display_y
 COMMON         0x00204d34      0x31c ../nxtOSEK/ecrobot/../ecrobot/libecrobot.a(sound.oram)
                0x00204d34                sample
                0x002038e0                __bss_start__ = ADDR (.bss)
                0x00205050                __bss_end__ = (ADDR (.bss) + SIZEOF (.bss))
                0x00205050                PROVIDE (end, .)

.heap_area      0x00205050     0xab28
                0x0020fb78                . = (. + (0x20fb78 - end))
 *fill*         0x00205050     0xab28 00

.stack          0x0020fb78      0x488
                0x0020fbf8                . = (. + 0x80)
 *fill*         0x0020fb78       0x80 00
                0x0020fc00                . = ALIGN (0x10)
 *fill*         0x0020fbf8        0x8 00
                0x0020fc00                __irq_stack__ = .
                0x0020fc00                __system_stack_bottom__ = .
                0x00210000                . = (. + 0x400)
 *fill*         0x0020fc00      0x400 00
                0x00210000                . = ALIGN (0x10)
                0x00210000                __system_stack__ = .
                0x00210000                __system_stack_top__ = .
                0x0020fb78                __stack_start__ = ADDR (.stack)
                0x00210000                __stack_end__ = (ADDR (.stack) + SIZEOF (.stack))
OUTPUT(maimai_rom.elf elf32-littlearm)

.comment        0x00000000      0x4c8
 .comment       0x00000000       0x12 build/kernel/alarm.o
 .comment       0x00000012       0x12 build/kernel/event.o
 .comment       0x00000024       0x12 build/kernel/interrupt.o
 .comment       0x00000036       0x12 build/kernel/osctl.o
 .comment       0x00000048       0x12 build/kernel/resource.o
 .comment       0x0000005a       0x12 build/kernel/task.o
 .comment       0x0000006c       0x12 build/kernel/task_manage.o
 .comment       0x0000007e       0x12 build/config/at91sam7s-gnu/cpu_config.o
 .comment       0x00000090       0x12 build/config/at91sam7s-gnu/lego_nxt/sys_config.o
 .comment       0x000000a2       0x12 build/./kernel_cfg.o
 .comment       0x000000b4       0x12 build/syscalls.o
 .comment       0x000000c6       0x12 build/ecrobot_bluetooth.o
 .comment       0x000000d8       0x12 build/ecrobot_base.o
 .comment       0x000000ea       0x12 build/ecrobot.o
 .comment       0x000000fc       0x12 build/balancer_param.o
 .comment       0x0000010e       0x12 build/LineTracer.o
 .comment       0x00000120       0x12 build/UI.o
 .comment       0x00000132       0x12 build/ColorJudgement.o
 .comment       0x00000144       0x12 build/BalanceRunner.o
 .comment       0x00000156       0x12 build/TouchSensor.o
 .comment       0x00000168       0x12 build/GyroSensor.o
 .comment       0x0000017a       0x12 build/LightSensor.o
 .comment       0x0000018c       0x12 build/Motor.o
 .comment       0x0000019e       0x12 build/model_impl.o
 .comment       0x000001b0       0x12 build/GarageIn.o
 .comment       0x000001c2       0x12 build/Basic.o
 .comment       0x000001d4       0x12 build/SeeSaw.o
 .comment       0x000001e6       0x12 build/LineReturn.o
 .comment       0x000001f8       0x12 build/SonarSensor.o
 .comment       0x0000020a       0x12 build/LookUpGate.o
 .comment       0x0000021c       0x12 build/LookUpRunner.o
 .comment       0x0000022e       0x12 build/Maimai.o
 .comment       0x00000240       0x12 build/TailRunner.o
 .comment       0x00000252       0x12 build/syslib/at91sam7s-gnu/lego_nxt/hw_sys_timer.oram
 .comment       0x00000264       0x12 ../nxtOSEK/ecrobot/../ecrobot/libecrobot.a(ecrobot_HiTechnic.o)
 .comment       0x00000276       0x12 ../nxtOSEK/ecrobot/../ecrobot/libecrobot.a(ecrobot_interface.o)
 .comment       0x00000288       0x12 ../nxtOSEK/ecrobot/../ecrobot/libecrobot.a(colorsensor.o)
 .comment       0x0000029a       0x12 ../nxtOSEK/ecrobot/../ecrobot/libecrobot.a(osek_hook.o)
 .comment       0x000002ac       0x12 ../nxtOSEK/ecrobot/../ecrobot/libecrobot.a(uart.oram)
 .comment       0x000002be       0x12 ../nxtOSEK/ecrobot/../ecrobot/libecrobot.a(systick.oram)
 .comment       0x000002d0       0x12 ../nxtOSEK/ecrobot/../ecrobot/libecrobot.a(byte_fifo.oram)
 .comment       0x000002e2       0x12 ../nxtOSEK/ecrobot/../ecrobot/libecrobot.a(aic.oram)
 .comment       0x000002f4       0x12 ../nxtOSEK/ecrobot/../ecrobot/libecrobot.a(udp.oram)
 .comment       0x00000306       0x12 ../nxtOSEK/ecrobot/../ecrobot/libecrobot.a(twi.oram)
 .comment       0x00000318       0x12 ../nxtOSEK/ecrobot/../ecrobot/libecrobot.a(nxt_spi.oram)
 .comment       0x0000032a       0x12 ../nxtOSEK/ecrobot/../ecrobot/libecrobot.a(nxt_motors.oram)
 .comment       0x0000033c       0x12 ../nxtOSEK/ecrobot/../ecrobot/libecrobot.a(data_abort.oram)
 .comment       0x0000034e       0x12 ../nxtOSEK/ecrobot/../ecrobot/libecrobot.a(display.oram)
 .comment       0x00000360       0x12 ../nxtOSEK/ecrobot/../ecrobot/libecrobot.a(i2c.oram)
 .comment       0x00000372       0x12 ../nxtOSEK/ecrobot/../ecrobot/libecrobot.a(sound.oram)
 .comment       0x00000384       0x12 ../nxtOSEK/ecrobot/../ecrobot/libecrobot.a(bt.oram)
 .comment       0x00000396       0x12 ../nxtOSEK/ecrobot/../ecrobot/libecrobot.a(nxt_avr.oram)
 .comment       0x000003a8       0x12 ../nxtOSEK/ecrobot/../ecrobot/libecrobot.a(sensors.oram)
 .comment       0x000003ba       0x12 ../nxtOSEK/ecrobot/../ecrobot/libecrobot.a(sensors1.oram)
 .comment       0x000003cc       0x12 ../nxtOSEK/ecrobot/../ecrobot/libecrobot.a(nxt_lcd.oram)
 .comment       0x000003de       0x12 ../nxtOSEK/ecrobot/../ecrobot/libecrobot.a(flash_loader.oram)
 .comment       0x000003f0       0x12 ../nxtOSEK/ecrobot/../ecrobot/libecrobot.a(ecrobot_usb.o)
 .comment       0x00000402       0x12 ../nxtOSEK/ecrobot/../ecrobot/libecrobot.a(flashprog.oram)
 .comment       0x00000414       0x12 ../nxtOSEK/ecrobot/../ecrobot/libnxtway_gs_balancer.a(balancer.o)
 .comment       0x00000426       0x12 /cygdrive/C/cygwin/GNUARM/bin/../lib/gcc/arm-elf/4.0.2/thumb/interwork/libgcc.a(_muldi3.o)
 .comment       0x00000438       0x12 /cygdrive/C/cygwin/GNUARM/bin/../lib/gcc/arm-elf/4.0.2/thumb/interwork/libgcc.a(_divdi3.o)
 .comment       0x0000044a       0x12 /cygdrive/C/cygwin/GNUARM/bin/../lib/gcc/arm-elf/4.0.2/thumb/interwork/libgcc.a(_clz.o)
 .comment       0x0000045c       0x12 /cygdrive/C/cygwin/GNUARM/bin/../lib/gcc/arm-elf/4.0.2/../../../../arm-elf/lib/thumb/interwork/libc.a(memcpy.o)
 .comment       0x0000046e       0x12 /cygdrive/C/cygwin/GNUARM/bin/../lib/gcc/arm-elf/4.0.2/../../../../arm-elf/lib/thumb/interwork/libc.a(memset.o)
 .comment       0x00000480       0x12 /cygdrive/C/cygwin/GNUARM/bin/../lib/gcc/arm-elf/4.0.2/../../../../arm-elf/lib/thumb/interwork/libc.a(strcmp.o)
 .comment       0x00000492       0x12 /cygdrive/C/cygwin/GNUARM/bin/../lib/gcc/arm-elf/4.0.2/../../../../arm-elf/lib/thumb/interwork/libc.a(strcpy.o)
 .comment       0x000004a4       0x12 /cygdrive/C/cygwin/GNUARM/bin/../lib/gcc/arm-elf/4.0.2/../../../../arm-elf/lib/thumb/interwork/libc.a(strlen.o)
 .comment       0x000004b6       0x12 /cygdrive/C/cygwin/GNUARM/bin/../lib/gcc/arm-elf/4.0.2/../../../../arm-elf/lib/thumb/interwork/libc.a(strncpy.o)

.debug_line     0x00000000     0x1004
 .debug_line    0x00000000       0x70 /cygdrive/C/cygwin/GNUARM/bin/../lib/gcc/arm-elf/4.0.2/thumb/interwork/libgcc.a(_udivsi3.o)
 .debug_line    0x00000070       0x7c /cygdrive/C/cygwin/GNUARM/bin/../lib/gcc/arm-elf/4.0.2/thumb/interwork/libgcc.a(_divsi3.o)
 .debug_line    0x000000ec       0x68 /cygdrive/C/cygwin/GNUARM/bin/../lib/gcc/arm-elf/4.0.2/thumb/interwork/libgcc.a(_umodsi3.o)
 .debug_line    0x00000154       0x71 /cygdrive/C/cygwin/GNUARM/bin/../lib/gcc/arm-elf/4.0.2/thumb/interwork/libgcc.a(_modsi3.o)
 .debug_line    0x000001c5       0x5a /cygdrive/C/cygwin/GNUARM/bin/../lib/gcc/arm-elf/4.0.2/thumb/interwork/libgcc.a(_dvmd_tls.o)
 .debug_line    0x0000021f      0x162 /cygdrive/C/cygwin/GNUARM/bin/../lib/gcc/arm-elf/4.0.2/thumb/interwork/libgcc.a(_addsubdf3.o)
 .debug_line    0x00000381      0x177 /cygdrive/C/cygwin/GNUARM/bin/../lib/gcc/arm-elf/4.0.2/thumb/interwork/libgcc.a(_muldivdf3.o)
 .debug_line    0x000004f8       0xa4 /cygdrive/C/cygwin/GNUARM/bin/../lib/gcc/arm-elf/4.0.2/thumb/interwork/libgcc.a(_cmpdf2.o)
 .debug_line    0x0000059c       0x6f /cygdrive/C/cygwin/GNUARM/bin/../lib/gcc/arm-elf/4.0.2/thumb/interwork/libgcc.a(_fixdfsi.o)
 .debug_line    0x0000060b       0x80 /cygdrive/C/cygwin/GNUARM/bin/../lib/gcc/arm-elf/4.0.2/thumb/interwork/libgcc.a(_truncdfsf2.o)
 .debug_line    0x0000068b      0x110 /cygdrive/C/cygwin/GNUARM/bin/../lib/gcc/arm-elf/4.0.2/thumb/interwork/libgcc.a(_addsubsf3.o)
 .debug_line    0x0000079b      0x11a /cygdrive/C/cygwin/GNUARM/bin/../lib/gcc/arm-elf/4.0.2/thumb/interwork/libgcc.a(_muldivsf3.o)
 .debug_line    0x000008b5       0x98 /cygdrive/C/cygwin/GNUARM/bin/../lib/gcc/arm-elf/4.0.2/thumb/interwork/libgcc.a(_cmpsf2.o)
 .debug_line    0x0000094d       0x6f /cygdrive/C/cygwin/GNUARM/bin/../lib/gcc/arm-elf/4.0.2/thumb/interwork/libgcc.a(_fixsfsi.o)
 .debug_line    0x000009bc       0x6d /cygdrive/C/cygwin/GNUARM/bin/../lib/gcc/arm-elf/4.0.2/thumb/interwork/libgcc.a(_fixunssfsi.o)
 .debug_line    0x00000a29       0x61 /cygdrive/C/cygwin/GNUARM/bin/../lib/gcc/arm-elf/4.0.2/thumb/interwork/libgcc.a(_muldi3.o)
 .debug_line    0x00000a8a      0x122 /cygdrive/C/cygwin/GNUARM/bin/../lib/gcc/arm-elf/4.0.2/thumb/interwork/libgcc.a(_divdi3.o)
 .debug_line    0x00000bac       0x48 /cygdrive/C/cygwin/GNUARM/bin/../lib/gcc/arm-elf/4.0.2/thumb/interwork/libgcc.a(_clz.o)
 .debug_line    0x00000bf4       0xc3 /cygdrive/C/cygwin/GNUARM/bin/../lib/gcc/arm-elf/4.0.2/../../../../arm-elf/lib/thumb/interwork/libc.a(memcpy.o)
 .debug_line    0x00000cb7       0xd4 /cygdrive/C/cygwin/GNUARM/bin/../lib/gcc/arm-elf/4.0.2/../../../../arm-elf/lib/thumb/interwork/libc.a(memset.o)
 .debug_line    0x00000d8b       0x88 /cygdrive/C/cygwin/GNUARM/bin/../lib/gcc/arm-elf/4.0.2/../../../../arm-elf/lib/thumb/interwork/libc.a(strcmp.o)
 .debug_line    0x00000e13       0x80 /cygdrive/C/cygwin/GNUARM/bin/../lib/gcc/arm-elf/4.0.2/../../../../arm-elf/lib/thumb/interwork/libc.a(strcpy.o)
 .debug_line    0x00000e93       0xaf /cygdrive/C/cygwin/GNUARM/bin/../lib/gcc/arm-elf/4.0.2/../../../../arm-elf/lib/thumb/interwork/libc.a(strlen.o)
 .debug_line    0x00000f42       0xc2 /cygdrive/C/cygwin/GNUARM/bin/../lib/gcc/arm-elf/4.0.2/../../../../arm-elf/lib/thumb/interwork/libc.a(strncpy.o)

.debug_info     0x00000000     0x1659
 .debug_info    0x00000000       0x6a /cygdrive/C/cygwin/GNUARM/bin/../lib/gcc/arm-elf/4.0.2/thumb/interwork/libgcc.a(_udivsi3.o)
 .debug_info    0x0000006a       0x6a /cygdrive/C/cygwin/GNUARM/bin/../lib/gcc/arm-elf/4.0.2/thumb/interwork/libgcc.a(_divsi3.o)
 .debug_info    0x000000d4       0x6a /cygdrive/C/cygwin/GNUARM/bin/../lib/gcc/arm-elf/4.0.2/thumb/interwork/libgcc.a(_umodsi3.o)
 .debug_info    0x0000013e       0x6a /cygdrive/C/cygwin/GNUARM/bin/../lib/gcc/arm-elf/4.0.2/thumb/interwork/libgcc.a(_modsi3.o)
 .debug_info    0x000001a8       0x6a /cygdrive/C/cygwin/GNUARM/bin/../lib/gcc/arm-elf/4.0.2/thumb/interwork/libgcc.a(_dvmd_tls.o)
 .debug_info    0x00000212       0x69 /cygdrive/C/cygwin/GNUARM/bin/../lib/gcc/arm-elf/4.0.2/thumb/interwork/libgcc.a(_addsubdf3.o)
 .debug_info    0x0000027b       0x69 /cygdrive/C/cygwin/GNUARM/bin/../lib/gcc/arm-elf/4.0.2/thumb/interwork/libgcc.a(_muldivdf3.o)
 .debug_info    0x000002e4       0x69 /cygdrive/C/cygwin/GNUARM/bin/../lib/gcc/arm-elf/4.0.2/thumb/interwork/libgcc.a(_cmpdf2.o)
 .debug_info    0x0000034d       0x69 /cygdrive/C/cygwin/GNUARM/bin/../lib/gcc/arm-elf/4.0.2/thumb/interwork/libgcc.a(_fixdfsi.o)
 .debug_info    0x000003b6       0x69 /cygdrive/C/cygwin/GNUARM/bin/../lib/gcc/arm-elf/4.0.2/thumb/interwork/libgcc.a(_truncdfsf2.o)
 .debug_info    0x0000041f       0x69 /cygdrive/C/cygwin/GNUARM/bin/../lib/gcc/arm-elf/4.0.2/thumb/interwork/libgcc.a(_addsubsf3.o)
 .debug_info    0x00000488       0x69 /cygdrive/C/cygwin/GNUARM/bin/../lib/gcc/arm-elf/4.0.2/thumb/interwork/libgcc.a(_muldivsf3.o)
 .debug_info    0x000004f1       0x69 /cygdrive/C/cygwin/GNUARM/bin/../lib/gcc/arm-elf/4.0.2/thumb/interwork/libgcc.a(_cmpsf2.o)
 .debug_info    0x0000055a       0x69 /cygdrive/C/cygwin/GNUARM/bin/../lib/gcc/arm-elf/4.0.2/thumb/interwork/libgcc.a(_fixsfsi.o)
 .debug_info    0x000005c3       0x69 /cygdrive/C/cygwin/GNUARM/bin/../lib/gcc/arm-elf/4.0.2/thumb/interwork/libgcc.a(_fixunssfsi.o)
 .debug_info    0x0000062c      0x20e /cygdrive/C/cygwin/GNUARM/bin/../lib/gcc/arm-elf/4.0.2/thumb/interwork/libgcc.a(_muldi3.o)
 .debug_info    0x0000083a      0x758 /cygdrive/C/cygwin/GNUARM/bin/../lib/gcc/arm-elf/4.0.2/thumb/interwork/libgcc.a(_divdi3.o)
 .debug_info    0x00000f92       0xc9 /cygdrive/C/cygwin/GNUARM/bin/../lib/gcc/arm-elf/4.0.2/thumb/interwork/libgcc.a(_clz.o)
 .debug_info    0x0000105b      0x10d /cygdrive/C/cygwin/GNUARM/bin/../lib/gcc/arm-elf/4.0.2/../../../../arm-elf/lib/thumb/interwork/libc.a(memcpy.o)
 .debug_info    0x00001168      0x111 /cygdrive/C/cygwin/GNUARM/bin/../lib/gcc/arm-elf/4.0.2/../../../../arm-elf/lib/thumb/interwork/libc.a(memset.o)
 .debug_info    0x00001279       0xd9 /cygdrive/C/cygwin/GNUARM/bin/../lib/gcc/arm-elf/4.0.2/../../../../arm-elf/lib/thumb/interwork/libc.a(strcmp.o)
 .debug_info    0x00001352      0x10c /cygdrive/C/cygwin/GNUARM/bin/../lib/gcc/arm-elf/4.0.2/../../../../arm-elf/lib/thumb/interwork/libc.a(strcpy.o)
 .debug_info    0x0000145e       0xd5 /cygdrive/C/cygwin/GNUARM/bin/../lib/gcc/arm-elf/4.0.2/../../../../arm-elf/lib/thumb/interwork/libc.a(strlen.o)
 .debug_info    0x00001533      0x126 /cygdrive/C/cygwin/GNUARM/bin/../lib/gcc/arm-elf/4.0.2/../../../../arm-elf/lib/thumb/interwork/libc.a(strncpy.o)

.debug_abbrev   0x00000000      0x729
 .debug_abbrev  0x00000000       0x14 /cygdrive/C/cygwin/GNUARM/bin/../lib/gcc/arm-elf/4.0.2/thumb/interwork/libgcc.a(_udivsi3.o)
 .debug_abbrev  0x00000014       0x14 /cygdrive/C/cygwin/GNUARM/bin/../lib/gcc/arm-elf/4.0.2/thumb/interwork/libgcc.a(_divsi3.o)
 .debug_abbrev  0x00000028       0x14 /cygdrive/C/cygwin/GNUARM/bin/../lib/gcc/arm-elf/4.0.2/thumb/interwork/libgcc.a(_umodsi3.o)
 .debug_abbrev  0x0000003c       0x14 /cygdrive/C/cygwin/GNUARM/bin/../lib/gcc/arm-elf/4.0.2/thumb/interwork/libgcc.a(_modsi3.o)
 .debug_abbrev  0x00000050       0x14 /cygdrive/C/cygwin/GNUARM/bin/../lib/gcc/arm-elf/4.0.2/thumb/interwork/libgcc.a(_dvmd_tls.o)
 .debug_abbrev  0x00000064       0x14 /cygdrive/C/cygwin/GNUARM/bin/../lib/gcc/arm-elf/4.0.2/thumb/interwork/libgcc.a(_addsubdf3.o)
 .debug_abbrev  0x00000078       0x14 /cygdrive/C/cygwin/GNUARM/bin/../lib/gcc/arm-elf/4.0.2/thumb/interwork/libgcc.a(_muldivdf3.o)
 .debug_abbrev  0x0000008c       0x14 /cygdrive/C/cygwin/GNUARM/bin/../lib/gcc/arm-elf/4.0.2/thumb/interwork/libgcc.a(_cmpdf2.o)
 .debug_abbrev  0x000000a0       0x14 /cygdrive/C/cygwin/GNUARM/bin/../lib/gcc/arm-elf/4.0.2/thumb/interwork/libgcc.a(_fixdfsi.o)
 .debug_abbrev  0x000000b4       0x14 /cygdrive/C/cygwin/GNUARM/bin/../lib/gcc/arm-elf/4.0.2/thumb/interwork/libgcc.a(_truncdfsf2.o)
 .debug_abbrev  0x000000c8       0x14 /cygdrive/C/cygwin/GNUARM/bin/../lib/gcc/arm-elf/4.0.2/thumb/interwork/libgcc.a(_addsubsf3.o)
 .debug_abbrev  0x000000dc       0x14 /cygdrive/C/cygwin/GNUARM/bin/../lib/gcc/arm-elf/4.0.2/thumb/interwork/libgcc.a(_muldivsf3.o)
 .debug_abbrev  0x000000f0       0x14 /cygdrive/C/cygwin/GNUARM/bin/../lib/gcc/arm-elf/4.0.2/thumb/interwork/libgcc.a(_cmpsf2.o)
 .debug_abbrev  0x00000104       0x14 /cygdrive/C/cygwin/GNUARM/bin/../lib/gcc/arm-elf/4.0.2/thumb/interwork/libgcc.a(_fixsfsi.o)
 .debug_abbrev  0x00000118       0x14 /cygdrive/C/cygwin/GNUARM/bin/../lib/gcc/arm-elf/4.0.2/thumb/interwork/libgcc.a(_fixunssfsi.o)
 .debug_abbrev  0x0000012c       0xec /cygdrive/C/cygwin/GNUARM/bin/../lib/gcc/arm-elf/4.0.2/thumb/interwork/libgcc.a(_muldi3.o)
 .debug_abbrev  0x00000218      0x174 /cygdrive/C/cygwin/GNUARM/bin/../lib/gcc/arm-elf/4.0.2/thumb/interwork/libgcc.a(_divdi3.o)
 .debug_abbrev  0x0000038c       0x61 /cygdrive/C/cygwin/GNUARM/bin/../lib/gcc/arm-elf/4.0.2/thumb/interwork/libgcc.a(_clz.o)
 .debug_abbrev  0x000003ed       0x99 /cygdrive/C/cygwin/GNUARM/bin/../lib/gcc/arm-elf/4.0.2/../../../../arm-elf/lib/thumb/interwork/libc.a(memcpy.o)
 .debug_abbrev  0x00000486       0x9a /cygdrive/C/cygwin/GNUARM/bin/../lib/gcc/arm-elf/4.0.2/../../../../arm-elf/lib/thumb/interwork/libc.a(memset.o)
 .debug_abbrev  0x00000520       0x71 /cygdrive/C/cygwin/GNUARM/bin/../lib/gcc/arm-elf/4.0.2/../../../../arm-elf/lib/thumb/interwork/libc.a(strcmp.o)
 .debug_abbrev  0x00000591       0x80 /cygdrive/C/cygwin/GNUARM/bin/../lib/gcc/arm-elf/4.0.2/../../../../arm-elf/lib/thumb/interwork/libc.a(strcpy.o)
 .debug_abbrev  0x00000611       0x8b /cygdrive/C/cygwin/GNUARM/bin/../lib/gcc/arm-elf/4.0.2/../../../../arm-elf/lib/thumb/interwork/libc.a(strlen.o)
 .debug_abbrev  0x0000069c       0x8d /cygdrive/C/cygwin/GNUARM/bin/../lib/gcc/arm-elf/4.0.2/../../../../arm-elf/lib/thumb/interwork/libc.a(strncpy.o)

.debug_aranges  0x00000000      0x2e0
 .debug_aranges
                0x00000000       0x20 /cygdrive/C/cygwin/GNUARM/bin/../lib/gcc/arm-elf/4.0.2/thumb/interwork/libgcc.a(_udivsi3.o)
 .debug_aranges
                0x00000020       0x20 /cygdrive/C/cygwin/GNUARM/bin/../lib/gcc/arm-elf/4.0.2/thumb/interwork/libgcc.a(_divsi3.o)
 .debug_aranges
                0x00000040       0x20 /cygdrive/C/cygwin/GNUARM/bin/../lib/gcc/arm-elf/4.0.2/thumb/interwork/libgcc.a(_umodsi3.o)
 .debug_aranges
                0x00000060       0x20 /cygdrive/C/cygwin/GNUARM/bin/../lib/gcc/arm-elf/4.0.2/thumb/interwork/libgcc.a(_modsi3.o)
 .debug_aranges
                0x00000080       0x20 /cygdrive/C/cygwin/GNUARM/bin/../lib/gcc/arm-elf/4.0.2/thumb/interwork/libgcc.a(_dvmd_tls.o)
 .debug_aranges
                0x000000a0       0x20 /cygdrive/C/cygwin/GNUARM/bin/../lib/gcc/arm-elf/4.0.2/thumb/interwork/libgcc.a(_addsubdf3.o)
 .debug_aranges
                0x000000c0       0x20 /cygdrive/C/cygwin/GNUARM/bin/../lib/gcc/arm-elf/4.0.2/thumb/interwork/libgcc.a(_muldivdf3.o)
 .debug_aranges
                0x000000e0       0x20 /cygdrive/C/cygwin/GNUARM/bin/../lib/gcc/arm-elf/4.0.2/thumb/interwork/libgcc.a(_cmpdf2.o)
 .debug_aranges
                0x00000100       0x20 /cygdrive/C/cygwin/GNUARM/bin/../lib/gcc/arm-elf/4.0.2/thumb/interwork/libgcc.a(_fixdfsi.o)
 .debug_aranges
                0x00000120       0x20 /cygdrive/C/cygwin/GNUARM/bin/../lib/gcc/arm-elf/4.0.2/thumb/interwork/libgcc.a(_truncdfsf2.o)
 .debug_aranges
                0x00000140       0x20 /cygdrive/C/cygwin/GNUARM/bin/../lib/gcc/arm-elf/4.0.2/thumb/interwork/libgcc.a(_addsubsf3.o)
 .debug_aranges
                0x00000160       0x20 /cygdrive/C/cygwin/GNUARM/bin/../lib/gcc/arm-elf/4.0.2/thumb/interwork/libgcc.a(_muldivsf3.o)
 .debug_aranges
                0x00000180       0x20 /cygdrive/C/cygwin/GNUARM/bin/../lib/gcc/arm-elf/4.0.2/thumb/interwork/libgcc.a(_cmpsf2.o)
 .debug_aranges
                0x000001a0       0x20 /cygdrive/C/cygwin/GNUARM/bin/../lib/gcc/arm-elf/4.0.2/thumb/interwork/libgcc.a(_fixsfsi.o)
 .debug_aranges
                0x000001c0       0x20 /cygdrive/C/cygwin/GNUARM/bin/../lib/gcc/arm-elf/4.0.2/thumb/interwork/libgcc.a(_fixunssfsi.o)
 .debug_aranges
                0x000001e0       0x20 /cygdrive/C/cygwin/GNUARM/bin/../lib/gcc/arm-elf/4.0.2/thumb/interwork/libgcc.a(_muldi3.o)
 .debug_aranges
                0x00000200       0x20 /cygdrive/C/cygwin/GNUARM/bin/../lib/gcc/arm-elf/4.0.2/thumb/interwork/libgcc.a(_divdi3.o)
 .debug_aranges
                0x00000220       0x20 /cygdrive/C/cygwin/GNUARM/bin/../lib/gcc/arm-elf/4.0.2/../../../../arm-elf/lib/thumb/interwork/libc.a(memcpy.o)
 .debug_aranges
                0x00000240       0x20 /cygdrive/C/cygwin/GNUARM/bin/../lib/gcc/arm-elf/4.0.2/../../../../arm-elf/lib/thumb/interwork/libc.a(memset.o)
 .debug_aranges
                0x00000260       0x20 /cygdrive/C/cygwin/GNUARM/bin/../lib/gcc/arm-elf/4.0.2/../../../../arm-elf/lib/thumb/interwork/libc.a(strcmp.o)
 .debug_aranges
                0x00000280       0x20 /cygdrive/C/cygwin/GNUARM/bin/../lib/gcc/arm-elf/4.0.2/../../../../arm-elf/lib/thumb/interwork/libc.a(strcpy.o)
 .debug_aranges
                0x000002a0       0x20 /cygdrive/C/cygwin/GNUARM/bin/../lib/gcc/arm-elf/4.0.2/../../../../arm-elf/lib/thumb/interwork/libc.a(strlen.o)
 .debug_aranges
                0x000002c0       0x20 /cygdrive/C/cygwin/GNUARM/bin/../lib/gcc/arm-elf/4.0.2/../../../../arm-elf/lib/thumb/interwork/libc.a(strncpy.o)

.debug_frame    0x00000000      0x180
 .debug_frame   0x00000000       0x38 /cygdrive/C/cygwin/GNUARM/bin/../lib/gcc/arm-elf/4.0.2/thumb/interwork/libgcc.a(_muldi3.o)
 .debug_frame   0x00000038       0x3c /cygdrive/C/cygwin/GNUARM/bin/../lib/gcc/arm-elf/4.0.2/thumb/interwork/libgcc.a(_divdi3.o)
 .debug_frame   0x00000074       0x2c /cygdrive/C/cygwin/GNUARM/bin/../lib/gcc/arm-elf/4.0.2/../../../../arm-elf/lib/thumb/interwork/libc.a(memcpy.o)
 .debug_frame   0x000000a0       0x2c /cygdrive/C/cygwin/GNUARM/bin/../lib/gcc/arm-elf/4.0.2/../../../../arm-elf/lib/thumb/interwork/libc.a(memset.o)
 .debug_frame   0x000000cc       0x2c /cygdrive/C/cygwin/GNUARM/bin/../lib/gcc/arm-elf/4.0.2/../../../../arm-elf/lib/thumb/interwork/libc.a(strcmp.o)
 .debug_frame   0x000000f8       0x2c /cygdrive/C/cygwin/GNUARM/bin/../lib/gcc/arm-elf/4.0.2/../../../../arm-elf/lib/thumb/interwork/libc.a(strcpy.o)
 .debug_frame   0x00000124       0x2c /cygdrive/C/cygwin/GNUARM/bin/../lib/gcc/arm-elf/4.0.2/../../../../arm-elf/lib/thumb/interwork/libc.a(strlen.o)
 .debug_frame   0x00000150       0x30 /cygdrive/C/cygwin/GNUARM/bin/../lib/gcc/arm-elf/4.0.2/../../../../arm-elf/lib/thumb/interwork/libc.a(strncpy.o)

.debug_loc      0x00000000     0x13c0
 .debug_loc     0x00000000      0x156 /cygdrive/C/cygwin/GNUARM/bin/../lib/gcc/arm-elf/4.0.2/thumb/interwork/libgcc.a(_muldi3.o)
 .debug_loc     0x00000156      0xd45 /cygdrive/C/cygwin/GNUARM/bin/../lib/gcc/arm-elf/4.0.2/thumb/interwork/libgcc.a(_divdi3.o)
 .debug_loc     0x00000e9b      0x127 /cygdrive/C/cygwin/GNUARM/bin/../lib/gcc/arm-elf/4.0.2/../../../../arm-elf/lib/thumb/interwork/libc.a(memcpy.o)
 .debug_loc     0x00000fc2      0x12a /cygdrive/C/cygwin/GNUARM/bin/../lib/gcc/arm-elf/4.0.2/../../../../arm-elf/lib/thumb/interwork/libc.a(memset.o)
 .debug_loc     0x000010ec       0x8e /cygdrive/C/cygwin/GNUARM/bin/../lib/gcc/arm-elf/4.0.2/../../../../arm-elf/lib/thumb/interwork/libc.a(strcmp.o)
 .debug_loc     0x0000117a       0xb4 /cygdrive/C/cygwin/GNUARM/bin/../lib/gcc/arm-elf/4.0.2/../../../../arm-elf/lib/thumb/interwork/libc.a(strcpy.o)
 .debug_loc     0x0000122e       0x3c /cygdrive/C/cygwin/GNUARM/bin/../lib/gcc/arm-elf/4.0.2/../../../../arm-elf/lib/thumb/interwork/libc.a(strlen.o)
 .debug_loc     0x0000126a      0x156 /cygdrive/C/cygwin/GNUARM/bin/../lib/gcc/arm-elf/4.0.2/../../../../arm-elf/lib/thumb/interwork/libc.a(strncpy.o)

.debug_pubnames
                0x00000000      0x10d
 .debug_pubnames
                0x00000000       0x1f /cygdrive/C/cygwin/GNUARM/bin/../lib/gcc/arm-elf/4.0.2/thumb/interwork/libgcc.a(_muldi3.o)
 .debug_pubnames
                0x0000001f       0x1f /cygdrive/C/cygwin/GNUARM/bin/../lib/gcc/arm-elf/4.0.2/thumb/interwork/libgcc.a(_divdi3.o)
 .debug_pubnames
                0x0000003e       0x20 /cygdrive/C/cygwin/GNUARM/bin/../lib/gcc/arm-elf/4.0.2/thumb/interwork/libgcc.a(_clz.o)
 .debug_pubnames
                0x0000005e       0x1d /cygdrive/C/cygwin/GNUARM/bin/../lib/gcc/arm-elf/4.0.2/../../../../arm-elf/lib/thumb/interwork/libc.a(memcpy.o)
 .debug_pubnames
                0x0000007b       0x1d /cygdrive/C/cygwin/GNUARM/bin/../lib/gcc/arm-elf/4.0.2/../../../../arm-elf/lib/thumb/interwork/libc.a(memset.o)
 .debug_pubnames
                0x00000098       0x1d /cygdrive/C/cygwin/GNUARM/bin/../lib/gcc/arm-elf/4.0.2/../../../../arm-elf/lib/thumb/interwork/libc.a(strcmp.o)
 .debug_pubnames
                0x000000b5       0x1d /cygdrive/C/cygwin/GNUARM/bin/../lib/gcc/arm-elf/4.0.2/../../../../arm-elf/lib/thumb/interwork/libc.a(strcpy.o)
 .debug_pubnames
                0x000000d2       0x1d /cygdrive/C/cygwin/GNUARM/bin/../lib/gcc/arm-elf/4.0.2/../../../../arm-elf/lib/thumb/interwork/libc.a(strlen.o)
 .debug_pubnames
                0x000000ef       0x1e /cygdrive/C/cygwin/GNUARM/bin/../lib/gcc/arm-elf/4.0.2/../../../../arm-elf/lib/thumb/interwork/libc.a(strncpy.o)

.debug_ranges   0x00000000      0x1d8
 .debug_ranges  0x00000000       0x30 /cygdrive/C/cygwin/GNUARM/bin/../lib/gcc/arm-elf/4.0.2/thumb/interwork/libgcc.a(_muldi3.o)
 .debug_ranges  0x00000030      0x1a8 /cygdrive/C/cygwin/GNUARM/bin/../lib/gcc/arm-elf/4.0.2/thumb/interwork/libgcc.a(_divdi3.o)

.debug_str      0x00000000      0x38b
 .debug_str     0x00000000       0xfb /cygdrive/C/cygwin/GNUARM/bin/../lib/gcc/arm-elf/4.0.2/thumb/interwork/libgcc.a(_muldi3.o)
                                0x14f (size before relaxing)
 .debug_str     0x000000fb       0x5d /cygdrive/C/cygwin/GNUARM/bin/../lib/gcc/arm-elf/4.0.2/thumb/interwork/libgcc.a(_divdi3.o)
                                0x1a3 (size before relaxing)
 .debug_str     0x00000158        0x0 /cygdrive/C/cygwin/GNUARM/bin/../lib/gcc/arm-elf/4.0.2/thumb/interwork/libgcc.a(_clz.o)
                                0x104 (size before relaxing)
 .debug_str     0x00000158       0xb3 /cygdrive/C/cygwin/GNUARM/bin/../lib/gcc/arm-elf/4.0.2/../../../../arm-elf/lib/thumb/interwork/libc.a(memcpy.o)
                                 0xdf (size before relaxing)